ARM Linker, 5.03 [Build 76] [MDK-ARM Lite]

==============================================================================

Section Cross References

    app.o(i.main) refers to usbd_core.o(i.USBD_Init) for USBD_Init
    app.o(i.main) refers to stm322xg_eval.o(i.STM_EVAL_LEDToggle) for STM_EVAL_LEDToggle
    app.o(i.main) refers to usbd_usr.o(.data) for USR_cb
    app.o(i.main) refers to usbd_cdc_core.o(.data) for USBD_CDC_cb
    app.o(i.main) refers to usbd_desc.o(.data) for USR_desc
    app.o(i.main) refers to app.o(.bss) for .bss
    usb_bsp.o(i.USB_OTG_BSP_EnableInterrupt) refers to misc.o(i.NVIC_PriorityGroupConfig) for NVIC_PriorityGroupConfig
    usb_bsp.o(i.USB_OTG_BSP_EnableInterrupt) refers to misc.o(i.NVIC_Init) for NVIC_Init
    usb_bsp.o(i.USB_OTG_BSP_Init) refers to stm32f2xx_rcc.o(i.RCC_AHB1PeriphClockCmd) for RCC_AHB1PeriphClockCmd
    usb_bsp.o(i.USB_OTG_BSP_Init) refers to stm32f2xx_gpio.o(i.GPIO_Init) for GPIO_Init
    usb_bsp.o(i.USB_OTG_BSP_Init) refers to stm32f2xx_gpio.o(i.GPIO_PinAFConfig) for GPIO_PinAFConfig
    usb_bsp.o(i.USB_OTG_BSP_Init) refers to stm32f2xx_rcc.o(i.RCC_APB2PeriphClockCmd) for RCC_APB2PeriphClockCmd
    usb_bsp.o(i.USB_OTG_BSP_Init) refers to stm32f2xx_rcc.o(i.RCC_AHB2PeriphClockCmd) for RCC_AHB2PeriphClockCmd
    usb_bsp.o(i.USB_OTG_BSP_mDelay) refers to usb_bsp.o(i.USB_OTG_BSP_uDelay) for USB_OTG_BSP_uDelay
    usbd_usr.o(i.USBD_USR_DeviceConfigured) refers to printfb.o(i.__0printf$bare) for __2printf
    usbd_usr.o(i.USBD_USR_DeviceConfigured) refers to lcd_log.o(.data) for LCD_LineColor
    usbd_usr.o(i.USBD_USR_DeviceConnected) refers to printfb.o(i.__0printf$bare) for __2printf
    usbd_usr.o(i.USBD_USR_DeviceConnected) refers to lcd_log.o(.data) for LCD_LineColor
    usbd_usr.o(i.USBD_USR_DeviceDisconnected) refers to printfb.o(i.__0printf$bare) for __2printf
    usbd_usr.o(i.USBD_USR_DeviceDisconnected) refers to lcd_log.o(.data) for LCD_LineColor
    usbd_usr.o(i.USBD_USR_DeviceReset) refers to lcd_log.o(i.LCD_LOG_SetFooter) for LCD_LOG_SetFooter
    usbd_usr.o(i.USBD_USR_DeviceResumed) refers to printfb.o(i.__0printf$bare) for __2printf
    usbd_usr.o(i.USBD_USR_DeviceResumed) refers to lcd_log.o(.data) for LCD_LineColor
    usbd_usr.o(i.USBD_USR_DeviceSuspended) refers to printfb.o(i.__0printf$bare) for __2printf
    usbd_usr.o(i.USBD_USR_DeviceSuspended) refers to lcd_log.o(.data) for LCD_LineColor
    usbd_usr.o(i.USBD_USR_Init) refers to stm322xg_eval.o(i.STM_EVAL_LEDInit) for STM_EVAL_LEDInit
    usbd_usr.o(i.USBD_USR_Init) refers to stm322xg_eval_lcd.o(i.STM322xG_LCD_Init) for STM322xG_LCD_Init
    usbd_usr.o(i.USBD_USR_Init) refers to lcd_log.o(i.LCD_LOG_Init) for LCD_LOG_Init
    usbd_usr.o(i.USBD_USR_Init) refers to lcd_log.o(i.LCD_LOG_SetHeader) for LCD_LOG_SetHeader
    usbd_usr.o(i.USBD_USR_Init) refers to printfb.o(i.__0printf$bare) for __2printf
    usbd_usr.o(i.USBD_USR_Init) refers to lcd_log.o(i.LCD_LOG_SetFooter) for LCD_LOG_SetFooter
    usbd_usr.o(i.USBD_USR_Init) refers to lcd_log.o(.data) for LCD_LineColor
    usbd_usr.o(.data) refers to usbd_usr.o(i.USBD_USR_Init) for USBD_USR_Init
    usbd_usr.o(.data) refers to usbd_usr.o(i.USBD_USR_DeviceReset) for USBD_USR_DeviceReset
    usbd_usr.o(.data) refers to usbd_usr.o(i.USBD_USR_DeviceConfigured) for USBD_USR_DeviceConfigured
    usbd_usr.o(.data) refers to usbd_usr.o(i.USBD_USR_DeviceSuspended) for USBD_USR_DeviceSuspended
    usbd_usr.o(.data) refers to usbd_usr.o(i.USBD_USR_DeviceResumed) for USBD_USR_DeviceResumed
    usbd_usr.o(.data) refers to usbd_usr.o(i.USBD_USR_DeviceConnected) for USBD_USR_DeviceConnected
    usbd_usr.o(.data) refers to usbd_usr.o(i.USBD_USR_DeviceDisconnected) for USBD_USR_DeviceDisconnected
    usbd_cdc_vcp.o(i.USART3_IRQHandler) refers to stm32f2xx_usart.o(i.USART_GetITStatus) for USART_GetITStatus
    usbd_cdc_vcp.o(i.USART3_IRQHandler) refers to usbd_cdc_vcp.o(i.VCP_DataTx) for VCP_DataTx
    usbd_cdc_vcp.o(i.USART3_IRQHandler) refers to stm32f2xx_usart.o(i.USART_GetFlagStatus) for USART_GetFlagStatus
    usbd_cdc_vcp.o(i.USART3_IRQHandler) refers to stm32f2xx_usart.o(i.USART_ReceiveData) for USART_ReceiveData
    usbd_cdc_vcp.o(i.VCP_COMConfig) refers to stm322xg_eval.o(i.STM_EVAL_COMInit) for STM_EVAL_COMInit
    usbd_cdc_vcp.o(i.VCP_COMConfig) refers to stm32f2xx_usart.o(i.USART_ITConfig) for USART_ITConfig
    usbd_cdc_vcp.o(i.VCP_COMConfig) refers to usbd_cdc_vcp.o(.bss) for .bss
    usbd_cdc_vcp.o(i.VCP_COMConfig) refers to usbd_cdc_vcp.o(.data) for .data
    usbd_cdc_vcp.o(i.VCP_Ctrl) refers to usbd_cdc_vcp.o(i.VCP_COMConfig) for VCP_COMConfig
    usbd_cdc_vcp.o(i.VCP_Ctrl) refers to usbd_cdc_vcp.o(.data) for .data
    usbd_cdc_vcp.o(i.VCP_DataRx) refers to stm32f2xx_usart.o(i.USART_SendData) for USART_SendData
    usbd_cdc_vcp.o(i.VCP_DataRx) refers to stm32f2xx_usart.o(i.USART_GetFlagStatus) for USART_GetFlagStatus
    usbd_cdc_vcp.o(i.VCP_DataTx) refers to stm32f2xx_usart.o(i.USART_ReceiveData) for USART_ReceiveData
[...]
    ../fplib/microlib/fpmul.c                0x00000000   Number         0  dmul.o ABSOLUTE
    ..\..\..\..\Libraries\CMSIS\Device\ST\STM32F2xx\Source\Templates\arm\startup_stm32f2xx.s 0x00000000   Number         0  startup_stm32f2xx.o ABSOLUTE
    ..\..\..\..\Libraries\STM32F2xx_StdPeriph_Driver\src\misc.c 0x00000000   Number         0  misc.o ABSOLUTE
    ..\..\..\..\Libraries\STM32F2xx_StdPeriph_Driver\src\stm32f2xx_dma.c 0x00000000   Number         0  stm32f2xx_dma.o ABSOLUTE
    ..\..\..\..\Libraries\STM32F2xx_StdPeriph_Driver\src\stm32f2xx_exti.c 0x00000000   Number         0  stm32f2xx_exti.o ABSOLUTE
    ..\..\..\..\Libraries\STM32F2xx_StdPeriph_Driver\src\stm32f2xx_flash.c 0x00000000   Number         0  stm32f2xx_flash.o ABSOLUTE
    ..\..\..\..\Libraries\STM32F2xx_StdPeriph_Driver\src\stm32f2xx_fsmc.c 0x00000000   Number         0  stm32f2xx_fsmc.o ABSOLUTE
    ..\..\..\..\Libraries\STM32F2xx_StdPeriph_Driver\src\stm32f2xx_gpio.c 0x00000000   Number         0  stm32f2xx_gpio.o ABSOLUTE
    ..\..\..\..\Libraries\STM32F2xx_StdPeriph_Driver\src\stm32f2xx_i2c.c 0x00000000   Number         0  stm32f2xx_i2c.o ABSOLUTE
    ..\..\..\..\Libraries\STM32F2xx_StdPeriph_Driver\src\stm32f2xx_pwr.c 0x00000000   Number         0  stm32f2xx_pwr.o ABSOLUTE
    ..\..\..\..\Libraries\STM32F2xx_StdPeriph_Driver\src\stm32f2xx_rcc.c 0x00000000   Number         0  stm32f2xx_rcc.o ABSOLUTE
    ..\..\..\..\Libraries\STM32F2xx_StdPeriph_Driver\src\stm32f2xx_sdio.c 0x00000000   Number         0  stm32f2xx_sdio.o ABSOLUTE
    ..\..\..\..\Libraries\STM32F2xx_StdPeriph_Driver\src\stm32f2xx_spi.c 0x00000000   Number         0  stm32f2xx_spi.o ABSOLUTE
    ..\..\..\..\Libraries\STM32F2xx_StdPeriph_Driver\src\stm32f2xx_syscfg.c 0x00000000   Number         0  stm32f2xx_syscfg.o ABSOLUTE
    ..\..\..\..\Libraries\STM32F2xx_StdPeriph_Driver\src\stm32f2xx_usart.c 0x00000000   Number         0  stm32f2xx_usart.o ABSOLUTE
    ..\..\..\..\Libraries\STM32_USB_Device_Library\Class\cdc\src\usbd_cdc_core.c 0x00000000   Number         0  usbd_cdc_core.o ABSOLUTE
    ..\..\..\..\Libraries\STM32_USB_Device_Library\Core\src\usbd_core.c 0x00000000   Number         0  usbd_core.o ABSOLUTE
    ..\..\..\..\Libraries\STM32_USB_Device_Library\Core\src\usbd_ioreq.c 0x00000000   Number         0  usbd_ioreq.o ABSOLUTE
    ..\..\..\..\Libraries\STM32_USB_Device_Library\Core\src\usbd_req.c 0x00000000   Number         0  usbd_req.o ABSOLUTE
    ..\..\..\..\Libraries\STM32_USB_OTG_Driver\src\usb_core.c 0x00000000   Number         0  usb_core.o ABSOLUTE
    ..\..\..\..\Libraries\STM32_USB_OTG_Driver\src\usb_dcd.c 0x00000000   Number         0  usb_dcd.o ABSOLUTE
    ..\..\..\..\Libraries\STM32_USB_OTG_Driver\src\usb_dcd_int.c 0x00000000   Number         0  usb_dcd_int.o ABSOLUTE
    ..\..\..\..\Utilities\STM32_EVAL\Common\lcd_log.c 0x00000000   Number         0  lcd_log.o ABSOLUTE
    ..\..\..\..\Utilities\STM32_EVAL\STM322xG_EVAL\stm322xg_eval.c 0x00000000   Number         0  stm322xg_eval.o ABSOLUTE
    ..\..\..\..\Utilities\STM32_EVAL\STM322xG_EVAL\stm322xg_eval_ioe.c 0x00000000   Number         0  stm322xg_eval_ioe.o ABSOLUTE
    ..\..\..\..\Utilities\STM32_EVAL\STM322xG_EVAL\stm322xg_eval_lcd.c 0x00000000   Number         0  stm322xg_eval_lcd.o ABSOLUTE
    ..\..\..\..\Utilities\STM32_EVAL\STM322xG_EVAL\stm322xg_eval_sdio_sd.c 0x00000000   Number         0  stm322xg_eval_sdio_sd.o ABSOLUTE
    ..\\..\\..\\..\\Libraries\\STM32F2xx_StdPeriph_Driver\\src\\misc.c 0x00000000   Number         0  misc.o ABSOLUTE
    ..\\..\\..\\..\\Libraries\\STM32F2xx_StdPeriph_Driver\\src\\stm32f2xx_dma.c 0x00000000   Number         0  stm32f2xx_dma.o ABSOLUTE
    ..\\..\\..\\..\\Libraries\\STM32F2xx_StdPeriph_Driver\\src\\stm32f2xx_exti.c 0x00000000   Number         0  stm32f2xx_exti.o ABSOLUTE
    ..\\..\\..\\..\\Libraries\\STM32F2xx_StdPeriph_Driver\\src\\stm32f2xx_flash.c 0x00000000   Number         0  stm32f2xx_flash.o ABSOLUTE
    ..\\..\\..\\..\\Libraries\\STM32F2xx_StdPeriph_Driver\\src\\stm32f2xx_fsmc.c 0x00000000   Number         0  stm32f2xx_fsmc.o ABSOLUTE
    ..\\..\\..\\..\\Libraries\\STM32F2xx_StdPeriph_Driver\\src\\stm32f2xx_gpio.c 0x00000000   Number         0  stm32f2xx_gpio.o ABSOLUTE
    ..\\..\\..\\..\\Libraries\\STM32F2xx_StdPeriph_Driver\\src\\stm32f2xx_i2c.c 0x00000000   Number         0  stm32f2xx_i2c.o ABSOLUTE
    ..\\..\\..\\..\\Libraries\\STM32F2xx_StdPeriph_Driver\\src\\stm32f2xx_pwr.c 0x00000000   Number         0  stm32f2xx_pwr.o ABSOLUTE
    ..\\..\\..\\..\\Libraries\\STM32F2xx_StdPeriph_Driver\\src\\stm32f2xx_rcc.c 0x00000000   Number         0  stm32f2xx_rcc.o ABSOLUTE
    ..\\..\\..\\..\\Libraries\\STM32F2xx_StdPeriph_Driver\\src\\stm32f2xx_sdio.c 0x00000000   Number         0  stm32f2xx_sdio.o ABSOLUTE
    ..\\..\\..\\..\\Libraries\\STM32F2xx_StdPeriph_Driver\\src\\stm32f2xx_spi.c 0x00000000   Number         0  stm32f2xx_spi.o ABSOLUTE
    ..\\..\\..\\..\\Libraries\\STM32F2xx_StdPeriph_Driver\\src\\stm32f2xx_syscfg.c 0x00000000   Number         0  stm32f2xx_syscfg.o ABSOLUTE
    ..\\..\\..\\..\\Libraries\\STM32F2xx_StdPeriph_Driver\\src\\stm32f2xx_usart.c 0x00000000   Number         0  stm32f2xx_usart.o ABSOLUTE
    ..\\..\\..\\..\\Libraries\\STM32_USB_Device_Library\\Class\\cdc\\src\\usbd_cdc_core.c 0x00000000   Number         0  usbd_cdc_core.o ABSOLUTE
    ..\\..\\..\\..\\Libraries\\STM32_USB_Device_Library\\Core\\src\\usbd_core.c 0x00000000   Number         0  usbd_core.o ABSOLUTE
    ..\\..\\..\\..\\Libraries\\STM32_USB_Device_Library\\Core\\src\\usbd_ioreq.c 0x00000000   Number         0  usbd_ioreq.o ABSOLUTE
    ..\\..\\..\\..\\Libraries\\STM32_USB_Device_Library\\Core\\src\\usbd_req.c 0x00000000   Number         0  usbd_req.o ABSOLUTE
    ..\\..\\..\\..\\Libraries\\STM32_USB_OTG_Driver\\src\\usb_core.c 0x00000000   Number         0  usb_core.o ABSOLUTE
    ..\\..\\..\\..\\Libraries\\STM32_USB_OTG_Driver\\src\\usb_dcd.c 0x00000000   Number         0  usb_dcd.o ABSOLUTE
    ..\\..\\..\\..\\Libraries\\STM32_USB_OTG_Driver\\src\\usb_dcd_int.c 0x00000000   Number         0  usb_dcd_int.o ABSOLUTE
    ..\\..\\..\\..\\Utilities\\STM32_EVAL\\Common\\lcd_log.c 0x00000000   Number         0  lcd_log.o ABSOLUTE
    ..\\..\\..\\..\\Utilities\\STM32_EVAL\\STM322xG_EVAL\\stm322xg_eval.c 0x00000000   Number         0  stm322xg_eval.o ABSOLUTE
    ..\\..\\..\\..\\Utilities\\STM32_EVAL\\STM322xG_EVAL\\stm322xg_eval_ioe.c 0x00000000   Number         0  stm322xg_eval_ioe.o ABSOLUTE
    ..\\..\\..\\..\\Utilities\\STM32_EVAL\\STM322xG_EVAL\\stm322xg_eval_lcd.c 0x00000000   Number         0  stm322xg_eval_lcd.o ABSOLUTE
    ..\\..\\..\\..\\Utilities\\STM32_EVAL\\STM322xG_EVAL\\stm322xg_eval_sdio_sd.c 0x00000000   Number         0  stm322xg_eval_sdio_sd.o ABSOLUTE
    ..\\src\\app.c                           0x00000000   Number         0  app.o ABSOLUTE
    ..\\src\\stm32fxxx_it.c                  0x00000000   Number         0  stm32fxxx_it.o ABSOLUTE
    ..\\src\\system_stm32f2xx.c              0x00000000   Number         0  system_stm32f2xx.o ABSOLUTE
    ..\\src\\usb_bsp.c                       0x00000000   Number         0  usb_bsp.o ABSOLUTE
    ..\\src\\usbd_cdc_vcp.c                  0x00000000   Number         0  usbd_cdc_vcp.o ABSOLUTE
    ..\\src\\usbd_desc.c                     0x00000000   Number         0  usbd_desc.o ABSOLUTE
    ..\\src\\usbd_usr.c                      0x00000000   Number         0  usbd_usr.o ABSOLUTE
    ..\src\app.c                             0x00000000   Number         0  app.o ABSOLUTE
    ..\src\stm32fxxx_it.c                    0x00000000   Number         0  stm32fxxx_it.o ABSOLUTE
    ..\src\system_stm32f2xx.c                0x00000000   Number         0  system_stm32f2xx.o ABSOLUTE
    ..\src\usb_bsp.c                         0x00000000   Number         0  usb_bsp.o ABSOLUTE
    ..\src\usbd_cdc_vcp.c                    0x00000000   Number         0  usbd_cdc_vcp.o ABSOLUTE
    ..\src\usbd_desc.c                       0x00000000   Number         0  usbd_desc.o ABSOLUTE
    ..\src\usbd_usr.c                        0x00000000   Number         0  usbd_usr.o ABSOLUTE
    cdcmple.s                                0x00000000   Number         0  cdcmple.o ABSOLUTE
    cdrcmple.s                               0x00000000   Number         0  cdrcmple.o ABSOLUTE
    dc.s                                     0x00000000   Number         0  dc.o ABSOLUTE
    handlers.s                               0x00000000   Number         0  handlers.o ABSOLUTE
    init.s                                   0x00000000   Number         0  init.o ABSOLUTE
    RESET                                    0x08000000   Section      388  startup_stm32f2xx.o(RESET)
    .ARM.Collect$$$$00000000                 0x08000184   Section        0  entry.o(.ARM.Collect$$$$00000000)
    .ARM.Collect$$$$00000001                 0x08000184   Section        4  entry2.o(.ARM.Collect$$$$00000001)
    .ARM.Collect$$$$00000004                 0x08000188   Section        4  entry5.o(.ARM.Collect$$$$00000004)
    .ARM.Collect$$$$00000008                 0x0800018c   Section        0  entry7b.o(.ARM.Collect$$$$00000008)
    .ARM.Collect$$$$0000000A                 0x0800018c   Section        0  entry8b.o(.ARM.Collect$$$$0000000A)
    .ARM.Collect$$$$0000000B                 0x0800018c   Section        8  entry9a.o(.ARM.Collect$$$$0000000B)
    .ARM.Collect$$$$0000000D                 0x08000194   Section        0  entry10a.o(.ARM.Collect$$$$0000000D)
    .ARM.Collect$$$$0000000F                 0x08000194   Section        0  entry11a.o(.ARM.Collect$$$$0000000F)
    .ARM.Collect$$$$00002712                 0x08000194   Section        4  entry2.o(.ARM.Collect$$$$00002712)
    __lit__00000000                          0x08000194   Data           4  entry2.o(.ARM.Collect$$$$00002712)
    .text                                    0x08000198   Section       36  startup_stm32f2xx.o(.text)
    .text                                    0x080001bc   Section       36  init.o(.text)
    .text                                    0x080001e0   Section        0  __dczerorl2.o(.text)
    i.BusFault_Handler                       0x0800023c   Section        0  stm32fxxx_it.o(i.BusFault_Handler)
    i.DCD_EP_Close                           0x0800023e   Section        0  usb_dcd.o(i.DCD_EP_Close)
    i.DCD_EP_ClrStall                        0x0800026a   Section        0  usb_dcd.o(i.DCD_EP_ClrStall)
    i.DCD_EP_Open                            0x080002a2   Section        0  usb_dcd.o(i.DCD_EP_Open)
    i.DCD_EP_PrepareRx                       0x080002de   Section        0  usb_dcd.o(i.DCD_EP_PrepareRx)
    i.DCD_EP_SetAddress                      0x08000318   Section        0  usb_dcd.o(i.DCD_EP_SetAddress)
    i.DCD_EP_Stall                           0x08000328   Section        0  usb_dcd.o(i.DCD_EP_Stall)
    i.DCD_EP_Tx                              0x08000360   Section        0  usb_dcd.o(i.DCD_EP_Tx)
    i.DCD_HandleInEP_ISR                     0x08000398   Section        0  usb_dcd_int.o(i.DCD_HandleInEP_ISR)
    DCD_HandleInEP_ISR                       0x08000399   Thumb Code   198  usb_dcd_int.o(i.DCD_HandleInEP_ISR)
    i.DCD_HandleOutEP_ISR                    0x08000464   Section        0  usb_dcd_int.o(i.DCD_HandleOutEP_ISR)
    DCD_HandleOutEP_ISR                      0x08000465   Thumb Code   166  usb_dcd_int.o(i.DCD_HandleOutEP_ISR)
    i.DCD_HandleRxStatusQueueLevel_ISR       0x08000510   Section        0  usb_dcd_int.o(i.DCD_HandleRxStatusQueueLevel_ISR)
    DCD_HandleRxStatusQueueLevel_ISR         0x08000511   Thumb Code   124  usb_dcd_int.o(i.DCD_HandleRxStatusQueueLevel_ISR)
    i.DCD_HandleUSBSuspend_ISR               0x0800058c   Section        0  usb_dcd_int.o(i.DCD_HandleUSBSuspend_ISR)
    DCD_HandleUSBSuspend_ISR                 0x0800058d   Thumb Code   102  usb_dcd_int.o(i.DCD_HandleUSBSuspend_ISR)
    i.DCD_HandleUsbReset_ISR                 0x080005fc   Section        0  usb_dcd_int.o(i.DCD_HandleUsbReset_ISR)
    DCD_HandleUsbReset_ISR                   0x080005fd   Thumb Code   128  usb_dcd_int.o(i.DCD_HandleUsbReset_ISR)
    i.DCD_Init                               0x08000680   Section        0  usb_dcd.o(i.DCD_Init)
    i.DCD_WriteEmptyTxFifo                   0x0800070a   Section        0  usb_dcd_int.o(i.DCD_WriteEmptyTxFifo)
    DCD_WriteEmptyTxFifo                     0x0800070b   Thumb Code   122  usb_dcd_int.o(i.DCD_WriteEmptyTxFifo)
    i.DebugMon_Handler                       0x08000784   Section        0  stm32fxxx_it.o(i.DebugMon_Handler)
    i.EXTI_ClearITPendingBit                 0x08000788   Section        0  stm32f2xx_exti.o(i.EXTI_ClearITPendingBit)
    i.FSMC_NORSRAMCmd                        0x08000794   Section        0  stm32f2xx_fsmc.o(i.FSMC_NORSRAMCmd)
    i.FSMC_NORSRAMInit                       0x080007b4   Section        0  stm32f2xx_fsmc.o(i.FSMC_NORSRAMInit)
    i.GPIO_Init                              0x08000874   Section        0  stm32f2xx_gpio.o(i.GPIO_Init)
    i.GPIO_PinAFConfig                       0x08000916   Section        0  stm32f2xx_gpio.o(i.GPIO_PinAFConfig)
    i.Handle_USBAsynchXfer                   0x08000938   Section        0  usbd_cdc_core.o(i.Handle_USBAsynchXfer)
    Handle_USBAsynchXfer                     0x08000939   Thumb Code    94  usbd_cdc_core.o(i.Handle_USBAsynchXfer)
    i.HardFault_Handler                      0x080009a0   Section        0  stm32fxxx_it.o(i.HardFault_Handler)
    i.LCD_Clear                              0x080009a2   Section        0  stm322xg_eval_lcd.o(i.LCD_Clear)
    i.LCD_ClearLine                          0x080009c8   Section        0  stm322xg_eval_lcd.o(i.LCD_ClearLine)
    i.LCD_CtrlLinesConfig                    0x080009f8   Section        0  stm322xg_eval_lcd.o(i.LCD_CtrlLinesConfig)
    i.LCD_DisplayChar                        0x08000b2c   Section        0  stm322xg_eval_lcd.o(i.LCD_DisplayChar)
    i.LCD_DisplayStringLine                  0x08000b4c   Section        0  stm322xg_eval_lcd.o(i.LCD_DisplayStringLine)
    i.LCD_DrawChar                           0x08000b84   Section        0  stm322xg_eval_lcd.o(i.LCD_DrawChar)
    i.LCD_FSMCConfig                         0x08000c00   Section        0  stm322xg_eval_lcd.o(i.LCD_FSMCConfig)
    i.LCD_GetFont                            0x08000c58   Section        0  stm322xg_eval_lcd.o(i.LCD_GetFont)
    i.LCD_LOG_DeInit                         0x08000c64   Section        0  lcd_log.o(i.LCD_LOG_DeInit)
    i.LCD_LOG_Init                           0x08000c8c   Section        0  lcd_log.o(i.LCD_LOG_Init)
    i.LCD_LOG_SetFooter                      0x08000c9c   Section        0  lcd_log.o(i.LCD_LOG_SetFooter)
    i.LCD_LOG_SetHeader                      0x08000d00   Section        0  lcd_log.o(i.LCD_LOG_SetHeader)
    i.LCD_LOG_UpdateDisplay                  0x08000d90   Section        0  lcd_log.o(i.LCD_LOG_UpdateDisplay)
    LCD_LOG_UpdateDisplay                    0x08000d91   Thumb Code   150  lcd_log.o(i.LCD_LOG_UpdateDisplay)
    i.LCD_ReadReg                            0x08000e30   Section        0  stm322xg_eval_lcd.o(i.LCD_ReadReg)
    i.LCD_SetBackColor                       0x08000e3c   Section        0  stm322xg_eval_lcd.o(i.LCD_SetBackColor)
    i.LCD_SetCursor                          0x08000e4c   Section        0  stm322xg_eval_lcd.o(i.LCD_SetCursor)
    i.LCD_SetFont                            0x08000e64   Section        0  stm322xg_eval_lcd.o(i.LCD_SetFont)
    i.LCD_SetTextColor                       0x08000e70   Section        0  stm322xg_eval_lcd.o(i.LCD_SetTextColor)
    i.LCD_WriteReg                           0x08000e80   Section        0  stm322xg_eval_lcd.o(i.LCD_WriteReg)
    i.MemManage_Handler                      0x08000e8a   Section        0  stm32fxxx_it.o(i.MemManage_Handler)
    i.NMI_Handler                            0x08000e8c   Section        0  stm32fxxx_it.o(i.NMI_Handler)
    i.NVIC_Init                              0x08000e90   Section        0  misc.o(i.NVIC_Init)
    i.NVIC_PriorityGroupConfig               0x08000ef4   Section        0  misc.o(i.NVIC_PriorityGroupConfig)
    i.OTG_FS_IRQHandler                      0x08000f08   Section        0  stm32fxxx_it.o(i.OTG_FS_IRQHandler)
    i.OTG_FS_WKUP_IRQHandler                 0x08000f14   Section        0  stm32fxxx_it.o(i.OTG_FS_WKUP_IRQHandler)
    i.PendSV_Handler                         0x08000f44   Section        0  stm32fxxx_it.o(i.PendSV_Handler)
    i.RCC_AHB1PeriphClockCmd                 0x08000f48   Section        0  stm32f2xx_rcc.o(i.RCC_AHB1PeriphClockCmd)
    i.RCC_AHB2PeriphClockCmd                 0x08000f60   Section        0  stm32f2xx_rcc.o(i.RCC_AHB2PeriphClockCmd)
    i.RCC_AHB3PeriphClockCmd                 0x08000f78   Section        0  stm32f2xx_rcc.o(i.RCC_AHB3PeriphClockCmd)
    i.RCC_APB1PeriphClockCmd                 0x08000f90   Section        0  stm32f2xx_rcc.o(i.RCC_APB1PeriphClockCmd)
    i.RCC_APB2PeriphClockCmd                 0x08000fa8   Section        0  stm32f2xx_rcc.o(i.RCC_APB2PeriphClockCmd)
    i.RCC_GetClocksFreq                      0x08000fc0   Section        0  stm32f2xx_rcc.o(i.RCC_GetClocksFreq)
    i.STM322xG_LCD_Init                      0x08001054   Section        0  stm322xg_eval_lcd.o(i.STM322xG_LCD_Init)
    i.STM_EVAL_COMInit                       0x08001464   Section        0  stm322xg_eval.o(i.STM_EVAL_COMInit)
    i.STM_EVAL_LEDInit                       0x0800151c   Section        0  stm322xg_eval.o(i.STM_EVAL_LEDInit)
    i.STM_EVAL_LEDToggle                     0x08001564   Section        0  stm322xg_eval.o(i.STM_EVAL_LEDToggle)
    i.SVC_Handler                            0x08001580   Section        0  stm32fxxx_it.o(i.SVC_Handler)
    i.SetSysClock                            0x08001584   Section        0  system_stm32f2xx.o(i.SetSysClock)
    SetSysClock                              0x08001585   Thumb Code   140  system_stm32f2xx.o(i.SetSysClock)
    i.SysTick_Handler                        0x0800161c   Section        0  stm32fxxx_it.o(i.SysTick_Handler)
    i.SystemInit                             0x08001634   Section        0  system_stm32f2xx.o(i.SystemInit)
    i.USART3_IRQHandler                      0x08001684   Section        0  usbd_cdc_vcp.o(i.USART3_IRQHandler)
    i.USART_Cmd                              0x080016b8   Section        0  stm32f2xx_usart.o(i.USART_Cmd)
    i.USART_GetFlagStatus                    0x080016cc   Section        0  stm32f2xx_usart.o(i.USART_GetFlagStatus)
    i.USART_GetITStatus                      0x080016da   Section        0  stm32f2xx_usart.o(i.USART_GetITStatus)
    i.USART_ITConfig                         0x08001718   Section        0  stm32f2xx_usart.o(i.USART_ITConfig)
    i.USART_Init                             0x08001748   Section        0  stm32f2xx_usart.o(i.USART_Init)
    i.USART_ReceiveData                      0x08001800   Section        0  stm32f2xx_usart.o(i.USART_ReceiveData)
    i.USART_SendData                         0x08001808   Section        0  stm32f2xx_usart.o(i.USART_SendData)
    i.USBD_ClrCfg                            0x08001810   Section        0  usbd_core.o(i.USBD_ClrCfg)
    i.USBD_CtlContinueRx                     0x0800181e   Section        0  usbd_ioreq.o(i.USBD_CtlContinueRx)
    i.USBD_CtlContinueSendData               0x08001830   Section        0  usbd_ioreq.o(i.USBD_CtlContinueSendData)
    i.USBD_CtlError                          0x08001842   Section        0  usbd_req.o(i.USBD_CtlError)
    i.USBD_CtlPrepareRx                      0x0800185e   Section        0  usbd_ioreq.o(i.USBD_CtlPrepareRx)
    i.USBD_CtlReceiveStatus                  0x0800187e   Section        0  usbd_ioreq.o(i.USBD_CtlReceiveStatus)
    i.USBD_CtlSendData                       0x080018a0   Section        0  usbd_ioreq.o(i.USBD_CtlSendData)
    i.USBD_CtlSendStatus                     0x080018c0   Section        0  usbd_ioreq.o(i.USBD_CtlSendStatus)
    i.USBD_DataInStage                       0x080018e4   Section        0  usbd_core.o(i.USBD_DataInStage)
    USBD_DataInStage                         0x080018e5   Thumb Code   172  usbd_core.o(i.USBD_DataInStage)
    i.USBD_DataOutStage                      0x08001994   Section        0  usbd_core.o(i.USBD_DataOutStage)
    USBD_DataOutStage                        0x08001995   Thumb Code   120  usbd_core.o(i.USBD_DataOutStage)
    i.USBD_DevConnected                      0x08001a0c   Section        0  usbd_core.o(i.USBD_DevConnected)
    USBD_DevConnected                        0x08001a0d   Thumb Code    22  usbd_core.o(i.USBD_DevConnected)
    i.USBD_DevDisconnected                   0x08001a22   Section        0  usbd_core.o(i.USBD_DevDisconnected)
    USBD_DevDisconnected                     0x08001a23   Thumb Code    32  usbd_core.o(i.USBD_DevDisconnected)
    i.USBD_GetDescriptor                     0x08001a42   Section        0  usbd_req.o(i.USBD_GetDescriptor)
    USBD_GetDescriptor                       0x08001a43   Thumb Code   210  usbd_req.o(i.USBD_GetDescriptor)
    i.USBD_GetString                         0x08001b14   Section        0  usbd_req.o(i.USBD_GetString)
    i.USBD_Init                              0x08001b5a   Section        0  usbd_core.o(i.USBD_Init)
    i.USBD_IsoINIncomplete                   0x08001b90   Section        0  usbd_core.o(i.USBD_IsoINIncomplete)
    USBD_IsoINIncomplete                     0x08001b91   Thumb Code    14  usbd_core.o(i.USBD_IsoINIncomplete)
    i.USBD_IsoOUTIncomplete                  0x08001b9e   Section        0  usbd_core.o(i.USBD_IsoOUTIncomplete)
    USBD_IsoOUTIncomplete                    0x08001b9f   Thumb Code    14  usbd_core.o(i.USBD_IsoOUTIncomplete)
    i.USBD_OTG_ISR_Handler                   0x08001bac   Section        0  usb_dcd_int.o(i.USBD_OTG_ISR_Handler)
    i.USBD_ParseSetupRequest                 0x08001d24   Section        0  usbd_req.o(i.USBD_ParseSetupRequest)
    i.USBD_Reset                             0x08001d68   Section        0  usbd_core.o(i.USBD_Reset)
    USBD_Reset                               0x08001d69   Thumb Code    46  usbd_core.o(i.USBD_Reset)
    i.USBD_Resume                            0x08001d96   Section        0  usbd_core.o(i.USBD_Resume)
    USBD_Resume                              0x08001d97   Thumb Code    22  usbd_core.o(i.USBD_Resume)
    i.USBD_SOF                               0x08001dac   Section        0  usbd_core.o(i.USBD_SOF)
    USBD_SOF                                 0x08001dad   Thumb Code    16  usbd_core.o(i.USBD_SOF)
    i.USBD_SetCfg                            0x08001dbc   Section        0  usbd_core.o(i.USBD_SetCfg)
    i.USBD_SetConfig                         0x08001dd8   Section        0  usbd_req.o(i.USBD_SetConfig)
    USBD_SetConfig                           0x08001dd9   Thumb Code   112  usbd_req.o(i.USBD_SetConfig)
    i.USBD_SetFeature                        0x08001e4c   Section        0  usbd_req.o(i.USBD_SetFeature)
    USBD_SetFeature                          0x08001e4d   Thumb Code   118  usbd_req.o(i.USBD_SetFeature)
    i.USBD_SetupStage                        0x08001ec8   Section        0  usbd_core.o(i.USBD_SetupStage)
    USBD_SetupStage                          0x08001ec9   Thumb Code    72  usbd_core.o(i.USBD_SetupStage)
    i.USBD_StdDevReq                         0x08001f10   Section        0  usbd_req.o(i.USBD_StdDevReq)
    i.USBD_StdEPReq                          0x08002000   Section        0  usbd_req.o(i.USBD_StdEPReq)
    i.USBD_StdItfReq                         0x080020d4   Section        0  usbd_req.o(i.USBD_StdItfReq)
    i.USBD_Suspend                           0x0800210a   Section        0  usbd_core.o(i.USBD_Suspend)
    USBD_Suspend                             0x0800210b   Thumb Code    26  usbd_core.o(i.USBD_Suspend)
    i.USBD_USR_ConfigStrDescriptor           0x08002124   Section        0  usbd_desc.o(i.USBD_USR_ConfigStrDescriptor)
    i.USBD_USR_DeviceConfigured              0x08002144   Section        0  usbd_usr.o(i.USBD_USR_DeviceConfigured)
    i.USBD_USR_DeviceConnected               0x08002178   Section        0  usbd_usr.o(i.USBD_USR_DeviceConnected)
    i.USBD_USR_DeviceDescriptor              0x080021a8   Section        0  usbd_desc.o(i.USBD_USR_DeviceDescriptor)
    i.USBD_USR_DeviceDisconnected            0x080021b4   Section        0  usbd_usr.o(i.USBD_USR_DeviceDisconnected)
    i.USBD_USR_DeviceReset                   0x080021e4   Section        0  usbd_usr.o(i.USBD_USR_DeviceReset)
    i.USBD_USR_DeviceResumed                 0x08002264   Section        0  usbd_usr.o(i.USBD_USR_DeviceResumed)
    i.USBD_USR_DeviceSuspended               0x08002294   Section        0  usbd_usr.o(i.USBD_USR_DeviceSuspended)
    i.USBD_USR_Init                          0x080022c8   Section        0  usbd_usr.o(i.USBD_USR_Init)
    i.USBD_USR_InterfaceStrDescriptor        0x08002364   Section        0  usbd_desc.o(i.USBD_USR_InterfaceStrDescriptor)
    i.USBD_USR_LangIDStrDescriptor           0x08002388   Section        0  usbd_desc.o(i.USBD_USR_LangIDStrDescriptor)
    i.USBD_USR_ManufacturerStrDescriptor     0x08002394   Section        0  usbd_desc.o(i.USBD_USR_ManufacturerStrDescriptor)
    i.USBD_USR_ProductStrDescriptor          0x080023bc   Section        0  usbd_desc.o(i.USBD_USR_ProductStrDescriptor)
    i.USBD_USR_SerialStrDescriptor           0x08002420   Section        0  usbd_desc.o(i.USBD_USR_SerialStrDescriptor)
    i.USBD_cdc_GetCfgDesc                    0x0800245c   Section        0  usbd_cdc_core.o(i.USBD_cdc_GetCfgDesc)
    USBD_cdc_GetCfgDesc                      0x0800245d   Thumb Code     8  usbd_cdc_core.o(i.USBD_cdc_GetCfgDesc)
    i.USB_OTG_BSP_EnableInterrupt            0x08002468   Section        0  usb_bsp.o(i.USB_OTG_BSP_EnableInterrupt)
    i.USB_OTG_BSP_Init                       0x08002490   Section        0  usb_bsp.o(i.USB_OTG_BSP_Init)
    i.USB_OTG_BSP_mDelay                     0x08002538   Section        0  usb_bsp.o(i.USB_OTG_BSP_mDelay)
    i.USB_OTG_BSP_uDelay                     0x08002542   Section        0  usb_bsp.o(i.USB_OTG_BSP_uDelay)
    i.USB_OTG_CoreInit                       0x08002558   Section        0  usb_core.o(i.USB_OTG_CoreInit)
    i.USB_OTG_CoreInitDev                    0x080025d8   Section        0  usb_core.o(i.USB_OTG_CoreInitDev)
    i.USB_OTG_CoreReset                      0x08002708   Section        0  usb_core.o(i.USB_OTG_CoreReset)
    USB_OTG_CoreReset                        0x08002709   Thumb Code    84  usb_core.o(i.USB_OTG_CoreReset)
    i.USB_OTG_DisableGlobalInt               0x08002760   Section        0  usb_core.o(i.USB_OTG_DisableGlobalInt)
    i.USB_OTG_EP0Activate                    0x08002770   Section        0  usb_core.o(i.USB_OTG_EP0Activate)
    i.USB_OTG_EP0StartXfer                   0x080027ac   Section        0  usb_core.o(i.USB_OTG_EP0StartXfer)
    i.USB_OTG_EP0_OutStart                   0x08002864   Section        0  usb_core.o(i.USB_OTG_EP0_OutStart)
    i.USB_OTG_EPActivate                     0x08002888   Section        0  usb_core.o(i.USB_OTG_EPActivate)
    i.USB_OTG_EPClearStall                   0x080028da   Section        0  usb_core.o(i.USB_OTG_EPClearStall)
    i.USB_OTG_EPDeactivate                   0x0800290c   Section        0  usb_core.o(i.USB_OTG_EPDeactivate)
    i.USB_OTG_EPSetStall                     0x08002940   Section        0  usb_core.o(i.USB_OTG_EPSetStall)
    i.USB_OTG_EPStartXfer                    0x08002970   Section        0  usb_core.o(i.USB_OTG_EPStartXfer)
    i.USB_OTG_EnableDevInt                   0x08002a94   Section        0  usb_core.o(i.USB_OTG_EnableDevInt)
    i.USB_OTG_EnableGlobalInt                0x08002ae4   Section        0  usb_core.o(i.USB_OTG_EnableGlobalInt)
    i.USB_OTG_FlushRxFifo                    0x08002af4   Section        0  usb_core.o(i.USB_OTG_FlushRxFifo)
    i.USB_OTG_FlushTxFifo                    0x08002b2c   Section        0  usb_core.o(i.USB_OTG_FlushTxFifo)
    i.USB_OTG_GetDeviceSpeed                 0x08002b6c   Section        0  usb_core.o(i.USB_OTG_GetDeviceSpeed)
    i.USB_OTG_InitDevSpeed                   0x08002b92   Section        0  usb_core.o(i.USB_OTG_InitDevSpeed)
    i.USB_OTG_IsDeviceMode                   0x08002b9e   Section        0  usb_core.o(i.USB_OTG_IsDeviceMode)
    i.USB_OTG_ReadCoreItr                    0x08002bb0   Section        0  usb_core.o(i.USB_OTG_ReadCoreItr)
    i.USB_OTG_ReadDevAllInEPItr              0x08002bba   Section        0  usb_core.o(i.USB_OTG_ReadDevAllInEPItr)
    i.USB_OTG_ReadDevAllOutEp_itr            0x08002bc6   Section        0  usb_core.o(i.USB_OTG_ReadDevAllOutEp_itr)
    i.USB_OTG_ReadDevOutEP_itr               0x08002bd2   Section        0  usb_core.o(i.USB_OTG_ReadDevOutEP_itr)
    i.USB_OTG_ReadPacket                     0x08002be2   Section        0  usb_core.o(i.USB_OTG_ReadPacket)
    i.USB_OTG_SelectCore                     0x08002c04   Section        0  usb_core.o(i.USB_OTG_SelectCore)
    i.USB_OTG_SetCurrentMode                 0x08002cc4   Section        0  usb_core.o(i.USB_OTG_SetCurrentMode)
    i.USB_OTG_UngateClock                    0x08002cee   Section        0  usb_core.o(i.USB_OTG_UngateClock)
    i.USB_OTG_WritePacket                    0x08002d0c   Section        0  usb_core.o(i.USB_OTG_WritePacket)
    i.UsageFault_Handler                     0x08002d34   Section        0  stm32fxxx_it.o(i.UsageFault_Handler)
    i.VCP_COMConfig                          0x08002d38   Section        0  usbd_cdc_vcp.o(i.VCP_COMConfig)
    VCP_COMConfig                            0x08002d39   Thumb Code   162  usbd_cdc_vcp.o(i.VCP_COMConfig)
    i.VCP_Ctrl                               0x08002de8   Section        0  usbd_cdc_vcp.o(i.VCP_Ctrl)
    VCP_Ctrl                                 0x08002de9   Thumb Code    86  usbd_cdc_vcp.o(i.VCP_Ctrl)
    i.VCP_DataRx                             0x08002e44   Section        0  usbd_cdc_vcp.o(i.VCP_DataRx)
    VCP_DataRx                               0x08002e45   Thumb Code    46  usbd_cdc_vcp.o(i.VCP_DataRx)
    i.VCP_DataTx                             0x08002e78   Section        0  usbd_cdc_vcp.o(i.VCP_DataTx)
    VCP_DataTx                               0x08002e79   Thumb Code    60  usbd_cdc_vcp.o(i.VCP_DataTx)
    i.VCP_DeInit                             0x08002ec4   Section        0  usbd_cdc_vcp.o(i.VCP_DeInit)
    VCP_DeInit                               0x08002ec5   Thumb Code     4  usbd_cdc_vcp.o(i.VCP_DeInit)
    i.VCP_Init                               0x08002ec8   Section        0  usbd_cdc_vcp.o(i.VCP_Init)
    VCP_Init                                 0x08002ec9   Thumb Code    78  usbd_cdc_vcp.o(i.VCP_Init)
    i.__0printf$bare                         0x08002f20   Section        0  printfb.o(i.__0printf$bare)
    i.__scatterload_copy                     0x08002f30   Section       14  handlers.o(i.__scatterload_copy)
    i.__scatterload_null                     0x08002f3e   Section        2  handlers.o(i.__scatterload_null)
    i.__scatterload_zeroinit                 0x08002f40   Section       14  handlers.o(i.__scatterload_zeroinit)
    i._printf_core                           0x08002f4e   Section        0  printfb.o(i._printf_core)
    _printf_core                             0x08002f4f   Thumb Code    34  printfb.o(i._printf_core)
    i.delay                                  0x08002f70   Section        0  stm322xg_eval_lcd.o(i.delay)
    delay                                    0x08002f71   Thumb Code    22  stm322xg_eval_lcd.o(i.delay)
    i.fputc                                  0x08002f8c   Section        0  lcd_log.o(i.fputc)
    i.main                                   0x08003088   Section        0  app.o(i.main)
    i.usbd_cdc_DataIn                        0x080030d8   Section        0  usbd_cdc_core.o(i.usbd_cdc_DataIn)
    usbd_cdc_DataIn                          0x080030d9   Thumb Code    64  usbd_cdc_core.o(i.usbd_cdc_DataIn)
    i.usbd_cdc_DataOut                       0x08003120   Section        0  usbd_cdc_core.o(i.usbd_cdc_DataOut)
    usbd_cdc_DataOut                         0x08003121   Thumb Code    42  usbd_cdc_core.o(i.usbd_cdc_DataOut)
    i.usbd_cdc_DeInit                        0x08003154   Section        0  usbd_cdc_core.o(i.usbd_cdc_DeInit)
    usbd_cdc_DeInit                          0x08003155   Thumb Code    36  usbd_cdc_core.o(i.usbd_cdc_DeInit)
    i.usbd_cdc_EP0_RxReady                   0x0800317c   Section        0  usbd_cdc_core.o(i.usbd_cdc_EP0_RxReady)
    usbd_cdc_EP0_RxReady                     0x0800317d   Thumb Code    30  usbd_cdc_core.o(i.usbd_cdc_EP0_RxReady)
    i.usbd_cdc_Init                          0x080031a4   Section        0  usbd_cdc_core.o(i.usbd_cdc_Init)
    usbd_cdc_Init                            0x080031a5   Thumb Code    70  usbd_cdc_core.o(i.usbd_cdc_Init)
    i.usbd_cdc_SOF                           0x080031f8   Section        0  usbd_cdc_core.o(i.usbd_cdc_SOF)
    usbd_cdc_SOF                             0x080031f9   Thumb Code    26  usbd_cdc_core.o(i.usbd_cdc_SOF)
    i.usbd_cdc_Setup                         0x08003218   Section        0  usbd_cdc_core.o(i.usbd_cdc_Setup)
    usbd_cdc_Setup                           0x08003219   Thumb Code   172  usbd_cdc_core.o(i.usbd_cdc_Setup)
    .constdata                               0x080032cc   Section       80  stm322xg_eval.o(.constdata)
    .constdata                               0x0800331c   Section     4560  stm322xg_eval_lcd.o(.constdata)
    .constdata                               0x080044ec   Section     2304  stm322xg_eval_lcd.o(.constdata)
    .constdata                               0x08004dec   Section     2304  stm322xg_eval_lcd.o(.constdata)
    .data                                    0x20000000   Section       28  usbd_usr.o(.data)
    .data                                    0x2000001c   Section        8  usbd_cdc_vcp.o(.data)
    .data                                    0x20000024   Section       20  usbd_cdc_vcp.o(.data)
    .data                                    0x20000038   Section       28  usbd_desc.o(.data)
    .data                                    0x20000054   Section       22  usbd_desc.o(.data)
    .data                                    0x2000006c   Section       16  usbd_req.o(.data)
    cfgidx                                   0x2000006c   Data           1  usbd_req.o(.data)
    .data                                    0x2000007c   Section       44  usbd_core.o(.data)
    .data                                    0x200000a8   Section        4  usbd_core.o(.data)
    .data                                    0x200000ac   Section        4  usbd_core.o(.data)
    .data                                    0x200000b0   Section      107  usbd_cdc_core.o(.data)
    usbd_cdc_AltSet                          0x200000b4   Data           4  usbd_cdc_core.o(.data)
    cdcCmd                                   0x200000c4   Data           4  usbd_cdc_core.o(.data)
    cdcLen                                   0x200000c8   Data           4  usbd_cdc_core.o(.data)
    FrameCount                               0x200000cc   Data           4  usbd_cdc_core.o(.data)
    .data                                    0x2000011c   Section       44  usbd_cdc_core.o(.data)
    .data                                    0x20000148   Section       18  lcd_log.o(.data)
    .data                                    0x2000015a   Section       16  stm32f2xx_rcc.o(.data)
    APBAHBPrescTable                         0x2000015a   Data          16  stm32f2xx_rcc.o(.data)
    .data                                    0x2000016c   Section       44  stm322xg_eval.o(.data)
    .data                                    0x20000198   Section       16  stm322xg_eval_lcd.o(.data)
    LCD_Currentfonts                         0x2000019c   Data           4  stm322xg_eval_lcd.o(.data)
    .data                                    0x200001a8   Section        8  stm322xg_eval_lcd.o(.data)
    .data                                    0x200001b0   Section        8  stm322xg_eval_lcd.o(.data)
    .data                                    0x200001b8   Section        4  stdout.o(.data)
    .bss                                     0x200001bc   Section     1524  app.o(.bss)
    .bss                                     0x200007b0   Section       16  usbd_cdc_vcp.o(.bss)
    .bss                                     0x200007c0   Section      255  usbd_req.o(.bss)
    .bss                                     0x200008bf   Section     2112  usbd_cdc_core.o(.bss)
    .bss                                     0x20001100   Section      468  lcd_log.o(.bss)
    STACK                                    0x200012d8   Section     1024  startup_stm32f2xx.o(STACK)

    Global Symbols

    Symbol Name                              Value     Ov Type        Size  Object(Section)

    BuildAttributes$$THM_ISAv4$P$D$K$B$S$PE$A:L22UL41UL21$X:L11$S22US41US21$IEEE1$IW$USESV6$~STKCKD$USESV7$~SHL$OSPACE$ROPI$EBA8$MICROLIB$REQ8$PRES8$EABIv2 0x00000000   Number         0  anon$$obj.o ABSOLUTE
    __ARM_use_no_argv                        0x00000000   Number         0  app.o ABSOLUTE
    __cpp_initialize__aeabi_                  - Undefined Weak Reference
    __cxa_finalize                            - Undefined Weak Reference
    _clock_init                               - Undefined Weak Reference
    _microlib_exit                            - Undefined Weak Reference
    __Vectors_Size                           0x00000184   Number         0  startup_stm32f2xx.o ABSOLUTE
    __Vectors                                0x08000000   Data           4  startup_stm32f2xx.o(RESET)
    __Vectors_End                            0x08000184   Data           0  startup_stm32f2xx.o(RESET)
    __main                                   0x08000185   Thumb Code     0  entry.o(.ARM.Collect$$$$00000000)
    _main_stk                                0x08000185   Thumb Code     0  entry2.o(.ARM.Collect$$$$00000001)
    _main_scatterload                        0x08000189   Thumb Code     0  entry5.o(.ARM.Collect$$$$00000004)
    __main_after_scatterload                 0x0800018d   Thumb Code     0  entry5.o(.ARM.Collect$$$$00000004)
    _main_clock                              0x0800018d   Thumb Code     0  entry7b.o(.ARM.Collect$$$$00000008)
    _main_cpp_init                           0x0800018d   Thumb Code     0  entry8b.o(.ARM.Collect$$$$0000000A)
    _main_init                               0x0800018d   Thumb Code     0  entry9a.o(.ARM.Collect$$$$0000000B)
    __rt_final_cpp                           0x08000195   Thumb Code     0  entry10a.o(.ARM.Collect$$$$0000000D)
    __rt_final_exit                          0x08000195   Thumb Code     0  entry11a.o(.ARM.Collect$$$$0000000F)
    Reset_Handler                            0x08000199   Thumb Code     8  startup_stm32f2xx.o(.text)
    ADC_IRQHandler                           0x080001b3   Thumb Code     0  startup_stm32f2xx.o(.text)
    CAN1_RX0_IRQHandler                      0x080001b3   Thumb Code     0  startup_stm32f2xx.o(.text)
    CAN1_RX1_IRQHandler                      0x080001b3   Thumb Code     0  startup_stm32f2xx.o(.text)
    CAN1_SCE_IRQHandler                      0x080001b3   Thumb Code     0  startup_stm32f2xx.o(.text)
    CAN1_TX_IRQHandler                       0x080001b3   Thumb Code     0  startup_stm32f2xx.o(.text)
    CAN2_RX0_IRQHandler                      0x080001b3   Thumb Code     0  startup_stm32f2xx.o(.text)
    CAN2_RX1_IRQHandler                      0x080001b3   Thumb Code     0  startup_stm32f2xx.o(.text)
    CAN2_SCE_IRQHandler                      0x080001b3   Thumb Code     0  startup_stm32f2xx.o(.text)
    CAN2_TX_IRQHandler                       0x080001b3   Thumb Code     0  startup_stm32f2xx.o(.text)
    CRYP_IRQHandler                          0x080001b3   Thumb Code     0  startup_stm32f2xx.o(.text)
    DCMI_IRQHandler                          0x080001b3   Thumb Code     0  startup_stm32f2xx.o(.text)
    DMA1_Stream0_IRQHandler                  0x080001b3   Thumb Code     0  startup_stm32f2xx.o(.text)
    DMA1_Stream1_IRQHandler                  0x080001b3   Thumb Code     0  startup_stm32f2xx.o(.text)
    DMA1_Stream2_IRQHandler                  0x080001b3   Thumb Code     0  startup_stm32f2xx.o(.text)
    DMA1_Stream3_IRQHandler                  0x080001b3   Thumb Code     0  startup_stm32f2xx.o(.text)
    DMA1_Stream4_IRQHandler                  0x080001b3   Thumb Code     0  startup_stm32f2xx.o(.text)
    DMA1_Stream5_IRQHandler                  0x080001b3   Thumb Code     0  startup_stm32f2xx.o(.text)
    DMA1_Stream6_IRQHandler                  0x080001b3   Thumb Code     0  startup_stm32f2xx.o(.text)
    DMA1_Stream7_IRQHandler                  0x080001b3   Thumb Code     0  startup_stm32f2xx.o(.text)
    DMA2_Stream0_IRQHandler                  0x080001b3   Thumb Code     0  startup_stm32f2xx.o(.text)
    DMA2_Stream1_IRQHandler                  0x080001b3   Thumb Code     0  startup_stm32f2xx.o(.text)
    DMA2_Stream2_IRQHandler                  0x080001b3   Thumb Code     0  startup_stm32f2xx.o(.text)
    DMA2_Stream3_IRQHandler                  0x080001b3   Thumb Code     0  startup_stm32f2xx.o(.text)
    DMA2_Stream4_IRQHandler                  0x080001b3   Thumb Code     0  startup_stm32f2xx.o(.text)
    DMA2_Stream5_IRQHandler                  0x080001b3   Thumb Code     0  startup_stm32f2xx.o(.text)
    DMA2_Stream6_IRQHandler                  0x080001b3   Thumb Code     0  startup_stm32f2xx.o(.text)
    DMA2_Stream7_IRQHandler                  0x080001b3   Thumb Code     0  startup_stm32f2xx.o(.text)
    ETH_IRQHandler                           0x080001b3   Thumb Code     0  startup_stm32f2xx.o(.text)
    ETH_WKUP_IRQHandler                      0x080001b3   Thumb Code     0  startup_stm32f2xx.o(.text)
    EXTI0_IRQHandler                         0x080001b3   Thumb Code     0  startup_stm32f2xx.o(.text)
    EXTI15_10_IRQHandler                     0x080001b3   Thumb Code     0  startup_stm32f2xx.o(.text)
    EXTI1_IRQHandler                         0x080001b3   Thumb Code     0  startup_stm32f2xx.o(.text)
    EXTI2_IRQHandler                         0x080001b3   Thumb Code     0  startup_stm32f2xx.o(.text)
    EXTI3_IRQHandler                         0x080001b3   Thumb Code     0  startup_stm32f2xx.o(.text)
    EXTI4_IRQHandler                         0x080001b3   Thumb Code     0  startup_stm32f2xx.o(.text)
    EXTI9_5_IRQHandler                       0x080001b3   Thumb Code     0  startup_stm32f2xx.o(.text)
    FLASH_IRQHandler                         0x080001b3   Thumb Code     0  startup_stm32f2xx.o(.text)
    FSMC_IRQHandler                          0x080001b3   Thumb Code     0  startup_stm32f2xx.o(.text)
    HASH_RNG_IRQHandler                      0x080001b3   Thumb Code     0  startup_stm32f2xx.o(.text)
    I2C1_ER_IRQHandler                       0x080001b3   Thumb Code     0  startup_stm32f2xx.o(.text)
    I2C1_EV_IRQHandler                       0x080001b3   Thumb Code     0  startup_stm32f2xx.o(.text)
    I2C2_ER_IRQHandler                       0x080001b3   Thumb Code     0  startup_stm32f2xx.o(.text)
    I2C2_EV_IRQHandler                       0x080001b3   Thumb Code     0  startup_stm32f2xx.o(.text)
    I2C3_ER_IRQHandler                       0x080001b3   Thumb Code     0  startup_stm32f2xx.o(.text)
    I2C3_EV_IRQHandler                       0x080001b3   Thumb Code     0  startup_stm32f2xx.o(.text)
    OTG_HS_EP1_IN_IRQHandler                 0x080001b3   Thumb Code     0  startup_stm32f2xx.o(.text)
    OTG_HS_EP1_OUT_IRQHandler                0x080001b3   Thumb Code     0  startup_stm32f2xx.o(.text)
    OTG_HS_IRQHandler                        0x080001b3   Thumb Code     0  startup_stm32f2xx.o(.text)
    OTG_HS_WKUP_IRQHandler                   0x080001b3   Thumb Code     0  startup_stm32f2xx.o(.text)
    PVD_IRQHandler                           0x080001b3   Thumb Code     0  startup_stm32f2xx.o(.text)
    RCC_IRQHandler                           0x080001b3   Thumb Code     0  startup_stm32f2xx.o(.text)
    RTC_Alarm_IRQHandler                     0x080001b3   Thumb Code     0  startup_stm32f2xx.o(.text)
    RTC_WKUP_IRQHandler                      0x080001b3   Thumb Code     0  startup_stm32f2xx.o(.text)
    SDIO_IRQHandler                          0x080001b3   Thumb Code     0  startup_stm32f2xx.o(.text)
    SPI1_IRQHandler                          0x080001b3   Thumb Code     0  startup_stm32f2xx.o(.text)
    SPI2_IRQHandler                          0x080001b3   Thumb Code     0  startup_stm32f2xx.o(.text)
    SPI3_IRQHandler                          0x080001b3   Thumb Code     0  startup_stm32f2xx.o(.text)
    TAMP_STAMP_IRQHandler                    0x080001b3   Thumb Code     0  startup_stm32f2xx.o(.text)
    TIM1_BRK_TIM9_IRQHandler                 0x080001b3   Thumb Code     0  startup_stm32f2xx.o(.text)
    TIM1_CC_IRQHandler                       0x080001b3   Thumb Code     0  startup_stm32f2xx.o(.text)
    TIM1_TRG_COM_TIM11_IRQHandler            0x080001b3   Thumb Code     0  startup_stm32f2xx.o(.text)
    TIM1_UP_TIM10_IRQHandler                 0x080001b3   Thumb Code     0  startup_stm32f2xx.o(.text)
    TIM2_IRQHandler                          0x080001b3   Thumb Code     0  startup_stm32f2xx.o(.text)
    TIM3_IRQHandler                          0x080001b3   Thumb Code     0  startup_stm32f2xx.o(.text)
    TIM4_IRQHandler                          0x080001b3   Thumb Code     0  startup_stm32f2xx.o(.text)
    TIM5_IRQHandler                          0x080001b3   Thumb Code     0  startup_stm32f2xx.o(.text)
    TIM6_DAC_IRQHandler                      0x080001b3   Thumb Code     0  startup_stm32f2xx.o(.text)
    TIM7_IRQHandler                          0x080001b3   Thumb Code     0  startup_stm32f2xx.o(.text)
    TIM8_BRK_TIM12_IRQHandler                0x080001b3   Thumb Code     0  startup_stm32f2xx.o(.text)
    TIM8_CC_IRQHandler                       0x080001b3   Thumb Code     0  startup_stm32f2xx.o(.text)
    TIM8_TRG_COM_TIM14_IRQHandler            0x080001b3   Thumb Code     0  startup_stm32f2xx.o(.text)
    TIM8_UP_TIM13_IRQHandler                 0x080001b3   Thumb Code     0  startup_stm32f2xx.o(.text)
    UART4_IRQHandler                         0x080001b3   Thumb Code     0  startup_stm32f2xx.o(.text)
    UART5_IRQHandler                         0x080001b3   Thumb Code     0  startup_stm32f2xx.o(.text)
    USART1_IRQHandler                        0x080001b3   Thumb Code     0  startup_stm32f2xx.o(.text)
    USART2_IRQHandler                        0x080001b3   Thumb Code     0  startup_stm32f2xx.o(.text)
    USART6_IRQHandler                        0x080001b3   Thumb Code     0  startup_stm32f2xx.o(.text)
    WWDG_IRQHandler                          0x080001b3   Thumb Code     0  startup_stm32f2xx.o(.text)
    __scatterload                            0x080001bd   Thumb Code    28  init.o(.text)
    __scatterload_rt2                        0x080001bd   Thumb Code     0  init.o(.text)
    __decompress                             0x080001e1   Thumb Code     0  __dczerorl2.o(.text)
    __decompress1                            0x080001e1   Thumb Code    92  __dczerorl2.o(.text)
    BusFault_Handler                         0x0800023d   Thumb Code     2  stm32fxxx_it.o(i.BusFault_Handler)
    DCD_EP_Close                             0x0800023f   Thumb Code    44  usb_dcd.o(i.DCD_EP_Close)
    DCD_EP_ClrStall                          0x0800026b   Thumb Code    56  usb_dcd.o(i.DCD_EP_ClrStall)
    DCD_EP_Open                              0x080002a3   Thumb Code    60  usb_dcd.o(i.DCD_EP_Open)
    DCD_EP_PrepareRx                         0x080002df   Thumb Code    58  usb_dcd.o(i.DCD_EP_PrepareRx)
    DCD_EP_SetAddress                        0x08000319   Thumb Code    16  usb_dcd.o(i.DCD_EP_SetAddress)
    DCD_EP_Stall                             0x08000329   Thumb Code    56  usb_dcd.o(i.DCD_EP_Stall)
    DCD_EP_Tx                                0x08000361   Thumb Code    54  usb_dcd.o(i.DCD_EP_Tx)
    DCD_Init                                 0x08000681   Thumb Code   138  usb_dcd.o(i.DCD_Init)
    DebugMon_Handler                         0x08000785   Thumb Code     2  stm32fxxx_it.o(i.DebugMon_Handler)
    EXTI_ClearITPendingBit                   0x08000789   Thumb Code     6  stm32f2xx_exti.o(i.EXTI_ClearITPendingBit)
    FSMC_NORSRAMCmd                          0x08000795   Thumb Code    28  stm32f2xx_fsmc.o(i.FSMC_NORSRAMCmd)
    FSMC_NORSRAMInit                         0x080007b5   Thumb Code   192  stm32f2xx_fsmc.o(i.FSMC_NORSRAMInit)
    GPIO_Init                                0x08000875   Thumb Code   162  stm32f2xx_gpio.o(i.GPIO_Init)
    GPIO_PinAFConfig                         0x08000917   Thumb Code    32  stm32f2xx_gpio.o(i.GPIO_PinAFConfig)
    HardFault_Handler                        0x080009a1   Thumb Code     2  stm32fxxx_it.o(i.HardFault_Handler)
    LCD_Clear                                0x080009a3   Thumb Code    38  stm322xg_eval_lcd.o(i.LCD_Clear)
    LCD_ClearLine                            0x080009c9   Thumb Code    44  stm322xg_eval_lcd.o(i.LCD_ClearLine)
    LCD_CtrlLinesConfig                      0x080009f9   Thumb Code   292  stm322xg_eval_lcd.o(i.LCD_CtrlLinesConfig)
    LCD_DisplayChar                          0x08000b2d   Thumb Code    26  stm322xg_eval_lcd.o(i.LCD_DisplayChar)
    LCD_DisplayStringLine                    0x08000b4d   Thumb Code    52  stm322xg_eval_lcd.o(i.LCD_DisplayStringLine)
    LCD_DrawChar                             0x08000b85   Thumb Code   120  stm322xg_eval_lcd.o(i.LCD_DrawChar)
    LCD_FSMCConfig                           0x08000c01   Thumb Code    88  stm322xg_eval_lcd.o(i.LCD_FSMCConfig)
    LCD_GetFont                              0x08000c59   Thumb Code     6  stm322xg_eval_lcd.o(i.LCD_GetFont)
    LCD_LOG_DeInit                           0x08000c65   Thumb Code    34  lcd_log.o(i.LCD_LOG_DeInit)
    LCD_LOG_Init                             0x08000c8d   Thumb Code    16  lcd_log.o(i.LCD_LOG_Init)
    LCD_LOG_SetFooter                        0x08000c9d   Thumb Code   100  lcd_log.o(i.LCD_LOG_SetFooter)
    LCD_LOG_SetHeader                        0x08000d01   Thumb Code   136  lcd_log.o(i.LCD_LOG_SetHeader)
    LCD_ReadReg                              0x08000e31   Thumb Code    10  stm322xg_eval_lcd.o(i.LCD_ReadReg)
    LCD_SetBackColor                         0x08000e3d   Thumb Code    12  stm322xg_eval_lcd.o(i.LCD_SetBackColor)
    LCD_SetCursor                            0x08000e4d   Thumb Code    24  stm322xg_eval_lcd.o(i.LCD_SetCursor)
    LCD_SetFont                              0x08000e65   Thumb Code     6  stm322xg_eval_lcd.o(i.LCD_SetFont)
    LCD_SetTextColor                         0x08000e71   Thumb Code    12  stm322xg_eval_lcd.o(i.LCD_SetTextColor)
    LCD_WriteReg                             0x08000e81   Thumb Code    10  stm322xg_eval_lcd.o(i.LCD_WriteReg)
    MemManage_Handler                        0x08000e8b   Thumb Code     2  stm32fxxx_it.o(i.MemManage_Handler)
    NMI_Handler                              0x08000e8d   Thumb Code     2  stm32fxxx_it.o(i.NMI_Handler)
    NVIC_Init                                0x08000e91   Thumb Code    92  misc.o(i.NVIC_Init)
    NVIC_PriorityGroupConfig                 0x08000ef5   Thumb Code    10  misc.o(i.NVIC_PriorityGroupConfig)
    OTG_FS_IRQHandler                        0x08000f09   Thumb Code     6  stm32fxxx_it.o(i.OTG_FS_IRQHandler)
    OTG_FS_WKUP_IRQHandler                   0x08000f15   Thumb Code    40  stm32fxxx_it.o(i.OTG_FS_WKUP_IRQHandler)
    PendSV_Handler                           0x08000f45   Thumb Code     2  stm32fxxx_it.o(i.PendSV_Handler)
    RCC_AHB1PeriphClockCmd                   0x08000f49   Thumb Code    18  stm32f2xx_rcc.o(i.RCC_AHB1PeriphClockCmd)
    RCC_AHB2PeriphClockCmd                   0x08000f61   Thumb Code    18  stm32f2xx_rcc.o(i.RCC_AHB2PeriphClockCmd)
    RCC_AHB3PeriphClockCmd                   0x08000f79   Thumb Code    18  stm32f2xx_rcc.o(i.RCC_AHB3PeriphClockCmd)
    RCC_APB1PeriphClockCmd                   0x08000f91   Thumb Code    18  stm32f2xx_rcc.o(i.RCC_APB1PeriphClockCmd)
    RCC_APB2PeriphClockCmd                   0x08000fa9   Thumb Code    18  stm32f2xx_rcc.o(i.RCC_APB2PeriphClockCmd)
    RCC_GetClocksFreq                        0x08000fc1   Thumb Code   132  stm32f2xx_rcc.o(i.RCC_GetClocksFreq)
    STM322xG_LCD_Init                        0x08001055   Thumb Code  1034  stm322xg_eval_lcd.o(i.STM322xG_LCD_Init)
    STM_EVAL_COMInit                         0x08001465   Thumb Code   176  stm322xg_eval.o(i.STM_EVAL_COMInit)
    STM_EVAL_LEDInit                         0x0800151d   Thumb Code    62  stm322xg_eval.o(i.STM_EVAL_LEDInit)
    STM_EVAL_LEDToggle                       0x08001565   Thumb Code    20  stm322xg_eval.o(i.STM_EVAL_LEDToggle)
    SVC_Handler                              0x08001581   Thumb Code     2  stm32fxxx_it.o(i.SVC_Handler)
    SysTick_Handler                          0x0800161d   Thumb Code    22  stm32fxxx_it.o(i.SysTick_Handler)
    SystemInit                               0x08001635   Thumb Code    62  system_stm32f2xx.o(i.SystemInit)
    USART3_IRQHandler                        0x08001685   Thumb Code    48  usbd_cdc_vcp.o(i.USART3_IRQHandler)
    USART_Cmd                                0x080016b9   Thumb Code    20  stm32f2xx_usart.o(i.USART_Cmd)
    USART_GetFlagStatus                      0x080016cd   Thumb Code    14  stm32f2xx_usart.o(i.USART_GetFlagStatus)
    USART_GetITStatus                        0x080016db   Thumb Code    62  stm32f2xx_usart.o(i.USART_GetITStatus)
    USART_ITConfig                           0x08001719   Thumb Code    48  stm32f2xx_usart.o(i.USART_ITConfig)
    USART_Init                               0x08001749   Thumb Code   174  stm32f2xx_usart.o(i.USART_Init)
    USART_ReceiveData                        0x08001801   Thumb Code     8  stm32f2xx_usart.o(i.USART_ReceiveData)
    USART_SendData                           0x08001809   Thumb Code     8  stm32f2xx_usart.o(i.USART_SendData)
    USBD_ClrCfg                              0x08001811   Thumb Code    14  usbd_core.o(i.USBD_ClrCfg)
    USBD_CtlContinueRx                       0x0800181f   Thumb Code    18  usbd_ioreq.o(i.USBD_CtlContinueRx)
    USBD_CtlContinueSendData                 0x08001831   Thumb Code    18  usbd_ioreq.o(i.USBD_CtlContinueSendData)
    USBD_CtlError                            0x08001843   Thumb Code    28  usbd_req.o(i.USBD_CtlError)
    USBD_CtlPrepareRx                        0x0800185f   Thumb Code    32  usbd_ioreq.o(i.USBD_CtlPrepareRx)
    USBD_CtlReceiveStatus                    0x0800187f   Thumb Code    34  usbd_ioreq.o(i.USBD_CtlReceiveStatus)
    USBD_CtlSendData                         0x080018a1   Thumb Code    32  usbd_ioreq.o(i.USBD_CtlSendData)
    USBD_CtlSendStatus                       0x080018c1   Thumb Code    34  usbd_ioreq.o(i.USBD_CtlSendStatus)
    USBD_GetString                           0x08001b15   Thumb Code    70  usbd_req.o(i.USBD_GetString)
    USBD_Init                                0x08001b5b   Thumb Code    54  usbd_core.o(i.USBD_Init)
    USBD_OTG_ISR_Handler                     0x08001bad   Thumb Code   370  usb_dcd_int.o(i.USBD_OTG_ISR_Handler)
    USBD_ParseSetupRequest                   0x08001d25   Thumb Code    68  usbd_req.o(i.USBD_ParseSetupRequest)
    USBD_SetCfg                              0x08001dbd   Thumb Code    26  usbd_core.o(i.USBD_SetCfg)
    USBD_StdDevReq                           0x08001f11   Thumb Code   236  usbd_req.o(i.USBD_StdDevReq)
    USBD_StdEPReq                            0x08002001   Thumb Code   208  usbd_req.o(i.USBD_StdEPReq)
    USBD_StdItfReq                           0x080020d5   Thumb Code    54  usbd_req.o(i.USBD_StdItfReq)
    USBD_USR_ConfigStrDescriptor             0x08002125   Thumb Code    16  usbd_desc.o(i.USBD_USR_ConfigStrDescriptor)
    USBD_USR_DeviceConfigured                0x08002145   Thumb Code    14  usbd_usr.o(i.USBD_USR_DeviceConfigured)
    USBD_USR_DeviceConnected                 0x08002179   Thumb Code    14  usbd_usr.o(i.USBD_USR_DeviceConnected)
    USBD_USR_DeviceDescriptor                0x080021a9   Thumb Code     8  usbd_desc.o(i.USBD_USR_DeviceDescriptor)
    USBD_USR_DeviceDisconnected              0x080021b5   Thumb Code    14  usbd_usr.o(i.USBD_USR_DeviceDisconnected)
    USBD_USR_DeviceReset                     0x080021e5   Thumb Code    20  usbd_usr.o(i.USBD_USR_DeviceReset)
    USBD_USR_DeviceResumed                   0x08002265   Thumb Code    14  usbd_usr.o(i.USBD_USR_DeviceResumed)
    USBD_USR_DeviceSuspended                 0x08002295   Thumb Code    14  usbd_usr.o(i.USBD_USR_DeviceSuspended)
    USBD_USR_Init                            0x080022c9   Thumb Code    64  usbd_usr.o(i.USBD_USR_Init)
    USBD_USR_InterfaceStrDescriptor          0x08002365   Thumb Code    16  usbd_desc.o(i.USBD_USR_InterfaceStrDescriptor)
    USBD_USR_LangIDStrDescriptor             0x08002389   Thumb Code     8  usbd_desc.o(i.USBD_USR_LangIDStrDescriptor)
    USBD_USR_ManufacturerStrDescriptor       0x08002395   Thumb Code    16  usbd_desc.o(i.USBD_USR_ManufacturerStrDescriptor)
    USBD_USR_ProductStrDescriptor            0x080023bd   Thumb Code    24  usbd_desc.o(i.USBD_USR_ProductStrDescriptor)
    USBD_USR_SerialStrDescriptor             0x08002421   Thumb Code    24  usbd_desc.o(i.USBD_USR_SerialStrDescriptor)
    USB_OTG_BSP_EnableInterrupt              0x08002469   Thumb Code    40  usb_bsp.o(i.USB_OTG_BSP_EnableInterrupt)
    USB_OTG_BSP_Init                         0x08002491   Thumb Code   164  usb_bsp.o(i.USB_OTG_BSP_Init)
    USB_OTG_BSP_mDelay                       0x08002539   Thumb Code    10  usb_bsp.o(i.USB_OTG_BSP_mDelay)
    USB_OTG_BSP_uDelay                       0x08002543   Thumb Code    22  usb_bsp.o(i.USB_OTG_BSP_uDelay)
    USB_OTG_CoreInit                         0x08002559   Thumb Code   128  usb_core.o(i.USB_OTG_CoreInit)
    USB_OTG_CoreInitDev                      0x080025d9   Thumb Code   302  usb_core.o(i.USB_OTG_CoreInitDev)
    USB_OTG_DisableGlobalInt                 0x08002761   Thumb Code    16  usb_core.o(i.USB_OTG_DisableGlobalInt)
    USB_OTG_EP0Activate                      0x08002771   Thumb Code    58  usb_core.o(i.USB_OTG_EP0Activate)
    USB_OTG_EP0StartXfer                     0x080027ad   Thumb Code   182  usb_core.o(i.USB_OTG_EP0StartXfer)
    USB_OTG_EP0_OutStart                     0x08002865   Thumb Code    32  usb_core.o(i.USB_OTG_EP0_OutStart)
    USB_OTG_EPActivate                       0x08002889   Thumb Code    82  usb_core.o(i.USB_OTG_EPActivate)
    USB_OTG_EPClearStall                     0x080028db   Thumb Code    50  usb_core.o(i.USB_OTG_EPClearStall)
    USB_OTG_EPDeactivate                     0x0800290d   Thumb Code    52  usb_core.o(i.USB_OTG_EPDeactivate)
    USB_OTG_EPSetStall                       0x08002941   Thumb Code    48  usb_core.o(i.USB_OTG_EPSetStall)
    USB_OTG_EPStartXfer                      0x08002971   Thumb Code   290  usb_core.o(i.USB_OTG_EPStartXfer)
    USB_OTG_EnableDevInt                     0x08002a95   Thumb Code    74  usb_core.o(i.USB_OTG_EnableDevInt)
    USB_OTG_EnableGlobalInt                  0x08002ae5   Thumb Code    16  usb_core.o(i.USB_OTG_EnableGlobalInt)
    USB_OTG_FlushRxFifo                      0x08002af5   Thumb Code    52  usb_core.o(i.USB_OTG_FlushRxFifo)
    USB_OTG_FlushTxFifo                      0x08002b2d   Thumb Code    60  usb_core.o(i.USB_OTG_FlushTxFifo)
    USB_OTG_GetDeviceSpeed                   0x08002b6d   Thumb Code    38  usb_core.o(i.USB_OTG_GetDeviceSpeed)
    USB_OTG_InitDevSpeed                     0x08002b93   Thumb Code    12  usb_core.o(i.USB_OTG_InitDevSpeed)
    USB_OTG_IsDeviceMode                     0x08002b9f   Thumb Code    18  usb_core.o(i.USB_OTG_IsDeviceMode)
    USB_OTG_ReadCoreItr                      0x08002bb1   Thumb Code    10  usb_core.o(i.USB_OTG_ReadCoreItr)
    USB_OTG_ReadDevAllInEPItr                0x08002bbb   Thumb Code    12  usb_core.o(i.USB_OTG_ReadDevAllInEPItr)
    USB_OTG_ReadDevAllOutEp_itr              0x08002bc7   Thumb Code    12  usb_core.o(i.USB_OTG_ReadDevAllOutEp_itr)
    USB_OTG_ReadDevOutEP_itr                 0x08002bd3   Thumb Code    16  usb_core.o(i.USB_OTG_ReadDevOutEP_itr)
    USB_OTG_ReadPacket                       0x08002be3   Thumb Code    32  usb_core.o(i.USB_OTG_ReadPacket)
    USB_OTG_SelectCore                       0x08002c05   Thumb Code   188  usb_core.o(i.USB_OTG_SelectCore)
    USB_OTG_SetCurrentMode                   0x08002cc5   Thumb Code    42  usb_core.o(i.USB_OTG_SetCurrentMode)
    USB_OTG_UngateClock                      0x08002cef   Thumb Code    30  usb_core.o(i.USB_OTG_UngateClock)
    USB_OTG_WritePacket                      0x08002d0d   Thumb Code    40  usb_core.o(i.USB_OTG_WritePacket)
    UsageFault_Handler                       0x08002d35   Thumb Code     2  stm32fxxx_it.o(i.UsageFault_Handler)
    __0printf$bare                           0x08002f21   Thumb Code     8  printfb.o(i.__0printf$bare)
    __1printf$bare                           0x08002f21   Thumb Code     0  printfb.o(i.__0printf$bare)
    __2printf                                0x08002f21   Thumb Code     0  printfb.o(i.__0printf$bare)
    __scatterload_copy                       0x08002f31   Thumb Code    14  handlers.o(i.__scatterload_copy)
    __scatterload_null                       0x08002f3f   Thumb Code     2  handlers.o(i.__scatterload_null)
    __scatterload_zeroinit                   0x08002f41   Thumb Code    14  handlers.o(i.__scatterload_zeroinit)
    fputc                                    0x08002f8d   Thumb Code   244  lcd_log.o(i.fputc)
    main                                     0x08003089   Thumb Code    64  app.o(i.main)
    COM_TX_PIN_SOURCE                        0x080032cc   Data           1  stm322xg_eval.o(.constdata)
    COM_RX_PIN_SOURCE                        0x080032cd   Data           1  stm322xg_eval.o(.constdata)
    COM_TX_AF                                0x080032ce   Data           1  stm322xg_eval.o(.constdata)
    COM_RX_AF                                0x080032cf   Data           1  stm322xg_eval.o(.constdata)
    COM_TX_PIN                               0x080032d0   Data           2  stm322xg_eval.o(.constdata)
    COM_RX_PIN                               0x080032d2   Data           2  stm322xg_eval.o(.constdata)
    BUTTON_PORT_SOURCE                       0x080032d4   Data           3  stm322xg_eval.o(.constdata)
    BUTTON_PIN_SOURCE                        0x080032d7   Data           3  stm322xg_eval.o(.constdata)
    BUTTON_IRQn                              0x080032da   Data           3  stm322xg_eval.o(.constdata)
    COM_USART_CLK                            0x080032e0   Data           4  stm322xg_eval.o(.constdata)
    COM_TX_PORT_CLK                          0x080032e4   Data           4  stm322xg_eval.o(.constdata)
    COM_RX_PORT_CLK                          0x080032e8   Data           4  stm322xg_eval.o(.constdata)
    BUTTON_PIN                               0x080032ec   Data           6  stm322xg_eval.o(.constdata)
    BUTTON_EXTI_LINE                         0x080032f2   Data           6  stm322xg_eval.o(.constdata)
    GPIO_PIN                                 0x080032f8   Data           8  stm322xg_eval.o(.constdata)
    GPIO_CLK                                 0x08003300   Data          16  stm322xg_eval.o(.constdata)
    BUTTON_CLK                               0x08003310   Data          12  stm322xg_eval.o(.constdata)
    ASCII16x24_Table                         0x0800331c   Data        4560  stm322xg_eval_lcd.o(.constdata)
    ASCII12x12_Table                         0x080044ec   Data        2304  stm322xg_eval_lcd.o(.constdata)
    ASCII8x12_Table                          0x08004dec   Data        2304  stm322xg_eval_lcd.o(.constdata)
    Region$$Table$$Base                      0x080056ec   Number         0  anon$$obj.o(Region$$Table)
    Region$$Table$$Limit                     0x0800570c   Number         0  anon$$obj.o(Region$$Table)
    USR_cb                                   0x20000000   Data          28  usbd_usr.o(.data)
    linecoding                               0x2000001c   Data           8  usbd_cdc_vcp.o(.data)
    VCP_fops                                 0x20000024   Data          20  usbd_cdc_vcp.o(.data)
    USR_desc                                 0x20000038   Data          28  usbd_desc.o(.data)
    USBD_LangIDDesc                          0x20000054   Data           4  usbd_desc.o(.data)
    USBD_DeviceDesc                          0x20000058   Data          18  usbd_desc.o(.data)
    USBD_ep_status                           0x20000070   Data           4  usbd_req.o(.data)
    USBD_default_cfg                         0x20000074   Data           4  usbd_req.o(.data)
    USBD_cfg_status                          0x20000078   Data           4  usbd_req.o(.data)
    USBD_DCD_INT_cb                          0x2000007c   Data          44  usbd_core.o(.data)
    USBD_DCD_INT_fops                        0x200000a8   Data           4  usbd_core.o(.data)
    SET_TEST_MODE                            0x200000ac   Data           4  usbd_core.o(.data)
    USB_Tx_State                             0x200000b0   Data           1  usbd_cdc_core.o(.data)
    APP_Rx_ptr_in                            0x200000b8   Data           4  usbd_cdc_core.o(.data)
    APP_Rx_ptr_out                           0x200000bc   Data           4  usbd_cdc_core.o(.data)
    APP_Rx_length                            0x200000c0   Data           4  usbd_cdc_core.o(.data)
    CmdBuff                                  0x200000d0   Data           8  usbd_cdc_core.o(.data)
    usbd_cdc_CfgDesc                         0x200000d8   Data          67  usbd_cdc_core.o(.data)
    USBD_CDC_cb                              0x2000011c   Data          44  usbd_cdc_core.o(.data)
    LCD_CacheBuffer_yptr_invert              0x20000148   Data           1  lcd_log.o(.data)
    LCD_ScrollActive                         0x20000149   Data           1  lcd_log.o(.data)
    LCD_Lock                                 0x2000014a   Data           1  lcd_log.o(.data)
    LCD_Scrolled                             0x2000014b   Data           1  lcd_log.o(.data)
    LCD_LineColor                            0x2000014c   Data           2  lcd_log.o(.data)
    LCD_CacheBuffer_xptr                     0x2000014e   Data           2  lcd_log.o(.data)
    LCD_CacheBuffer_yptr_top                 0x20000150   Data           2  lcd_log.o(.data)
    LCD_CacheBuffer_yptr_bottom              0x20000152   Data           2  lcd_log.o(.data)
    LCD_CacheBuffer_yptr_top_bak             0x20000154   Data           2  lcd_log.o(.data)
    LCD_CacheBuffer_yptr_bottom_bak          0x20000156   Data           2  lcd_log.o(.data)
    LCD_ScrollBackStep                       0x20000158   Data           2  lcd_log.o(.data)
    COM_USART                                0x2000016c   Data           4  stm322xg_eval.o(.data)
    COM_TX_PORT                              0x20000170   Data           4  stm322xg_eval.o(.data)
    COM_RX_PORT                              0x20000174   Data           4  stm322xg_eval.o(.data)
    NVIC_InitStructure                       0x20000178   Data           4  stm322xg_eval.o(.data)
    GPIO_PORT                                0x2000017c   Data          16  stm322xg_eval.o(.data)
    BUTTON_PORT                              0x2000018c   Data          12  stm322xg_eval.o(.data)
    TextColor                                0x20000198   Data           2  stm322xg_eval_lcd.o(.data)
    BackColor                                0x2000019a   Data           2  stm322xg_eval_lcd.o(.data)
    Font16x24                                0x200001a0   Data           8  stm322xg_eval_lcd.o(.data)
    Font12x12                                0x200001a8   Data           8  stm322xg_eval_lcd.o(.data)
    Font8x12                                 0x200001b0   Data           8  stm322xg_eval_lcd.o(.data)
    __stdout                                 0x200001b8   Data           4  stdout.o(.data)
    USB_OTG_dev                              0x200001bc   Data        1524  app.o(.bss)
    USART_InitStructure                      0x200007b0   Data          16  usbd_cdc_vcp.o(.bss)
    USBD_StrDesc                             0x200007c0   Data         255  usbd_req.o(.bss)
    USB_Rx_Buffer                            0x200008bf   Data          64  usbd_cdc_core.o(.bss)
    APP_Rx_Buffer                            0x200008ff   Data        2048  usbd_cdc_core.o(.bss)
    LCD_CacheBuffer                          0x20001100   Data         468  lcd_log.o(.bss)
    __initial_sp                             0x200016d8   Data           0  startup_stm32f2xx.o(STACK)



==============================================================================

Memory Map of the image

  Image Entry point : 0x08000185

  Load Region LR_IROM1 (Base: 0x08000000, Size: 0x000058c8, Max: 0x00100000, ABSOLUTE, COMPRESSED[0x00005828])

    Execution Region ER_IROM1 (Base: 0x08000000, Size: 0x0000570c, Max: 0x00100000, ABSOLUTE)

    Base Addr    Size         Type   Attr      Idx    E Section Name        Object

    0x08000000   0x00000184   Data   RO         1287    RESET               startup_stm32f2xx.o
    0x08000184   0x00000000   Code   RO         3869  * .ARM.Collect$$$$00000000  mc_w.l(entry.o)
    0x08000184   0x00000004   Code   RO         4140    .ARM.Collect$$$$00000001  mc_w.l(entry2.o)
    0x08000188   0x00000004   Code   RO         4143    .ARM.Collect$$$$00000004  mc_w.l(entry5.o)
    0x0800018c   0x00000000   Code   RO         4145    .ARM.Collect$$$$00000008  mc_w.l(entry7b.o)
    0x0800018c   0x00000000   Code   RO         4147    .ARM.Collect$$$$0000000A  mc_w.l(entry8b.o)
    0x0800018c   0x00000008   Code   RO         4148    .ARM.Collect$$$$0000000B  mc_w.l(entry9a.o)
    0x08000194   0x00000000   Code   RO         4150    .ARM.Collect$$$$0000000D  mc_w.l(entry10a.o)
    0x08000194   0x00000000   Code   RO         4152    .ARM.Collect$$$$0000000F  mc_w.l(entry11a.o)
    0x08000194   0x00000004   Code   RO         4141    .ARM.Collect$$$$00002712  mc_w.l(entry2.o)
    0x08000198   0x00000024   Code   RO         1288    .text               startup_stm32f2xx.o
    0x080001bc   0x00000024   Code   RO         4170    .text               mc_w.l(init.o)
    0x080001e0   0x0000005c   Code   RO         4186    .text               mc_w.l(__dczerorl2.o)
    0x0800023c   0x00000002   Code   RO          406    i.BusFault_Handler  stm32fxxx_it.o
    0x0800023e   0x0000002c   Code   RO          836    i.DCD_EP_Close      usb_dcd.o
    0x0800026a   0x00000038   Code   RO          837    i.DCD_EP_ClrStall   usb_dcd.o
    0x080002a2   0x0000003c   Code   RO          839    i.DCD_EP_Open       usb_dcd.o
    0x080002de   0x0000003a   Code   RO          840    i.DCD_EP_PrepareRx  usb_dcd.o
    0x08000318   0x00000010   Code   RO          841    i.DCD_EP_SetAddress  usb_dcd.o
    0x08000328   0x00000038   Code   RO          842    i.DCD_EP_Stall      usb_dcd.o
    0x08000360   0x00000036   Code   RO          843    i.DCD_EP_Tx         usb_dcd.o
    0x08000396   0x00000002   PAD
    0x08000398   0x000000cc   Code   RO          558    i.DCD_HandleInEP_ISR  usb_dcd_int.o
    0x08000464   0x000000ac   Code   RO          559    i.DCD_HandleOutEP_ISR  usb_dcd_int.o
    0x08000510   0x0000007c   Code   RO          560    i.DCD_HandleRxStatusQueueLevel_ISR  usb_dcd_int.o
    0x0800058c   0x00000070   Code   RO          561    i.DCD_HandleUSBSuspend_ISR  usb_dcd_int.o
    0x080005fc   0x00000084   Code   RO          562    i.DCD_HandleUsbReset_ISR  usb_dcd_int.o
    0x08000680   0x0000008a   Code   RO          845    i.DCD_Init          usb_dcd.o
    0x0800070a   0x0000007a   Code   RO          563    i.DCD_WriteEmptyTxFifo  usb_dcd_int.o
    0x08000784   0x00000002   Code   RO          407    i.DebugMon_Handler  stm32fxxx_it.o
    0x08000786   0x00000002   PAD
    0x08000788   0x0000000c   Code   RO         1510    i.EXTI_ClearITPendingBit  stm32f2xx_exti.o
    0x08000794   0x00000020   Code   RO         1776    i.FSMC_NORSRAMCmd   stm32f2xx_fsmc.o
    0x080007b4   0x000000c0   Code   RO         1778    i.FSMC_NORSRAMInit  stm32f2xx_fsmc.o
    0x08000874   0x000000a2   Code   RO         1894    i.GPIO_Init         stm32f2xx_gpio.o
    0x08000916   0x00000020   Code   RO         1895    i.GPIO_PinAFConfig  stm32f2xx_gpio.o
    0x08000936   0x00000002   PAD
    0x08000938   0x00000068   Code   RO         1156    i.Handle_USBAsynchXfer  usbd_cdc_core.o
    0x080009a0   0x00000002   Code   RO          408    i.HardFault_Handler  stm32fxxx_it.o
    0x080009a2   0x00000026   Code   RO         3600    i.LCD_Clear         stm322xg_eval_lcd.o
    0x080009c8   0x00000030   Code   RO         3601    i.LCD_ClearLine     stm322xg_eval_lcd.o
    0x080009f8   0x00000134   Code   RO         3604    i.LCD_CtrlLinesConfig  stm322xg_eval_lcd.o
    0x08000b2c   0x00000020   Code   RO         3606    i.LCD_DisplayChar   stm322xg_eval_lcd.o
    0x08000b4c   0x00000038   Code   RO         3609    i.LCD_DisplayStringLine  stm322xg_eval_lcd.o
    0x08000b84   0x0000007c   Code   RO         3610    i.LCD_DrawChar      stm322xg_eval_lcd.o
    0x08000c00   0x00000058   Code   RO         3618    i.LCD_FSMCConfig    stm322xg_eval_lcd.o
    0x08000c58   0x0000000c   Code   RO         3621    i.LCD_GetFont       stm322xg_eval_lcd.o
    0x08000c64   0x00000028   Code   RO         1226    i.LCD_LOG_DeInit    lcd_log.o
    0x08000c8c   0x00000010   Code   RO         1227    i.LCD_LOG_Init      lcd_log.o
    0x08000c9c   0x00000064   Code   RO         1228    i.LCD_LOG_SetFooter  lcd_log.o
    0x08000d00   0x00000090   Code   RO         1229    i.LCD_LOG_SetHeader  lcd_log.o
    0x08000d90   0x000000a0   Code   RO         1230    i.LCD_LOG_UpdateDisplay  lcd_log.o
    0x08000e30   0x0000000a   Code   RO         3627    i.LCD_ReadReg       stm322xg_eval_lcd.o
    0x08000e3a   0x00000002   PAD
    0x08000e3c   0x00000010   Code   RO         3628    i.LCD_SetBackColor  stm322xg_eval_lcd.o
    0x08000e4c   0x00000018   Code   RO         3630    i.LCD_SetCursor     stm322xg_eval_lcd.o
    0x08000e64   0x0000000c   Code   RO         3632    i.LCD_SetFont       stm322xg_eval_lcd.o
    0x08000e70   0x00000010   Code   RO         3633    i.LCD_SetTextColor  stm322xg_eval_lcd.o
    0x08000e80   0x0000000a   Code   RO         3638    i.LCD_WriteReg      stm322xg_eval_lcd.o
    0x08000e8a   0x00000002   Code   RO          409    i.MemManage_Handler  stm32fxxx_it.o
    0x08000e8c   0x00000002   Code   RO          410    i.NMI_Handler       stm32fxxx_it.o
    0x08000e8e   0x00000002   PAD
    0x08000e90   0x00000064   Code   RO          303    i.NVIC_Init         misc.o
    0x08000ef4   0x00000014   Code   RO          304    i.NVIC_PriorityGroupConfig  misc.o
    0x08000f08   0x0000000c   Code   RO          411    i.OTG_FS_IRQHandler  stm32fxxx_it.o
    0x08000f14   0x00000030   Code   RO          412    i.OTG_FS_WKUP_IRQHandler  stm32fxxx_it.o
    0x08000f44   0x00000002   Code   RO          413    i.PendSV_Handler    stm32fxxx_it.o
    0x08000f46   0x00000002   PAD
    0x08000f48   0x00000018   Code   RO         2283    i.RCC_AHB1PeriphClockCmd  stm32f2xx_rcc.o
    0x08000f60   0x00000018   Code   RO         2286    i.RCC_AHB2PeriphClockCmd  stm32f2xx_rcc.o
    0x08000f78   0x00000018   Code   RO         2289    i.RCC_AHB3PeriphClockCmd  stm32f2xx_rcc.o
    0x08000f90   0x00000018   Code   RO         2292    i.RCC_APB1PeriphClockCmd  stm32f2xx_rcc.o
    0x08000fa8   0x00000018   Code   RO         2295    i.RCC_APB2PeriphClockCmd  stm32f2xx_rcc.o
    0x08000fc0   0x00000094   Code   RO         2304    i.RCC_GetClocksFreq  stm32f2xx_rcc.o
    0x08001054   0x00000410   Code   RO         3640    i.STM322xG_LCD_Init  stm322xg_eval_lcd.o
    0x08001464   0x000000b8   Code   RO         3310    i.STM_EVAL_COMInit  stm322xg_eval.o
    0x0800151c   0x00000048   Code   RO         3311    i.STM_EVAL_LEDInit  stm322xg_eval.o
    0x08001564   0x0000001c   Code   RO         3314    i.STM_EVAL_LEDToggle  stm322xg_eval.o
    0x08001580   0x00000002   Code   RO          414    i.SVC_Handler       stm32fxxx_it.o
    0x08001582   0x00000002   PAD
    0x08001584   0x00000098   Code   RO         1294    i.SetSysClock       system_stm32f2xx.o
    0x0800161c   0x00000016   Code   RO          415    i.SysTick_Handler   stm32fxxx_it.o
    0x08001632   0x00000002   PAD
    0x08001634   0x00000050   Code   RO         1296    i.SystemInit        system_stm32f2xx.o
    0x08001684   0x00000034   Code   RO          347    i.USART3_IRQHandler  usbd_cdc_vcp.o
    0x080016b8   0x00000014   Code   RO         2919    i.USART_Cmd         stm32f2xx_usart.o
    0x080016cc   0x0000000e   Code   RO         2922    i.USART_GetFlagStatus  stm32f2xx_usart.o
    0x080016da   0x0000003e   Code   RO         2923    i.USART_GetITStatus  stm32f2xx_usart.o
    0x08001718   0x00000030   Code   RO         2925    i.USART_ITConfig    stm32f2xx_usart.o
    0x08001748   0x000000b8   Code   RO         2926    i.USART_Init        stm32f2xx_usart.o
    0x08001800   0x00000008   Code   RO         2933    i.USART_ReceiveData  stm32f2xx_usart.o
    0x08001808   0x00000008   Code   RO         2936    i.USART_SendData    stm32f2xx_usart.o
    0x08001810   0x0000000e   Code   RO          999    i.USBD_ClrCfg       usbd_core.o
    0x0800181e   0x00000012   Code   RO         1100    i.USBD_CtlContinueRx  usbd_ioreq.o
    0x08001830   0x00000012   Code   RO         1101    i.USBD_CtlContinueSendData  usbd_ioreq.o
    0x08001842   0x0000001c   Code   RO          926    i.USBD_CtlError     usbd_req.o
    0x0800185e   0x00000020   Code   RO         1102    i.USBD_CtlPrepareRx  usbd_ioreq.o
    0x0800187e   0x00000022   Code   RO         1103    i.USBD_CtlReceiveStatus  usbd_ioreq.o
    0x080018a0   0x00000020   Code   RO         1104    i.USBD_CtlSendData  usbd_ioreq.o
    0x080018c0   0x00000022   Code   RO         1105    i.USBD_CtlSendStatus  usbd_ioreq.o
    0x080018e2   0x00000002   PAD
    0x080018e4   0x000000b0   Code   RO         1000    i.USBD_DataInStage  usbd_core.o
    0x08001994   0x00000078   Code   RO         1001    i.USBD_DataOutStage  usbd_core.o
    0x08001a0c   0x00000016   Code   RO         1003    i.USBD_DevConnected  usbd_core.o
    0x08001a22   0x00000020   Code   RO         1004    i.USBD_DevDisconnected  usbd_core.o
    0x08001a42   0x000000d2   Code   RO          927    i.USBD_GetDescriptor  usbd_req.o
    0x08001b14   0x00000046   Code   RO          928    i.USBD_GetString    usbd_req.o
    0x08001b5a   0x00000036   Code   RO         1005    i.USBD_Init         usbd_core.o
    0x08001b90   0x0000000e   Code   RO         1006    i.USBD_IsoINIncomplete  usbd_core.o
    0x08001b9e   0x0000000e   Code   RO         1007    i.USBD_IsoOUTIncomplete  usbd_core.o
    0x08001bac   0x00000178   Code   RO          564    i.USBD_OTG_ISR_Handler  usb_dcd_int.o
    0x08001d24   0x00000044   Code   RO          929    i.USBD_ParseSetupRequest  usbd_req.o
    0x08001d68   0x0000002e   Code   RO         1008    i.USBD_Reset        usbd_core.o
    0x08001d96   0x00000016   Code   RO         1009    i.USBD_Resume       usbd_core.o
    0x08001dac   0x00000010   Code   RO         1010    i.USBD_SOF          usbd_core.o
    0x08001dbc   0x0000001a   Code   RO         1011    i.USBD_SetCfg       usbd_core.o
    0x08001dd6   0x00000002   PAD
    0x08001dd8   0x00000074   Code   RO          930    i.USBD_SetConfig    usbd_req.o
    0x08001e4c   0x0000007c   Code   RO          931    i.USBD_SetFeature   usbd_req.o
    0x08001ec8   0x00000048   Code   RO         1012    i.USBD_SetupStage   usbd_core.o
    0x08001f10   0x000000f0   Code   RO          932    i.USBD_StdDevReq    usbd_req.o
    0x08002000   0x000000d4   Code   RO          933    i.USBD_StdEPReq     usbd_req.o
    0x080020d4   0x00000036   Code   RO          934    i.USBD_StdItfReq    usbd_req.o
    0x0800210a   0x0000001a   Code   RO         1013    i.USBD_Suspend      usbd_core.o
    0x08002124   0x00000020   Code   RO          490    i.USBD_USR_ConfigStrDescriptor  usbd_desc.o
    0x08002144   0x00000034   Code   RO          229    i.USBD_USR_DeviceConfigured  usbd_usr.o
    0x08002178   0x00000030   Code   RO          230    i.USBD_USR_DeviceConnected  usbd_usr.o
    0x080021a8   0x0000000c   Code   RO          491    i.USBD_USR_DeviceDescriptor  usbd_desc.o
    0x080021b4   0x00000030   Code   RO          231    i.USBD_USR_DeviceDisconnected  usbd_usr.o
    0x080021e4   0x00000080   Code   RO          232    i.USBD_USR_DeviceReset  usbd_usr.o
    0x08002264   0x00000030   Code   RO          233    i.USBD_USR_DeviceResumed  usbd_usr.o
    0x08002294   0x00000034   Code   RO          234    i.USBD_USR_DeviceSuspended  usbd_usr.o
    0x080022c8   0x0000009c   Code   RO          235    i.USBD_USR_Init     usbd_usr.o
    0x08002364   0x00000024   Code   RO          492    i.USBD_USR_InterfaceStrDescriptor  usbd_desc.o
    0x08002388   0x0000000c   Code   RO          493    i.USBD_USR_LangIDStrDescriptor  usbd_desc.o
    0x08002394   0x00000028   Code   RO          494    i.USBD_USR_ManufacturerStrDescriptor  usbd_desc.o
    0x080023bc   0x00000064   Code   RO          495    i.USBD_USR_ProductStrDescriptor  usbd_desc.o
    0x08002420   0x0000003c   Code   RO          496    i.USBD_USR_SerialStrDescriptor  usbd_desc.o
    0x0800245c   0x0000000c   Code   RO         1157    i.USBD_cdc_GetCfgDesc  usbd_cdc_core.o
    0x08002468   0x00000028   Code   RO          188    i.USB_OTG_BSP_EnableInterrupt  usb_bsp.o
    0x08002490   0x000000a8   Code   RO          189    i.USB_OTG_BSP_Init  usb_bsp.o
    0x08002538   0x0000000a   Code   RO          190    i.USB_OTG_BSP_mDelay  usb_bsp.o
    0x08002542   0x00000016   Code   RO          191    i.USB_OTG_BSP_uDelay  usb_bsp.o
    0x08002558   0x00000080   Code   RO          613    i.USB_OTG_CoreInit  usb_core.o
    0x080025d8   0x0000012e   Code   RO          614    i.USB_OTG_CoreInitDev  usb_core.o
    0x08002706   0x00000002   PAD
    0x08002708   0x00000058   Code   RO          615    i.USB_OTG_CoreReset  usb_core.o
    0x08002760   0x00000010   Code   RO          616    i.USB_OTG_DisableGlobalInt  usb_core.o
    0x08002770   0x0000003a   Code   RO          617    i.USB_OTG_EP0Activate  usb_core.o
    0x080027aa   0x00000002   PAD
    0x080027ac   0x000000b6   Code   RO          618    i.USB_OTG_EP0StartXfer  usb_core.o
    0x08002862   0x00000002   PAD
    0x08002864   0x00000024   Code   RO          619    i.USB_OTG_EP0_OutStart  usb_core.o
    0x08002888   0x00000052   Code   RO          620    i.USB_OTG_EPActivate  usb_core.o
    0x080028da   0x00000032   Code   RO          621    i.USB_OTG_EPClearStall  usb_core.o
    0x0800290c   0x00000034   Code   RO          622    i.USB_OTG_EPDeactivate  usb_core.o
    0x08002940   0x00000030   Code   RO          623    i.USB_OTG_EPSetStall  usb_core.o
    0x08002970   0x00000122   Code   RO          624    i.USB_OTG_EPStartXfer  usb_core.o
    0x08002a92   0x00000002   PAD
    0x08002a94   0x00000050   Code   RO          625    i.USB_OTG_EnableDevInt  usb_core.o
    0x08002ae4   0x00000010   Code   RO          626    i.USB_OTG_EnableGlobalInt  usb_core.o
    0x08002af4   0x00000038   Code   RO          627    i.USB_OTG_FlushRxFifo  usb_core.o
    0x08002b2c   0x00000040   Code   RO          628    i.USB_OTG_FlushTxFifo  usb_core.o
    0x08002b6c   0x00000026   Code   RO          629    i.USB_OTG_GetDeviceSpeed  usb_core.o
    0x08002b92   0x0000000c   Code   RO          632    i.USB_OTG_InitDevSpeed  usb_core.o
    0x08002b9e   0x00000012   Code   RO          633    i.USB_OTG_IsDeviceMode  usb_core.o
    0x08002bb0   0x0000000a   Code   RO          635    i.USB_OTG_ReadCoreItr  usb_core.o
    0x08002bba   0x0000000c   Code   RO          636    i.USB_OTG_ReadDevAllInEPItr  usb_core.o
    0x08002bc6   0x0000000c   Code   RO          637    i.USB_OTG_ReadDevAllOutEp_itr  usb_core.o
    0x08002bd2   0x00000010   Code   RO          638    i.USB_OTG_ReadDevOutEP_itr  usb_core.o
    0x08002be2   0x00000020   Code   RO          640    i.USB_OTG_ReadPacket  usb_core.o
    0x08002c02   0x00000002   PAD
    0x08002c04   0x000000c0   Code   RO          641    i.USB_OTG_SelectCore  usb_core.o
    0x08002cc4   0x0000002a   Code   RO          642    i.USB_OTG_SetCurrentMode  usb_core.o
    0x08002cee   0x0000001e   Code   RO          645    i.USB_OTG_UngateClock  usb_core.o
    0x08002d0c   0x00000028   Code   RO          646    i.USB_OTG_WritePacket  usb_core.o
    0x08002d34   0x00000002   Code   RO          416    i.UsageFault_Handler  stm32fxxx_it.o
    0x08002d36   0x00000002   PAD
    0x08002d38   0x000000b0   Code   RO          348    i.VCP_COMConfig     usbd_cdc_vcp.o
    0x08002de8   0x0000005c   Code   RO          349    i.VCP_Ctrl          usbd_cdc_vcp.o
    0x08002e44   0x00000034   Code   RO          350    i.VCP_DataRx        usbd_cdc_vcp.o
    0x08002e78   0x0000004c   Code   RO          351    i.VCP_DataTx        usbd_cdc_vcp.o
    0x08002ec4   0x00000004   Code   RO          352    i.VCP_DeInit        usbd_cdc_vcp.o
    0x08002ec8   0x00000058   Code   RO          353    i.VCP_Init          usbd_cdc_vcp.o
    0x08002f20   0x00000010   Code   RO         3873    i.__0printf$bare    mc_w.l(printfb.o)
    0x08002f30   0x0000000e   Code   RO         4180    i.__scatterload_copy  mc_w.l(handlers.o)
    0x08002f3e   0x00000002   Code   RO         4181    i.__scatterload_null  mc_w.l(handlers.o)
    0x08002f40   0x0000000e   Code   RO         4182    i.__scatterload_zeroinit  mc_w.l(handlers.o)
    0x08002f4e   0x00000022   Code   RO         3880    i._printf_core      mc_w.l(printfb.o)
    0x08002f70   0x0000001c   Code   RO         3641    i.delay             stm322xg_eval_lcd.o
    0x08002f8c   0x000000fc   Code   RO         1231    i.fputc             lcd_log.o
    0x08003088   0x00000050   Code   RO            3    i.main              app.o
    0x080030d8   0x00000048   Code   RO         1158    i.usbd_cdc_DataIn   usbd_cdc_core.o
    0x08003120   0x00000034   Code   RO         1159    i.usbd_cdc_DataOut  usbd_cdc_core.o
    0x08003154   0x00000028   Code   RO         1160    i.usbd_cdc_DeInit   usbd_cdc_core.o
    0x0800317c   0x00000028   Code   RO         1161    i.usbd_cdc_EP0_RxReady  usbd_cdc_core.o
    0x080031a4   0x00000054   Code   RO         1162    i.usbd_cdc_Init     usbd_cdc_core.o
    0x080031f8   0x00000020   Code   RO         1163    i.usbd_cdc_SOF      usbd_cdc_core.o
    0x08003218   0x000000b4   Code   RO         1164    i.usbd_cdc_Setup    usbd_cdc_core.o
    0x080032cc   0x00000050   Data   RO         3321    .constdata          stm322xg_eval.o
    0x0800331c   0x000011d0   Data   RO         3642    .constdata          stm322xg_eval_lcd.o
    0x080044ec   0x00000900   Data   RO         3643    .constdata          stm322xg_eval_lcd.o
    0x08004dec   0x00000900   Data   RO         3644    .constdata          stm322xg_eval_lcd.o
    0x080056ec   0x00000020   Data   RO         4178    Region$$Table       anon$$obj.o


    Execution Region RW_IRAM1 (Base: 0x20000000, Size: 0x000016d8, Max: 0x00020000, ABSOLUTE, COMPRESSED[0x0000011c])

    Base Addr    Size         Type   Attr      Idx    E Section Name        Object

    0x20000000   0x0000001c   Data   RW          236    .data               usbd_usr.o
    0x2000001c   0x00000008   Data   RW          355    .data               usbd_cdc_vcp.o
    0x20000024   0x00000014   Data   RW          356    .data               usbd_cdc_vcp.o
    0x20000038   0x0000001c   Data   RW          497    .data               usbd_desc.o
    0x20000054   0x00000016   Data   RW          498    .data               usbd_desc.o
    0x2000006a   0x00000002   PAD
    0x2000006c   0x00000010   Data   RW          936    .data               usbd_req.o
    0x2000007c   0x0000002c   Data   RW         1014    .data               usbd_core.o
    0x200000a8   0x00000004   Data   RW         1015    .data               usbd_core.o
    0x200000ac   0x00000004   Data   RW         1016    .data               usbd_core.o
    0x200000b0   0x0000006b   Data   RW         1167    .data               usbd_cdc_core.o
    0x2000011b   0x00000001   PAD
    0x2000011c   0x0000002c   Data   RW         1168    .data               usbd_cdc_core.o
    0x20000148   0x00000012   Data   RW         1233    .data               lcd_log.o
    0x2000015a   0x00000010   Data   RW         2327    .data               stm32f2xx_rcc.o
    0x2000016a   0x00000002   PAD
    0x2000016c   0x0000002c   Data   RW         3322    .data               stm322xg_eval.o
    0x20000198   0x00000010   Data   RW         3646    .data               stm322xg_eval_lcd.o
    0x200001a8   0x00000008   Data   RW         3647    .data               stm322xg_eval_lcd.o
    0x200001b0   0x00000008   Data   RW         3648    .data               stm322xg_eval_lcd.o
    0x200001b8   0x00000004   Data   RW         4154    .data               mc_w.l(stdout.o)
    0x200001bc   0x000005f4   Zero   RW            4    .bss                app.o
    0x200007b0   0x00000010   Zero   RW          354    .bss                usbd_cdc_vcp.o
    0x200007c0   0x000000ff   Zero   RW          935    .bss                usbd_req.o
    0x200008bf   0x00000840   Zero   RW         1166    .bss                usbd_cdc_core.o
    0x200010ff   0x00000001   PAD
    0x20001100   0x000001d4   Zero   RW         1232    .bss                lcd_log.o
    0x200012d4   0x00000004   PAD
    0x200012d8   0x00000400   Zero   RW         1285    STACK               startup_stm32f2xx.o


==============================================================================

Image component sizes


      Code (inc. data)   RO Data    RW Data    ZI Data      Debug   Object Name

        80         16          0          0       1524     286630   app.o
       712         32          0         18        468       6245   lcd_log.o
       120         18          0          0          0       1703   misc.o
        36          8        388          0       1024        924   startup_stm32f2xx.o
       284         26         80         44          0       3987   stm322xg_eval.o
      1862         66       9168         32          0      13378   stm322xg_eval_lcd.o
        12          6          0          0          0        577   stm32f2xx_exti.o
       224          4          0          0          0       2077   stm32f2xx_fsmc.o
       194          0          0          0          0       1879   stm32f2xx_gpio.o
       268         46          0         16          0       5945   stm32f2xx_rcc.o
       344         10          0          0          0       5545   stm32f2xx_usart.o
        98         14          0          0          0       5027   stm32fxxx_it.o
       232         30          0          0          0       1577   system_stm32f2xx.o
       240          4          0          0          0       2495   usb_bsp.o
      2002         26          0          0          0      20332   usb_core.o
       482          0          0          0          0       5664   usb_dcd.o
      1242         40          0          0          0       7179   usb_dcd_int.o
       616         74          0        151       2112       8916   usbd_cdc_core.o
       540         56          0         28         16       5164   usbd_cdc_vcp.o
       654          4          0         52          0      10722   usbd_core.o
       292        180          0         50          0       5292   usbd_desc.o
       168          0          0          0          0       4368   usbd_ioreq.o
      1122         44          0         16        255       7913   usbd_req.o
       532        378          0         28          0       4725   usbd_usr.o

    ----------------------------------------------------------------------
     12388       1082       9668        440       5404     418264   Object Totals
         0          0         32          0          0          0   (incl. Generated)
        32          0          0          5          5          0   (incl. Padding)

    ----------------------------------------------------------------------

      Code (inc. data)   RO Data    RW Data    ZI Data      Debug   Library Member Name

        92          0          0          0          0          0   __dczerorl2.o
         0          0          0          0          0          0   entry.o
         0          0          0          0          0          0   entry10a.o
         0          0          0          0          0          0   entry11a.o
         8          4          0          0          0          0   entry2.o
         4          0          0          0          0          0   entry5.o
         0          0          0          0          0          0   entry7b.o
         0          0          0          0          0          0   entry8b.o
         8          4          0          0          0          0   entry9a.o
        30          0          0          0          0          0   handlers.o
        36          8          0          0          0         68   init.o
        50          8          0          0          0        152   printfb.o
         0          0          0          4          0          0   stdout.o

    ----------------------------------------------------------------------
       228         24          0          4          0        220   Library Totals
         0          0          0          0          0          0   (incl. Padding)

    ----------------------------------------------------------------------

      Code (inc. data)   RO Data    RW Data    ZI Data      Debug   Library Name

       228         24          0          4          0        220   mc_w.l

    ----------------------------------------------------------------------
       228         24          0          4          0        220   Library Totals

    ----------------------------------------------------------------------

==============================================================================


      Code (inc. data)   RO Data    RW Data    ZI Data      Debug   

     12616       1106       9668        444       5404     410164   Grand Totals
     12616       1106       9668        284       5404     410164   ELF Image Totals (compressed)
     12616       1106       9668        284          0          0   ROM Totals

==============================================================================

    Total RO  Size (Code + RO Data)                22284 (  21.76kB)
    Total RW  Size (RW Data + ZI Data)              5848 (   5.71kB)
    Total ROM Size (Code + RO Data + RW Data)      22568 (  22.04kB)

==============================================================================

