<html>
<body>
<pre>
<h1>µVision Build Log</h1>
<h2>Project:</h2>
C:\Users\drmoore\Documents\PEGMA\Firmware\lib\STM32_USB-Host-Device_Lib_V2.1.0\Project\USB_Device_Examples\VCP\MDK-ARM\usbd_vcp.uvproj
Project File Date:  11/18/2014

<h2>Output:</h2>
Rebuild target 'STM322xG-EVAL_USBD-FS'
compiling app.c...
compiling usb_bsp.c...
compiling usbd_usr.c...
compiling misc.c...
compiling usbd_cdc_vcp.c...
compiling stm32fxxx_it.c...
compiling usbd_desc.c...
compiling usb_dcd_int.c...
compiling usb_core.c...
compiling usb_dcd.c...
compiling usbd_req.c...
compiling usbd_core.c...
compiling usbd_ioreq.c...
compiling usbd_cdc_core.c...
compiling lcd_log.c...
assembling startup_stm32f2xx.s...
compiling system_stm32f2xx.c...
compiling stm32f2xx_syscfg.c...
compiling stm32f2xx_dma.c...
compiling stm32f2xx_exti.c...
compiling stm32f2xx_flash.c...
compiling stm32f2xx_fsmc.c...
compiling stm32f2xx_gpio.c...
compiling stm32f2xx_i2c.c...
compiling stm32f2xx_pwr.c...
compiling stm32f2xx_rcc.c...
compiling stm32f2xx_spi.c...
compiling stm32f2xx_sdio.c...
compiling stm32f2xx_usart.c...
compiling stm322xg_eval_sdio_sd.c...
compiling stm322xg_eval.c...
compiling stm322xg_eval_ioe.c...
compiling stm322xg_eval_lcd.c...
linking...
Program Size: Code=12616 RO-data=9668 RW-data=444 ZI-data=5404  
".\STM322xG-EVAL\STM322xG-EVAL_FS.axf" - 0 Error(s), 0 Warning(s).
</pre>
</body>
</html>
