Component: ARM Compiler 5.06 update 1 (build 61) Tool: armlink [4d35a8]

==============================================================================

Section Cross References

    stm32f4xx_it.o(i.DMA2_Stream0_IRQHandler) refers to stm32f4xx_hal_dma.o(i.HAL_DMA_IRQHandler) for HAL_DMA_IRQHandler
    stm32f4xx_it.o(i.DMA2_Stream0_IRQHandler) refers to main.o(.bss) for hdma_adc1
    stm32f4xx_it.o(i.SysTick_Handler) refers to stm32f4xx_hal.o(i.HAL_IncTick) for HAL_IncTick
    stm32f4xx_it.o(i.SysTick_Handler) refers to stm32f4xx_hal_cortex.o(i.HAL_SYSTICK_IRQHandler) for HAL_SYSTICK_IRQHandler
    stm32f4xx_hal_msp.o(i.HAL_ADC_MspDeInit) refers to stm32f4xx_hal_gpio.o(i.HAL_GPIO_DeInit) for HAL_GPIO_DeInit
    stm32f4xx_hal_msp.o(i.HAL_ADC_MspDeInit) refers to stm32f4xx_hal_dma.o(i.HAL_DMA_DeInit) for HAL_DMA_DeInit
    stm32f4xx_hal_msp.o(i.HAL_ADC_MspInit) refers to stm32f4xx_hal_gpio.o(i.HAL_GPIO_Init) for HAL_GPIO_Init
    stm32f4xx_hal_msp.o(i.HAL_ADC_MspInit) refers to stm32f4xx_hal_dma.o(i.HAL_DMA_Init) for HAL_DMA_Init
    stm32f4xx_hal_msp.o(i.HAL_ADC_MspInit) refers to main.o(.bss) for hdma_adc1
    stm32f4xx_hal_msp.o(i.HAL_DAC_MspDeInit) refers to stm32f4xx_hal_gpio.o(i.HAL_GPIO_DeInit) for HAL_GPIO_DeInit
    stm32f4xx_hal_msp.o(i.HAL_DAC_MspInit) refers to stm32f4xx_hal_gpio.o(i.HAL_GPIO_Init) for HAL_GPIO_Init
    stm32f4xx_hal_msp.o(i.HAL_FMC_MspDeInit) refers to stm32f4xx_hal_gpio.o(i.HAL_GPIO_DeInit) for HAL_GPIO_DeInit
    stm32f4xx_hal_msp.o(i.HAL_FMC_MspDeInit) refers to stm32f4xx_hal_msp.o(.data) for FMC_DeInitialized
    stm32f4xx_hal_msp.o(i.HAL_FMC_MspInit) refers to stm32f4xx_hal_gpio.o(i.HAL_GPIO_Init) for HAL_GPIO_Init
    stm32f4xx_hal_msp.o(i.HAL_FMC_MspInit) refers to stm32f4xx_hal_msp.o(.data) for FMC_Initialized
    stm32f4xx_hal_msp.o(i.HAL_I2C_MspDeInit) refers to stm32f4xx_hal_gpio.o(i.HAL_GPIO_DeInit) for HAL_GPIO_DeInit
    stm32f4xx_hal_msp.o(i.HAL_I2C_MspInit) refers to stm32f4xx_hal_gpio.o(i.HAL_GPIO_Init) for HAL_GPIO_Init
    stm32f4xx_hal_msp.o(i.HAL_LTDC_MspDeInit) refers to stm32f4xx_hal_gpio.o(i.HAL_GPIO_DeInit) for HAL_GPIO_DeInit
    stm32f4xx_hal_msp.o(i.HAL_LTDC_MspInit) refers to stm32f4xx_hal_gpio.o(i.HAL_GPIO_Init) for HAL_GPIO_Init
    stm32f4xx_hal_msp.o(i.HAL_MspInit) refers to stm32f4xx_hal_cortex.o(i.HAL_NVIC_SetPriorityGrouping) for HAL_NVIC_SetPriorityGrouping
    stm32f4xx_hal_msp.o(i.HAL_MspInit) refers to stm32f4xx_hal_cortex.o(i.HAL_NVIC_SetPriority) for HAL_NVIC_SetPriority
    stm32f4xx_hal_msp.o(i.HAL_SDRAM_MspDeInit) refers to stm32f4xx_hal_msp.o(i.HAL_FMC_MspDeInit) for HAL_FMC_MspDeInit
    stm32f4xx_hal_msp.o(i.HAL_SDRAM_MspInit) refers to stm32f4xx_hal_msp.o(i.HAL_FMC_MspInit) for HAL_FMC_MspInit
    stm32f4xx_hal_msp.o(i.HAL_SPI_MspDeInit) refers to stm32f4xx_hal_gpio.o(i.HAL_GPIO_DeInit) for HAL_GPIO_DeInit
    stm32f4xx_hal_msp.o(i.HAL_SPI_MspInit) refers to stm32f4xx_hal_gpio.o(i.HAL_GPIO_Init) for HAL_GPIO_Init
    stm32f4xx_hal_msp.o(i.HAL_SRAM_MspDeInit) refers to stm32f4xx_hal_msp.o(i.HAL_FMC_MspDeInit) for HAL_FMC_MspDeInit
    stm32f4xx_hal_msp.o(i.HAL_SRAM_MspInit) refers to stm32f4xx_hal_msp.o(i.HAL_FMC_MspInit) for HAL_FMC_MspInit
    stm32f4xx_hal_msp.o(i.HAL_UART_MspDeInit) refers to stm32f4xx_hal_gpio.o(i.HAL_GPIO_DeInit) for HAL_GPIO_DeInit
    stm32f4xx_hal_msp.o(i.HAL_UART_MspInit) refers to stm32f4xx_hal_gpio.o(i.HAL_GPIO_Init) for HAL_GPIO_Init
    main.o(i.BSP_SDRAM_Initialization_sequence) refers to stm32f4xx_hal_sdram.o(i.HAL_SDRAM_SendCommand) for HAL_SDRAM_SendCommand
    main.o(i.BSP_SDRAM_Initialization_sequence) refers to stm32f4xx_hal.o(i.HAL_Delay) for HAL_Delay
    main.o(i.BSP_SDRAM_Initialization_sequence) refers to stm32f4xx_hal_sdram.o(i.HAL_SDRAM_ProgramRefreshRate) for HAL_SDRAM_ProgramRefreshRate
    main.o(i.Display_DemoDescription) refers to stm32f429i_discovery_lcd.o(i.BSP_LCD_SelectLayer) for BSP_LCD_SelectLayer
    main.o(i.Display_DemoDescription) refers to stm32f429i_discovery_lcd.o(i.BSP_LCD_SetFont) for BSP_LCD_SetFont
    main.o(i.Display_DemoDescription) refers to stm32f429i_discovery_lcd.o(i.BSP_LCD_SetBackColor) for BSP_LCD_SetBackColor
    main.o(i.Display_DemoDescription) refers to stm32f429i_discovery_lcd.o(i.BSP_LCD_Clear) for BSP_LCD_Clear
    main.o(i.Display_DemoDescription) refers to stm32f429i_discovery_lcd.o(i.BSP_LCD_SetTextColor) for BSP_LCD_SetTextColor
    main.o(i.Display_DemoDescription) refers to stm32f429i_discovery_lcd.o(i.BSP_LCD_DisplayStringAt) for BSP_LCD_DisplayStringAt
    main.o(i.Display_DemoDescription) refers to stm32f429i_discovery_lcd.o(i.BSP_LCD_GetYSize) for BSP_LCD_GetYSize
    main.o(i.Display_DemoDescription) refers to stm32f429i_discovery_lcd.o(i.BSP_LCD_GetXSize) for BSP_LCD_GetXSize
    main.o(i.Display_DemoDescription) refers to stm32f429i_discovery_lcd.o(i.BSP_LCD_FillRect) for BSP_LCD_FillRect
    main.o(i.Display_DemoDescription) refers to stm32f429i_discovery_lcd.o(.data) for Font24
[...]
    ../Drivers/STM32F4xx_HAL_Driver/Src/stm32f4xx_hal_sdram.c 0x00000000   Number         0  stm32f4xx_hal_sdram.o ABSOLUTE
    ../Drivers/STM32F4xx_HAL_Driver/Src/stm32f4xx_hal_spi.c 0x00000000   Number         0  stm32f4xx_hal_spi.o ABSOLUTE
    ../Drivers/STM32F4xx_HAL_Driver/Src/stm32f4xx_hal_sram.c 0x00000000   Number         0  stm32f4xx_hal_sram.o ABSOLUTE
    ../Drivers/STM32F4xx_HAL_Driver/Src/stm32f4xx_hal_tim.c 0x00000000   Number         0  stm32f4xx_hal_tim.o ABSOLUTE
    ../Drivers/STM32F4xx_HAL_Driver/Src/stm32f4xx_hal_tim_ex.c 0x00000000   Number         0  stm32f4xx_hal_tim_ex.o ABSOLUTE
    ../Drivers/STM32F4xx_HAL_Driver/Src/stm32f4xx_hal_uart.c 0x00000000   Number         0  stm32f4xx_hal_uart.o ABSOLUTE
    ../Drivers/STM32F4xx_HAL_Driver/Src/stm32f4xx_ll_fmc.c 0x00000000   Number         0  stm32f4xx_ll_fmc.o ABSOLUTE
    ../Drivers/STM32F4xx_HAL_Driver/Src/stm32f4xx_ll_usb.c 0x00000000   Number         0  stm32f4xx_ll_usb.o ABSOLUTE
    ../Src/main.c                            0x00000000   Number         0  main.o ABSOLUTE
    ../Src/stm32f4xx_hal_msp.c               0x00000000   Number         0  stm32f4xx_hal_msp.o ABSOLUTE
    ../Src/stm32f4xx_it.c                    0x00000000   Number         0  stm32f4xx_it.o ABSOLUTE
    ../clib/microlib/division.c              0x00000000   Number         0  uidiv.o ABSOLUTE
    ../clib/microlib/division.c              0x00000000   Number         0  uldiv.o ABSOLUTE
    ../clib/microlib/init/entry.s            0x00000000   Number         0  entry8a.o ABSOLUTE
    ../clib/microlib/init/entry.s            0x00000000   Number         0  entry7b.o ABSOLUTE
    ../clib/microlib/init/entry.s            0x00000000   Number         0  entry7a.o ABSOLUTE
    ../clib/microlib/init/entry.s            0x00000000   Number         0  entry5.o ABSOLUTE
    ../clib/microlib/init/entry.s            0x00000000   Number         0  entry2.o ABSOLUTE
    ../clib/microlib/init/entry.s            0x00000000   Number         0  entry9b.o ABSOLUTE
    ../clib/microlib/init/entry.s            0x00000000   Number         0  entry.o ABSOLUTE
    ../clib/microlib/init/entry.s            0x00000000   Number         0  entry11b.o ABSOLUTE
    ../clib/microlib/init/entry.s            0x00000000   Number         0  entry11a.o ABSOLUTE
    ../clib/microlib/init/entry.s            0x00000000   Number         0  entry10b.o ABSOLUTE
    ../clib/microlib/init/entry.s            0x00000000   Number         0  entry10a.o ABSOLUTE
    ../clib/microlib/init/entry.s            0x00000000   Number         0  entry9a.o ABSOLUTE
    ../clib/microlib/init/entry.s            0x00000000   Number         0  entry8b.o ABSOLUTE
    ../clib/microlib/longlong.c              0x00000000   Number         0  llsshr.o ABSOLUTE
    ../clib/microlib/longlong.c              0x00000000   Number         0  llushr.o ABSOLUTE
    ../clib/microlib/longlong.c              0x00000000   Number         0  llshl.o ABSOLUTE
    ../clib/microlib/printf/printf.c         0x00000000   Number         0  printf1.o ABSOLUTE
    ../clib/microlib/printf/printf.c         0x00000000   Number         0  printf2.o ABSOLUTE
    ../clib/microlib/printf/printf.c         0x00000000   Number         0  printf3.o ABSOLUTE
    ../clib/microlib/printf/printf.c         0x00000000   Number         0  printf0.o ABSOLUTE
    ../clib/microlib/printf/printf.c         0x00000000   Number         0  printf4.o ABSOLUTE
    ../clib/microlib/printf/printf.c         0x00000000   Number         0  printf5.o ABSOLUTE
    ../clib/microlib/printf/printf.c         0x00000000   Number         0  printf6.o ABSOLUTE
    ../clib/microlib/printf/printf.c         0x00000000   Number         0  printfb.o ABSOLUTE
    ../clib/microlib/printf/printf.c         0x00000000   Number         0  printf7.o ABSOLUTE
    ../clib/microlib/printf/printf.c         0x00000000   Number         0  printf8.o ABSOLUTE
    ../clib/microlib/printf/printf.c         0x00000000   Number         0  printfa.o ABSOLUTE
    ../clib/microlib/printf/stubs.s          0x00000000   Number         0  stubs.o ABSOLUTE
    ../clib/microlib/stdio/fputc.c           0x00000000   Number         0  fputc.o ABSOLUTE
    ../clib/microlib/stdio/semi.s            0x00000000   Number         0  semi.o ABSOLUTE
    ../clib/microlib/stdio/streams.c         0x00000000   Number         0  stdout.o ABSOLUTE
    ../clib/microlib/string/memcpy.c         0x00000000   Number         0  memcpyb.o ABSOLUTE
    ../clib/microlib/string/memcpy.c         0x00000000   Number         0  memcpya.o ABSOLUTE
    ../clib/microlib/stubs.s                 0x00000000   Number         0  iusefp.o ABSOLUTE
    ../clib/microlib/stubs.s                 0x00000000   Number         0  iusesemip.o ABSOLUTE
    ../fplib/microlib/fpadd.c                0x00000000   Number         0  dadd.o ABSOLUTE
    ../fplib/microlib/fpdiv.c                0x00000000   Number         0  ddiv.o ABSOLUTE
    ../fplib/microlib/fpepilogue.c           0x00000000   Number         0  depilogue.o ABSOLUTE
    ../fplib/microlib/fpfix.c                0x00000000   Number         0  dfixul.o ABSOLUTE
    ../fplib/microlib/fpmul.c                0x00000000   Number         0  dmul.o ABSOLUTE
    ..\Drivers\CMSIS\Device\ST\STM32F4xx\Source\Templates\system_stm32f4xx.c 0x00000000   Number         0  system_stm32f4xx.o ABSOLUTE
    ..\Drivers\STM32F4xx_HAL_Driver\Src\stm32f4xx_hal.c 0x00000000   Number         0  stm32f4xx_hal.o ABSOLUTE
    ..\Drivers\STM32F4xx_HAL_Driver\Src\stm32f4xx_hal_adc.c 0x00000000   Number         0  stm32f4xx_hal_adc.o ABSOLUTE
    ..\Drivers\STM32F4xx_HAL_Driver\Src\stm32f4xx_hal_adc_ex.c 0x00000000   Number         0  stm32f4xx_hal_adc_ex.o ABSOLUTE
    ..\Drivers\STM32F4xx_HAL_Driver\Src\stm32f4xx_hal_cortex.c 0x00000000   Number         0  stm32f4xx_hal_cortex.o ABSOLUTE
    ..\Drivers\STM32F4xx_HAL_Driver\Src\stm32f4xx_hal_crc.c 0x00000000   Number         0  stm32f4xx_hal_crc.o ABSOLUTE
    ..\Drivers\STM32F4xx_HAL_Driver\Src\stm32f4xx_hal_dac.c 0x00000000   Number         0  stm32f4xx_hal_dac.o ABSOLUTE
    ..\Drivers\STM32F4xx_HAL_Driver\Src\stm32f4xx_hal_dac_ex.c 0x00000000   Number         0  stm32f4xx_hal_dac_ex.o ABSOLUTE
    ..\Drivers\STM32F4xx_HAL_Driver\Src\stm32f4xx_hal_dma.c 0x00000000   Number         0  stm32f4xx_hal_dma.o ABSOLUTE
    ..\Drivers\STM32F4xx_HAL_Driver\Src\stm32f4xx_hal_dma2d.c 0x00000000   Number         0  stm32f4xx_hal_dma2d.o ABSOLUTE
    ..\Drivers\STM32F4xx_HAL_Driver\Src\stm32f4xx_hal_dma_ex.c 0x00000000   Number         0  stm32f4xx_hal_dma_ex.o ABSOLUTE
    ..\Drivers\STM32F4xx_HAL_Driver\Src\stm32f4xx_hal_dsi.c 0x00000000   Number         0  stm32f4xx_hal_dsi.o ABSOLUTE
    ..\Drivers\STM32F4xx_HAL_Driver\Src\stm32f4xx_hal_flash.c 0x00000000   Number         0  stm32f4xx_hal_flash.o ABSOLUTE
    ..\Drivers\STM32F4xx_HAL_Driver\Src\stm32f4xx_hal_flash_ex.c 0x00000000   Number         0  stm32f4xx_hal_flash_ex.o ABSOLUTE
    ..\Drivers\STM32F4xx_HAL_Driver\Src\stm32f4xx_hal_flash_ramfunc.c 0x00000000   Number         0  stm32f4xx_hal_flash_ramfunc.o ABSOLUTE
    ..\Drivers\STM32F4xx_HAL_Driver\Src\stm32f4xx_hal_gpio.c 0x00000000   Number         0  stm32f4xx_hal_gpio.o ABSOLUTE
    ..\Drivers\STM32F4xx_HAL_Driver\Src\stm32f4xx_hal_i2c.c 0x00000000   Number         0  stm32f4xx_hal_i2c.o ABSOLUTE
    ..\Drivers\STM32F4xx_HAL_Driver\Src\stm32f4xx_hal_i2c_ex.c 0x00000000   Number         0  stm32f4xx_hal_i2c_ex.o ABSOLUTE
    ..\Drivers\STM32F4xx_HAL_Driver\Src\stm32f4xx_hal_ltdc.c 0x00000000   Number         0  stm32f4xx_hal_ltdc.o ABSOLUTE
    ..\Drivers\STM32F4xx_HAL_Driver\Src\stm32f4xx_hal_ltdc_ex.c 0x00000000   Number         0  stm32f4xx_hal_ltdc_ex.o ABSOLUTE
    ..\Drivers\STM32F4xx_HAL_Driver\Src\stm32f4xx_hal_pcd.c 0x00000000   Number         0  stm32f4xx_hal_pcd.o ABSOLUTE
    ..\Drivers\STM32F4xx_HAL_Driver\Src\stm32f4xx_hal_pcd_ex.c 0x00000000   Number         0  stm32f4xx_hal_pcd_ex.o ABSOLUTE
    ..\Drivers\STM32F4xx_HAL_Driver\Src\stm32f4xx_hal_pwr.c 0x00000000   Number         0  stm32f4xx_hal_pwr.o ABSOLUTE
    ..\Drivers\STM32F4xx_HAL_Driver\Src\stm32f4xx_hal_pwr_ex.c 0x00000000   Number         0  stm32f4xx_hal_pwr_ex.o ABSOLUTE
    ..\Drivers\STM32F4xx_HAL_Driver\Src\stm32f4xx_hal_rcc.c 0x00000000   Number         0  stm32f4xx_hal_rcc.o ABSOLUTE
    ..\Drivers\STM32F4xx_HAL_Driver\Src\stm32f4xx_hal_rcc_ex.c 0x00000000   Number         0  stm32f4xx_hal_rcc_ex.o ABSOLUTE
    ..\Drivers\STM32F4xx_HAL_Driver\Src\stm32f4xx_hal_sdram.c 0x00000000   Number         0  stm32f4xx_hal_sdram.o ABSOLUTE
    ..\Drivers\STM32F4xx_HAL_Driver\Src\stm32f4xx_hal_spi.c 0x00000000   Number         0  stm32f4xx_hal_spi.o ABSOLUTE
    ..\Drivers\STM32F4xx_HAL_Driver\Src\stm32f4xx_hal_sram.c 0x00000000   Number         0  stm32f4xx_hal_sram.o ABSOLUTE
    ..\Drivers\STM32F4xx_HAL_Driver\Src\stm32f4xx_hal_tim.c 0x00000000   Number         0  stm32f4xx_hal_tim.o ABSOLUTE
    ..\Drivers\STM32F4xx_HAL_Driver\Src\stm32f4xx_hal_tim_ex.c 0x00000000   Number         0  stm32f4xx_hal_tim_ex.o ABSOLUTE
    ..\Drivers\STM32F4xx_HAL_Driver\Src\stm32f4xx_hal_uart.c 0x00000000   Number         0  stm32f4xx_hal_uart.o ABSOLUTE
    ..\Drivers\STM32F4xx_HAL_Driver\Src\stm32f4xx_ll_fmc.c 0x00000000   Number         0  stm32f4xx_ll_fmc.o ABSOLUTE
    ..\Drivers\STM32F4xx_HAL_Driver\Src\stm32f4xx_ll_usb.c 0x00000000   Number         0  stm32f4xx_ll_usb.o ABSOLUTE
    ..\Src\BSP\Components\ili9341\ili9341.c  0x00000000   Number         0  ili9341.o ABSOLUTE
    ..\Src\BSP\Components\stmpe811\stmpe811.c 0x00000000   Number         0  stmpe811.o ABSOLUTE
    ..\Src\BSP\STM32F429I-Discovery\stm32f429i_discovery.c 0x00000000   Number         0  stm32f429i_discovery.o ABSOLUTE
    ..\Src\BSP\STM32F429I-Discovery\stm32f429i_discovery_lcd.c 0x00000000   Number         0  stm32f429i_discovery_lcd.o ABSOLUTE
    ..\Src\BSP\STM32F429I-Discovery\stm32f429i_discovery_ts.c 0x00000000   Number         0  stm32f429i_discovery_ts.o ABSOLUTE
    ..\Src\main.c                            0x00000000   Number         0  main.o ABSOLUTE
    ..\Src\stm32f4xx_hal_msp.c               0x00000000   Number         0  stm32f4xx_hal_msp.o ABSOLUTE
    ..\Src\stm32f4xx_it.c                    0x00000000   Number         0  stm32f4xx_it.o ABSOLUTE
    ..\\Src\\BSP\\Components\\ili9341\\ili9341.c 0x00000000   Number         0  ili9341.o ABSOLUTE
    ..\\Src\\BSP\\STM32F429I-Discovery\\stm32f429i_discovery.c 0x00000000   Number         0  stm32f429i_discovery.o ABSOLUTE
    ..\\Src\\BSP\\STM32F429I-Discovery\\stm32f429i_discovery_lcd.c 0x00000000   Number         0  stm32f429i_discovery_lcd.o ABSOLUTE
    ..\\Src\\BSP\\STM32F429I-Discovery\\stm32f429i_discovery_ts.c 0x00000000   Number         0  stm32f429i_discovery_ts.o ABSOLUTE
    cdrcmple.s                               0x00000000   Number         0  cdrcmple.o ABSOLUTE
    dc.s                                     0x00000000   Number         0  dc.o ABSOLUTE
    handlers.s                               0x00000000   Number         0  handlers.o ABSOLUTE
    init.s                                   0x00000000   Number         0  init.o ABSOLUTE
    RESET                                    0x08000000   Section      428  startup_stm32f429xx.o(RESET)
    .ARM.Collect$$$$00000000                 0x080001ac   Section        0  entry.o(.ARM.Collect$$$$00000000)
    .ARM.Collect$$$$00000001                 0x080001ac   Section        4  entry2.o(.ARM.Collect$$$$00000001)
    .ARM.Collect$$$$00000004                 0x080001b0   Section        4  entry5.o(.ARM.Collect$$$$00000004)
    .ARM.Collect$$$$00000008                 0x080001b4   Section        0  entry7b.o(.ARM.Collect$$$$00000008)
    .ARM.Collect$$$$0000000A                 0x080001b4   Section        0  entry8b.o(.ARM.Collect$$$$0000000A)
    .ARM.Collect$$$$0000000B                 0x080001b4   Section        8  entry9a.o(.ARM.Collect$$$$0000000B)
    .ARM.Collect$$$$0000000D                 0x080001bc   Section        0  entry10a.o(.ARM.Collect$$$$0000000D)
    .ARM.Collect$$$$0000000F                 0x080001bc   Section        0  entry11a.o(.ARM.Collect$$$$0000000F)
    .ARM.Collect$$$$00002712                 0x080001bc   Section        4  entry2.o(.ARM.Collect$$$$00002712)
    __lit__00000000                          0x080001bc   Data           4  entry2.o(.ARM.Collect$$$$00002712)
    .text                                    0x080001c0   Section       36  startup_stm32f429xx.o(.text)
    $v0                                      0x080001c0   Number         0  startup_stm32f429xx.o(.text)
    .text                                    0x080001e4   Section        0  memcpya.o(.text)
    .text                                    0x08000208   Section        0  uidiv.o(.text)
    .text                                    0x08000234   Section       36  init.o(.text)
    i.ADC_Init                               0x08000258   Section        0  stm32f4xx_hal_adc.o(i.ADC_Init)
    ADC_Init                                 0x08000259   Thumb Code   362  stm32f4xx_hal_adc.o(i.ADC_Init)
    i.BSP_LCD_Clear                          0x080003d0   Section        0  stm32f429i_discovery_lcd.o(i.BSP_LCD_Clear)
    i.BSP_LCD_DisplayChar                    0x08000410   Section        0  stm32f429i_discovery_lcd.o(i.BSP_LCD_DisplayChar)
    i.BSP_LCD_DisplayStringAt                0x08000478   Section        0  stm32f429i_discovery_lcd.o(i.BSP_LCD_DisplayStringAt)
    i.BSP_LCD_DrawPixel                      0x08000590   Section        0  stm32f429i_discovery_lcd.o(i.BSP_LCD_DrawPixel)
    i.BSP_LCD_FillRect                       0x080005c4   Section        0  stm32f429i_discovery_lcd.o(i.BSP_LCD_FillRect)
    i.BSP_LCD_GetXSize                       0x08000640   Section        0  stm32f429i_discovery_lcd.o(i.BSP_LCD_GetXSize)
    i.BSP_LCD_GetYSize                       0x08000650   Section        0  stm32f429i_discovery_lcd.o(i.BSP_LCD_GetYSize)
    i.BSP_LCD_Init                           0x08000660   Section        0  stm32f429i_discovery_lcd.o(i.BSP_LCD_Init)
    i.BSP_LCD_LayerDefaultInit               0x08000704   Section        0  stm32f429i_discovery_lcd.o(i.BSP_LCD_LayerDefaultInit)
    i.BSP_LCD_SelectLayer                    0x0800079c   Section        0  stm32f429i_discovery_lcd.o(i.BSP_LCD_SelectLayer)
    i.BSP_LCD_SetBackColor                   0x080007a8   Section        0  stm32f429i_discovery_lcd.o(i.BSP_LCD_SetBackColor)
    i.BSP_LCD_SetFont                        0x080007c4   Section        0  stm32f429i_discovery_lcd.o(i.BSP_LCD_SetFont)
    i.BSP_LCD_SetTextColor                   0x080007e0   Section        0  stm32f429i_discovery_lcd.o(i.BSP_LCD_SetTextColor)
    i.BSP_SDRAM_Initialization_sequence      0x080007f8   Section        0  main.o(i.BSP_SDRAM_Initialization_sequence)
    i.DMA2D_SetConfig                        0x0800088c   Section        0  stm32f4xx_hal_dma2d.o(i.DMA2D_SetConfig)
    DMA2D_SetConfig                          0x0800088d   Thumb Code   230  stm32f4xx_hal_dma2d.o(i.DMA2D_SetConfig)
    i.DMA2_Stream0_IRQHandler                0x08000974   Section        0  stm32f4xx_it.o(i.DMA2_Stream0_IRQHandler)
    i.DMA_CalcBaseAndBitshift                0x08000984   Section        0  stm32f4xx_hal_dma.o(i.DMA_CalcBaseAndBitshift)
    DMA_CalcBaseAndBitshift                  0x08000985   Thumb Code    46  stm32f4xx_hal_dma.o(i.DMA_CalcBaseAndBitshift)
    i.Display_DemoDescription                0x080009b8   Section        0  main.o(i.Display_DemoDescription)
    Display_DemoDescription                  0x080009b9   Thumb Code   238  main.o(i.Display_DemoDescription)
    i.DrawChar                               0x08000b50   Section        0  stm32f429i_discovery_lcd.o(i.DrawChar)
    DrawChar                                 0x08000b51   Thumb Code   256  stm32f429i_discovery_lcd.o(i.DrawChar)
    i.FMC_NORSRAM_Extended_Timing_Init       0x08000c58   Section        0  stm32f4xx_ll_fmc.o(i.FMC_NORSRAM_Extended_Timing_Init)
    i.FMC_NORSRAM_Init                       0x08000ca0   Section        0  stm32f4xx_ll_fmc.o(i.FMC_NORSRAM_Init)
    i.FMC_NORSRAM_Timing_Init                0x08000d20   Section        0  stm32f4xx_ll_fmc.o(i.FMC_NORSRAM_Timing_Init)
    i.FMC_SDRAM_Init                         0x08000d7e   Section        0  stm32f4xx_ll_fmc.o(i.FMC_SDRAM_Init)
    i.FMC_SDRAM_ProgramRefreshRate           0x08000df2   Section        0  stm32f4xx_ll_fmc.o(i.FMC_SDRAM_ProgramRefreshRate)
    i.FMC_SDRAM_SendCommand                  0x08000e00   Section        0  stm32f4xx_ll_fmc.o(i.FMC_SDRAM_SendCommand)
    i.FMC_SDRAM_Timing_Init                  0x08000e52   Section        0  stm32f4xx_ll_fmc.o(i.FMC_SDRAM_Timing_Init)
    i.FillBuffer                             0x08000eec   Section        0  stm32f429i_discovery_lcd.o(i.FillBuffer)
    FillBuffer                               0x08000eed   Thumb Code    86  stm32f429i_discovery_lcd.o(i.FillBuffer)
    i.HAL_ADC_ConfigChannel                  0x08000f4c   Section        0  stm32f4xx_hal_adc.o(i.HAL_ADC_ConfigChannel)
    i.HAL_ADC_GetValue                       0x080010e8   Section        0  stm32f4xx_hal_adc.o(i.HAL_ADC_GetValue)
    i.HAL_ADC_Init                           0x080010f0   Section        0  stm32f4xx_hal_adc.o(i.HAL_ADC_Init)
    i.HAL_ADC_MspInit                        0x08001140   Section        0  stm32f4xx_hal_msp.o(i.HAL_ADC_MspInit)
    i.HAL_ADC_Start                          0x08001290   Section        0  stm32f4xx_hal_adc.o(i.HAL_ADC_Start)
    i.HAL_CRC_Init                           0x08001358   Section        0  stm32f4xx_hal_crc.o(i.HAL_CRC_Init)
    i.HAL_CRC_MspInit                        0x0800137c   Section        0  stm32f4xx_hal_msp.o(i.HAL_CRC_MspInit)
    i.HAL_DACEx_TriangleWaveGenerate         0x080013b0   Section        0  stm32f4xx_hal_dac_ex.o(i.HAL_DACEx_TriangleWaveGenerate)
    i.HAL_DAC_ConfigChannel                  0x080013f2   Section        0  stm32f4xx_hal_dac.o(i.HAL_DAC_ConfigChannel)
    i.HAL_DAC_Init                           0x0800144c   Section        0  stm32f4xx_hal_dac.o(i.HAL_DAC_Init)
    i.HAL_DAC_MspInit                        0x08001474   Section        0  stm32f4xx_hal_msp.o(i.HAL_DAC_MspInit)
    i.HAL_DAC_Start                          0x080014c8   Section        0  stm32f4xx_hal_dac.o(i.HAL_DAC_Start)
    i.HAL_DMA2D_ConfigLayer                  0x08001554   Section        0  stm32f4xx_hal_dma2d.o(i.HAL_DMA2D_ConfigLayer)
    i.HAL_DMA2D_Init                         0x08001670   Section        0  stm32f4xx_hal_dma2d.o(i.HAL_DMA2D_Init)
    i.HAL_DMA2D_MspInit                      0x080016d4   Section        0  stm32f4xx_hal_msp.o(i.HAL_DMA2D_MspInit)
    i.HAL_DMA2D_PollForTransfer              0x08001708   Section        0  stm32f4xx_hal_dma2d.o(i.HAL_DMA2D_PollForTransfer)
    i.HAL_DMA2D_Start                        0x0800180e   Section        0  stm32f4xx_hal_dma2d.o(i.HAL_DMA2D_Start)
    i.HAL_DMA_IRQHandler                     0x08001868   Section        0  stm32f4xx_hal_dma.o(i.HAL_DMA_IRQHandler)
    i.HAL_DMA_Init                           0x08001a80   Section        0  stm32f4xx_hal_dma.o(i.HAL_DMA_Init)
    i.HAL_Delay                              0x08001b04   Section        0  stm32f4xx_hal.o(i.HAL_Delay)
    i.HAL_FMC_MspInit                        0x08001b20   Section        0  stm32f4xx_hal_msp.o(i.HAL_FMC_MspInit)
    HAL_FMC_MspInit                          0x08001b21   Thumb Code   232  stm32f4xx_hal_msp.o(i.HAL_FMC_MspInit)
    i.HAL_GPIO_DeInit                        0x08001c28   Section        0  stm32f4xx_hal_gpio.o(i.HAL_GPIO_DeInit)
    i.HAL_GPIO_Init                          0x08001da8   Section        0  stm32f4xx_hal_gpio.o(i.HAL_GPIO_Init)
    i.HAL_GPIO_WritePin                      0x08001fc4   Section        0  stm32f4xx_hal_gpio.o(i.HAL_GPIO_WritePin)
    i.HAL_GetTick                            0x08001fd0   Section        0  stm32f4xx_hal.o(i.HAL_GetTick)
    i.HAL_I2C_Init                           0x08001fdc   Section        0  stm32f4xx_hal_i2c.o(i.HAL_I2C_Init)
    i.HAL_I2C_MspInit                        0x080020fc   Section        0  stm32f4xx_hal_msp.o(i.HAL_I2C_MspInit)
    i.HAL_IncTick                            0x08002178   Section        0  stm32f4xx_hal.o(i.HAL_IncTick)
    i.HAL_Init                               0x08002188   Section        0  stm32f4xx_hal.o(i.HAL_Init)
    i.HAL_InitTick                           0x080021c4   Section        0  stm32f4xx_hal.o(i.HAL_InitTick)
    i.HAL_LTDC_ConfigLayer                   0x080021e8   Section        0  stm32f4xx_hal_ltdc.o(i.HAL_LTDC_ConfigLayer)
    i.HAL_LTDC_EnableDither                  0x08002248   Section        0  stm32f4xx_hal_ltdc.o(i.HAL_LTDC_EnableDither)
    i.HAL_LTDC_Init                          0x0800228c   Section        0  stm32f4xx_hal_ltdc.o(i.HAL_LTDC_Init)
    i.HAL_LTDC_MspInit                       0x080023b4   Section        0  stm32f4xx_hal_msp.o(i.HAL_LTDC_MspInit)
    i.HAL_MspInit                            0x080024e0   Section        0  stm32f4xx_hal_msp.o(i.HAL_MspInit)
    i.HAL_NVIC_EnableIRQ                     0x080024f4   Section        0  stm32f4xx_hal_cortex.o(i.HAL_NVIC_EnableIRQ)
    i.HAL_NVIC_SetPriority                   0x0800250e   Section        0  stm32f4xx_hal_cortex.o(i.HAL_NVIC_SetPriority)
    i.HAL_NVIC_SetPriorityGrouping           0x0800258c   Section        0  stm32f4xx_hal_cortex.o(i.HAL_NVIC_SetPriorityGrouping)
    i.HAL_RCCEx_PeriphCLKConfig              0x080025b4   Section        0  stm32f4xx_hal_rcc_ex.o(i.HAL_RCCEx_PeriphCLKConfig)
    i.HAL_RCC_ClockConfig                    0x0800291c   Section        0  stm32f4xx_hal_rcc.o(i.HAL_RCC_ClockConfig)
    i.HAL_RCC_GetHCLKFreq                    0x08002bcc   Section        0  stm32f4xx_hal_rcc.o(i.HAL_RCC_GetHCLKFreq)
    i.HAL_RCC_GetPCLK1Freq                   0x08002c04   Section        0  stm32f4xx_hal_rcc.o(i.HAL_RCC_GetPCLK1Freq)
    i.HAL_RCC_GetPCLK2Freq                   0x08002c30   Section        0  stm32f4xx_hal_rcc.o(i.HAL_RCC_GetPCLK2Freq)
    i.HAL_RCC_GetSysClockFreq                0x08002c5c   Section        0  stm32f4xx_hal_rcc.o(i.HAL_RCC_GetSysClockFreq)
    i.HAL_RCC_OscConfig                      0x08002d10   Section        0  stm32f4xx_hal_rcc.o(i.HAL_RCC_OscConfig)
    i.HAL_SDRAM_Init                         0x0800310c   Section        0  stm32f4xx_hal_sdram.o(i.HAL_SDRAM_Init)
    i.HAL_SDRAM_MspInit                      0x0800314c   Section        0  stm32f4xx_hal_msp.o(i.HAL_SDRAM_MspInit)
    i.HAL_SDRAM_ProgramRefreshRate           0x08003156   Section        0  stm32f4xx_hal_sdram.o(i.HAL_SDRAM_ProgramRefreshRate)
    i.HAL_SDRAM_SendCommand                  0x0800317e   Section        0  stm32f4xx_hal_sdram.o(i.HAL_SDRAM_SendCommand)
    i.HAL_SPI_DeInit                         0x080031b8   Section        0  stm32f4xx_hal_spi.o(i.HAL_SPI_DeInit)
    i.HAL_SPI_GetState                       0x080031e8   Section        0  stm32f4xx_hal_spi.o(i.HAL_SPI_GetState)
    i.HAL_SPI_Init                           0x080031f0   Section        0  stm32f4xx_hal_spi.o(i.HAL_SPI_Init)
    i.HAL_SPI_MspDeInit                      0x08003278   Section        0  stm32f4xx_hal_msp.o(i.HAL_SPI_MspDeInit)
    i.HAL_SPI_MspInit                        0x080032a8   Section        0  stm32f4xx_hal_msp.o(i.HAL_SPI_MspInit)
    i.HAL_SPI_Receive                        0x08003304   Section        0  stm32f4xx_hal_spi.o(i.HAL_SPI_Receive)
    i.HAL_SPI_Transmit                       0x08003540   Section        0  stm32f4xx_hal_spi.o(i.HAL_SPI_Transmit)
    i.HAL_SPI_TransmitReceive                0x08003702   Section        0  stm32f4xx_hal_spi.o(i.HAL_SPI_TransmitReceive)
    i.HAL_SRAM_Init                          0x08003a54   Section        0  stm32f4xx_hal_sram.o(i.HAL_SRAM_Init)
    i.HAL_SRAM_MspInit                       0x08003aac   Section        0  stm32f4xx_hal_msp.o(i.HAL_SRAM_MspInit)
    i.HAL_SYSTICK_CLKSourceConfig            0x08003ab6   Section        0  stm32f4xx_hal_cortex.o(i.HAL_SYSTICK_CLKSourceConfig)
    i.HAL_SYSTICK_Callback                   0x08003ade   Section        0  stm32f4xx_hal_cortex.o(i.HAL_SYSTICK_Callback)
    i.HAL_SYSTICK_Config                     0x08003ae8   Section        0  stm32f4xx_hal_cortex.o(i.HAL_SYSTICK_Config)
    i.HAL_SYSTICK_IRQHandler                 0x08003b1c   Section        0  stm32f4xx_hal_cortex.o(i.HAL_SYSTICK_IRQHandler)
    i.HAL_TIMEx_MasterConfigSynchronization  0x08003b24   Section        0  stm32f4xx_hal_tim_ex.o(i.HAL_TIMEx_MasterConfigSynchronization)
    i.HAL_TIM_Base_Init                      0x08003b86   Section        0  stm32f4xx_hal_tim.o(i.HAL_TIM_Base_Init)
    i.HAL_TIM_Base_MspInit                   0x08003bbc   Section        0  stm32f4xx_hal_msp.o(i.HAL_TIM_Base_MspInit)
    i.HAL_UART_Init                          0x08003c1c   Section        0  stm32f4xx_hal_uart.o(i.HAL_UART_Init)
    i.HAL_UART_MspInit                       0x08003c8c   Section        0  stm32f4xx_hal_msp.o(i.HAL_UART_MspInit)
    i.LCD_Delay                              0x08003d5c   Section        0  stm32f429i_discovery.o(i.LCD_Delay)
    i.LCD_IO_Init                            0x08003d68   Section        0  stm32f429i_discovery.o(i.LCD_IO_Init)
    i.LCD_IO_ReadData                        0x08003e7c   Section        0  stm32f429i_discovery.o(i.LCD_IO_ReadData)
    i.LCD_IO_WriteData                       0x08003ef4   Section        0  stm32f429i_discovery.o(i.LCD_IO_WriteData)
    i.LCD_IO_WriteReg                        0x08003f54   Section        0  stm32f429i_discovery.o(i.LCD_IO_WriteReg)
    i.LTDC_SetConfig                         0x08003fb4   Section        0  stm32f4xx_hal_ltdc.o(i.LTDC_SetConfig)
    LTDC_SetConfig                           0x08003fb5   Thumb Code   530  stm32f4xx_hal_ltdc.o(i.LTDC_SetConfig)
    i.MX_ADC1_Init                           0x080041c8   Section        0  main.o(i.MX_ADC1_Init)
    MX_ADC1_Init                             0x080041c9   Thumb Code    68  main.o(i.MX_ADC1_Init)
    i.MX_ADC2_Init                           0x08004214   Section        0  main.o(i.MX_ADC2_Init)
    MX_ADC2_Init                             0x08004215   Thumb Code    68  main.o(i.MX_ADC2_Init)
    i.MX_ADC3_Init                           0x08004260   Section        0  main.o(i.MX_ADC3_Init)
    MX_ADC3_Init                             0x08004261   Thumb Code    68  main.o(i.MX_ADC3_Init)
    i.MX_CRC_Init                            0x080042ac   Section        0  main.o(i.MX_CRC_Init)
    MX_CRC_Init                              0x080042ad   Thumb Code    16  main.o(i.MX_CRC_Init)
    i.MX_DAC_Init                            0x080042c4   Section        0  main.o(i.MX_DAC_Init)
    MX_DAC_Init                              0x080042c5   Thumb Code    34  main.o(i.MX_DAC_Init)
    i.MX_DMA2D_Init                          0x080042f0   Section        0  main.o(i.MX_DMA2D_Init)
    MX_DMA2D_Init                            0x080042f1   Thumb Code    42  main.o(i.MX_DMA2D_Init)
    i.MX_DMA_Init                            0x08004324   Section        0  main.o(i.MX_DMA_Init)
    MX_DMA_Init                              0x08004325   Thumb Code    52  main.o(i.MX_DMA_Init)
    i.MX_FMC_Init                            0x0800435c   Section        0  main.o(i.MX_FMC_Init)
    MX_FMC_Init                              0x0800435d   Thumb Code   200  main.o(i.MX_FMC_Init)
    i.MX_GPIO_Init                           0x08004434   Section        0  main.o(i.MX_GPIO_Init)
    MX_GPIO_Init                             0x08004435   Thumb Code   442  main.o(i.MX_GPIO_Init)
    i.MX_I2C3_Init                           0x08004610   Section        0  main.o(i.MX_I2C3_Init)
    MX_I2C3_Init                             0x08004611   Thumb Code    42  main.o(i.MX_I2C3_Init)
    i.MX_TIM6_Init                           0x08004648   Section        0  main.o(i.MX_TIM6_Init)
    MX_TIM6_Init                             0x08004649   Thumb Code    40  main.o(i.MX_TIM6_Init)
    i.MX_TIM7_Init                           0x08004678   Section        0  main.o(i.MX_TIM7_Init)
    MX_TIM7_Init                             0x08004679   Thumb Code    40  main.o(i.MX_TIM7_Init)
    i.MX_UART5_Init                          0x080046a8   Section        0  main.o(i.MX_UART5_Init)
    MX_UART5_Init                            0x080046a9   Thumb Code    40  main.o(i.MX_UART5_Init)
    i.MX_USART1_UART_Init                    0x080046d8   Section        0  main.o(i.MX_USART1_UART_Init)
    MX_USART1_UART_Init                      0x080046d9   Thumb Code    40  main.o(i.MX_USART1_UART_Init)
    i.Main_sendUSB                           0x08004708   Section        0  main.o(i.Main_sendUSB)
    i.Main_testPowerSupplies                 0x08004730   Section        0  main.o(i.Main_testPowerSupplies)
    i.Main_testSDRAM                         0x080048a8   Section        0  main.o(i.Main_testSDRAM)
    i.MspInit                                0x080048dc   Section        0  stm32f429i_discovery_lcd.o(i.MspInit)
    MspInit                                  0x080048dd   Thumb Code   384  stm32f429i_discovery_lcd.o(i.MspInit)
    i.NVIC_GetPriorityGrouping               0x08004a78   Section        0  stm32f4xx_hal_cortex.o(i.NVIC_GetPriorityGrouping)
    NVIC_GetPriorityGrouping                 0x08004a79   Thumb Code    10  stm32f4xx_hal_cortex.o(i.NVIC_GetPriorityGrouping)
    i.NVIC_SetPriority                       0x08004a88   Section        0  stm32f4xx_hal_cortex.o(i.NVIC_SetPriority)
    NVIC_SetPriority                         0x08004a89   Thumb Code    32  stm32f4xx_hal_cortex.o(i.NVIC_SetPriority)
    i.SPI_WaitOnFlagUntilTimeout             0x08004ab0   Section        0  stm32f4xx_hal_spi.o(i.SPI_WaitOnFlagUntilTimeout)
    SPI_WaitOnFlagUntilTimeout               0x08004ab1   Thumb Code   276  stm32f4xx_hal_spi.o(i.SPI_WaitOnFlagUntilTimeout)
    i.SPIx_Error                             0x08004bc4   Section        0  stm32f429i_discovery.o(i.SPIx_Error)
    SPIx_Error                               0x08004bc5   Thumb Code    14  stm32f429i_discovery.o(i.SPIx_Error)
    i.SPIx_Init                              0x08004bd8   Section        0  stm32f429i_discovery.o(i.SPIx_Init)
    SPIx_Init                                0x08004bd9   Thumb Code    68  stm32f429i_discovery.o(i.SPIx_Init)
    i.SPIx_Read                              0x08004c24   Section        0  stm32f429i_discovery.o(i.SPIx_Read)
    SPIx_Read                                0x08004c25   Thumb Code    32  stm32f429i_discovery.o(i.SPIx_Read)
    i.SPIx_Write                             0x08004c4c   Section        0  stm32f429i_discovery.o(i.SPIx_Write)
    SPIx_Write                               0x08004c4d   Thumb Code    28  stm32f429i_discovery.o(i.SPIx_Write)
    i.SysTick_Handler                        0x08004c70   Section        0  stm32f4xx_it.o(i.SysTick_Handler)
    i.SystemClock_Config                     0x08004c7c   Section        0  main.o(i.SystemClock_Config)
    i.SystemInit                             0x08004d4c   Section        0  system_stm32f4xx.o(i.SystemInit)
    i.TIM_Base_SetConfig                     0x08004db0   Section        0  stm32f4xx_hal_tim.o(i.TIM_Base_SetConfig)
    i.UART_SetConfig                         0x08004e94   Section        0  stm32f4xx_hal_uart.o(i.UART_SetConfig)
    UART_SetConfig                           0x08004e95   Thumb Code   538  stm32f4xx_hal_uart.o(i.UART_SetConfig)
    i.__0sprintf$6                           0x080050b8   Section        0  printf6.o(i.__0sprintf$6)
    i.__scatterload_copy                     0x080050e0   Section       14  handlers.o(i.__scatterload_copy)
    i.__scatterload_null                     0x080050ee   Section        2  handlers.o(i.__scatterload_null)
    i.__scatterload_zeroinit                 0x080050f0   Section       14  handlers.o(i.__scatterload_zeroinit)
    i._printf_core                           0x08005100   Section        0  printf6.o(i._printf_core)
    _printf_core                             0x08005101   Thumb Code   748  printf6.o(i._printf_core)
    i._printf_post_padding                   0x080053f0   Section        0  printf6.o(i._printf_post_padding)
    _printf_post_padding                     0x080053f1   Thumb Code    36  printf6.o(i._printf_post_padding)
    i._printf_pre_padding                    0x08005414   Section        0  printf6.o(i._printf_pre_padding)
    _printf_pre_padding                      0x08005415   Thumb Code    46  printf6.o(i._printf_pre_padding)
    i._sputc                                 0x08005442   Section        0  printf6.o(i._sputc)
    _sputc                                   0x08005443   Thumb Code    10  printf6.o(i._sputc)
    i.ili9341_DisplayOff                     0x0800544c   Section        0  ili9341.o(i.ili9341_DisplayOff)
    i.ili9341_DisplayOn                      0x08005456   Section        0  ili9341.o(i.ili9341_DisplayOn)
    i.ili9341_GetLcdPixelHeight              0x08005460   Section        0  ili9341.o(i.ili9341_GetLcdPixelHeight)
    i.ili9341_GetLcdPixelWidth               0x08005466   Section        0  ili9341.o(i.ili9341_GetLcdPixelWidth)
    i.ili9341_Init                           0x0800546a   Section        0  ili9341.o(i.ili9341_Init)
    i.ili9341_ReadData                       0x080056fa   Section        0  ili9341.o(i.ili9341_ReadData)
    i.ili9341_ReadID                         0x0800570a   Section        0  ili9341.o(i.ili9341_ReadID)
    i.ili9341_WriteData                      0x0800571c   Section        0  ili9341.o(i.ili9341_WriteData)
    i.ili9341_WriteReg                       0x08005728   Section        0  ili9341.o(i.ili9341_WriteReg)
    i.main                                   0x08005734   Section        0  main.o(i.main)
    .constdata                               0x080057a8   Section    15580  stm32f429i_discovery_lcd.o(.constdata)
    .constdata                               0x08009484   Section       16  stm32f4xx_hal_rcc.o(.constdata)
    .constdata                               0x08009494   Section        8  stm32f4xx_hal_dma.o(.constdata)
    flagBitshiftOffset                       0x08009494   Data           8  stm32f4xx_hal_dma.o(.constdata)
    .data                                    0x20000000   Section        8  stm32f4xx_hal_msp.o(.data)
    FMC_Initialized                          0x20000000   Data           4  stm32f4xx_hal_msp.o(.data)
    FMC_DeInitialized                        0x20000004   Data           4  stm32f4xx_hal_msp.o(.data)
    .data                                    0x20000008   Section        9  main.o(.data)
    sMain                                    0x20000010   Data           1  main.o(.data)
    .data                                    0x20000014   Section       48  stm32f429i_discovery_lcd.o(.data)
    ActiveLayer                              0x2000003c   Data           4  stm32f429i_discovery_lcd.o(.data)
    .data                                    0x20000044   Section       56  ili9341.o(.data)
    .data                                    0x2000007c   Section       21  stm32f429i_discovery.o(.data)
    Is_LCD_IO_Initialized                    0x20000090   Data           1  stm32f429i_discovery.o(.data)
    .data                                    0x20000094   Section        4  system_stm32f4xx.o(.data)
    .data                                    0x20000098   Section        4  stm32f4xx_hal.o(.data)
    uwTick                                   0x20000098   Data           4  stm32f4xx_hal.o(.data)
    .bss                                     0x2000009c   Section     2096  main.o(.bss)
    helloString                              0x200004cc   Data        1024  main.o(.bss)
    .bss                                     0x200008cc   Section      304  stm32f429i_discovery_lcd.o(.bss)
    LtdcHandler                              0x200008cc   Data         168  stm32f429i_discovery_lcd.o(.bss)
    Dma2dHandler                             0x20000974   Data          64  stm32f429i_discovery_lcd.o(.bss)
    PeriphClkInitStruct                      0x200009b4   Data          48  stm32f429i_discovery_lcd.o(.bss)
    DrawProp                                 0x200009e4   Data          24  stm32f429i_discovery_lcd.o(.bss)
    .bss                                     0x200009fc   Section      148  stm32f429i_discovery.o(.bss)
    SpiHandle                                0x20000a38   Data          88  stm32f429i_discovery.o(.bss)
    STACK                                    0x20000a90   Section     1024  startup_stm32f429xx.o(STACK)

    Global Symbols

    Symbol Name                              Value     Ov Type        Size  Object(Section)

    BuildAttributes$$THM_ISAv4$E$P$D$K$B$S$7EM$VFPi3$EXTD16$VFPS$VFMA$PE$A:L22UL41UL21$X:L11$S22US41US21$IEEE1$IW$USESV6$~STKCKD$USESV7$~SHL$OSPACE$ROPI$EBA8$MICROLIB$REQ8$PRES8$EABIv2 0x00000000   Number         0  anon$$obj.o ABSOLUTE
    __ARM_use_no_argv                        0x00000000   Number         0  main.o ABSOLUTE
    _printf_a                                0x00000000   Number         0  stubs.o ABSOLUTE
    _printf_c                                0x00000000   Number         0  stubs.o ABSOLUTE
    _printf_charcount                        0x00000000   Number         0  stubs.o ABSOLUTE
    _printf_d                                0x00000000   Number         0  stubs.o ABSOLUTE
    _printf_e                                0x00000000   Number         0  stubs.o ABSOLUTE
    _printf_f                                0x00000000   Number         0  stubs.o ABSOLUTE
    _printf_flags                            0x00000000   Number         0  stubs.o ABSOLUTE
    _printf_fp_dec                           0x00000000   Number         0  stubs.o ABSOLUTE
    _printf_fp_hex                           0x00000000   Number         0  stubs.o ABSOLUTE
    _printf_g                                0x00000000   Number         0  stubs.o ABSOLUTE
    _printf_i                                0x00000000   Number         0  stubs.o ABSOLUTE
    _printf_int_dec                          0x00000000   Number         0  stubs.o ABSOLUTE
    _printf_l                                0x00000000   Number         0  stubs.o ABSOLUTE
    _printf_lc                               0x00000000   Number         0  stubs.o ABSOLUTE
    _printf_ll                               0x00000000   Number         0  stubs.o ABSOLUTE
    _printf_lld                              0x00000000   Number         0  stubs.o ABSOLUTE
    _printf_lli                              0x00000000   Number         0  stubs.o ABSOLUTE
    _printf_llo                              0x00000000   Number         0  stubs.o ABSOLUTE
    _printf_llu                              0x00000000   Number         0  stubs.o ABSOLUTE
    _printf_llx                              0x00000000   Number         0  stubs.o ABSOLUTE
    _printf_longlong_dec                     0x00000000   Number         0  stubs.o ABSOLUTE
    _printf_longlong_hex                     0x00000000   Number         0  stubs.o ABSOLUTE
    _printf_longlong_oct                     0x00000000   Number         0  stubs.o ABSOLUTE
    _printf_ls                               0x00000000   Number         0  stubs.o ABSOLUTE
    _printf_mbtowc                           0x00000000   Number         0  stubs.o ABSOLUTE
    _printf_n                                0x00000000   Number         0  stubs.o ABSOLUTE
    _printf_o                                0x00000000   Number         0  stubs.o ABSOLUTE
    _printf_p                                0x00000000   Number         0  stubs.o ABSOLUTE
    _printf_percent                          0x00000000   Number         0  stubs.o ABSOLUTE
    _printf_pre_padding                      0x00000000   Number         0  stubs.o ABSOLUTE
    _printf_return_value                     0x00000000   Number         0  stubs.o ABSOLUTE
    _printf_s                                0x00000000   Number         0  stubs.o ABSOLUTE
    _printf_sizespec                         0x00000000   Number         0  stubs.o ABSOLUTE
    _printf_str                              0x00000000   Number         0  stubs.o ABSOLUTE
    _printf_truncate_signed                  0x00000000   Number         0  stubs.o ABSOLUTE
    _printf_truncate_unsigned                0x00000000   Number         0  stubs.o ABSOLUTE
    _printf_u                                0x00000000   Number         0  stubs.o ABSOLUTE
    _printf_wc                               0x00000000   Number         0  stubs.o ABSOLUTE
    _printf_wctomb                           0x00000000   Number         0  stubs.o ABSOLUTE
    _printf_widthprec                        0x00000000   Number         0  stubs.o ABSOLUTE
    _printf_x                                0x00000000   Number         0  stubs.o ABSOLUTE
    __cpp_initialize__aeabi_                  - Undefined Weak Reference
    __cxa_finalize                            - Undefined Weak Reference
    __decompress                              - Undefined Weak Reference
    _clock_init                               - Undefined Weak Reference
    _microlib_exit                            - Undefined Weak Reference
    __Vectors_Size                           0x000001ac   Number         0  startup_stm32f429xx.o ABSOLUTE
    __Vectors                                0x08000000   Data           4  startup_stm32f429xx.o(RESET)
    __Vectors_End                            0x080001ac   Data           0  startup_stm32f429xx.o(RESET)
    __main                                   0x080001ad   Thumb Code     0  entry.o(.ARM.Collect$$$$00000000)
    _main_stk                                0x080001ad   Thumb Code     0  entry2.o(.ARM.Collect$$$$00000001)
    _main_scatterload                        0x080001b1   Thumb Code     0  entry5.o(.ARM.Collect$$$$00000004)
    __main_after_scatterload                 0x080001b5   Thumb Code     0  entry5.o(.ARM.Collect$$$$00000004)
    _main_clock                              0x080001b5   Thumb Code     0  entry7b.o(.ARM.Collect$$$$00000008)
    _main_cpp_init                           0x080001b5   Thumb Code     0  entry8b.o(.ARM.Collect$$$$0000000A)
    _main_init                               0x080001b5   Thumb Code     0  entry9a.o(.ARM.Collect$$$$0000000B)
    __rt_final_cpp                           0x080001bd   Thumb Code     0  entry10a.o(.ARM.Collect$$$$0000000D)
    __rt_final_exit                          0x080001bd   Thumb Code     0  entry11a.o(.ARM.Collect$$$$0000000F)
    Reset_Handler                            0x080001c1   Thumb Code     8  startup_stm32f429xx.o(.text)
    NMI_Handler                              0x080001c9   Thumb Code     2  startup_stm32f429xx.o(.text)
    HardFault_Handler                        0x080001cb   Thumb Code     2  startup_stm32f429xx.o(.text)
    MemManage_Handler                        0x080001cd   Thumb Code     2  startup_stm32f429xx.o(.text)
    BusFault_Handler                         0x080001cf   Thumb Code     2  startup_stm32f429xx.o(.text)
    UsageFault_Handler                       0x080001d1   Thumb Code     2  startup_stm32f429xx.o(.text)
    SVC_Handler                              0x080001d3   Thumb Code     2  startup_stm32f429xx.o(.text)
    DebugMon_Handler                         0x080001d5   Thumb Code     2  startup_stm32f429xx.o(.text)
    PendSV_Handler                           0x080001d7   Thumb Code     2  startup_stm32f429xx.o(.text)
    ADC_IRQHandler                           0x080001db   Thumb Code     0  startup_stm32f429xx.o(.text)
    CAN1_RX0_IRQHandler                      0x080001db   Thumb Code     0  startup_stm32f429xx.o(.text)
    CAN1_RX1_IRQHandler                      0x080001db   Thumb Code     0  startup_stm32f429xx.o(.text)
    CAN1_SCE_IRQHandler                      0x080001db   Thumb Code     0  startup_stm32f429xx.o(.text)
    CAN1_TX_IRQHandler                       0x080001db   Thumb Code     0  startup_stm32f429xx.o(.text)
    CAN2_RX0_IRQHandler                      0x080001db   Thumb Code     0  startup_stm32f429xx.o(.text)
    CAN2_RX1_IRQHandler                      0x080001db   Thumb Code     0  startup_stm32f429xx.o(.text)
    CAN2_SCE_IRQHandler                      0x080001db   Thumb Code     0  startup_stm32f429xx.o(.text)
    CAN2_TX_IRQHandler                       0x080001db   Thumb Code     0  startup_stm32f429xx.o(.text)
    DCMI_IRQHandler                          0x080001db   Thumb Code     0  startup_stm32f429xx.o(.text)
    DMA1_Stream0_IRQHandler                  0x080001db   Thumb Code     0  startup_stm32f429xx.o(.text)
    DMA1_Stream1_IRQHandler                  0x080001db   Thumb Code     0  startup_stm32f429xx.o(.text)
    DMA1_Stream2_IRQHandler                  0x080001db   Thumb Code     0  startup_stm32f429xx.o(.text)
    DMA1_Stream3_IRQHandler                  0x080001db   Thumb Code     0  startup_stm32f429xx.o(.text)
    DMA1_Stream4_IRQHandler                  0x080001db   Thumb Code     0  startup_stm32f429xx.o(.text)
    DMA1_Stream5_IRQHandler                  0x080001db   Thumb Code     0  startup_stm32f429xx.o(.text)
    DMA1_Stream6_IRQHandler                  0x080001db   Thumb Code     0  startup_stm32f429xx.o(.text)
    DMA1_Stream7_IRQHandler                  0x080001db   Thumb Code     0  startup_stm32f429xx.o(.text)
    DMA2D_IRQHandler                         0x080001db   Thumb Code     0  startup_stm32f429xx.o(.text)
    DMA2_Stream1_IRQHandler                  0x080001db   Thumb Code     0  startup_stm32f429xx.o(.text)
    DMA2_Stream2_IRQHandler                  0x080001db   Thumb Code     0  startup_stm32f429xx.o(.text)
    DMA2_Stream3_IRQHandler                  0x080001db   Thumb Code     0  startup_stm32f429xx.o(.text)
    DMA2_Stream4_IRQHandler                  0x080001db   Thumb Code     0  startup_stm32f429xx.o(.text)
    DMA2_Stream5_IRQHandler                  0x080001db   Thumb Code     0  startup_stm32f429xx.o(.text)
    DMA2_Stream6_IRQHandler                  0x080001db   Thumb Code     0  startup_stm32f429xx.o(.text)
    DMA2_Stream7_IRQHandler                  0x080001db   Thumb Code     0  startup_stm32f429xx.o(.text)
    ETH_IRQHandler                           0x080001db   Thumb Code     0  startup_stm32f429xx.o(.text)
    ETH_WKUP_IRQHandler                      0x080001db   Thumb Code     0  startup_stm32f429xx.o(.text)
    EXTI0_IRQHandler                         0x080001db   Thumb Code     0  startup_stm32f429xx.o(.text)
    EXTI15_10_IRQHandler                     0x080001db   Thumb Code     0  startup_stm32f429xx.o(.text)
    EXTI1_IRQHandler                         0x080001db   Thumb Code     0  startup_stm32f429xx.o(.text)
    EXTI2_IRQHandler                         0x080001db   Thumb Code     0  startup_stm32f429xx.o(.text)
    EXTI3_IRQHandler                         0x080001db   Thumb Code     0  startup_stm32f429xx.o(.text)
    EXTI4_IRQHandler                         0x080001db   Thumb Code     0  startup_stm32f429xx.o(.text)
    EXTI9_5_IRQHandler                       0x080001db   Thumb Code     0  startup_stm32f429xx.o(.text)
    FLASH_IRQHandler                         0x080001db   Thumb Code     0  startup_stm32f429xx.o(.text)
    FMC_IRQHandler                           0x080001db   Thumb Code     0  startup_stm32f429xx.o(.text)
    FPU_IRQHandler                           0x080001db   Thumb Code     0  startup_stm32f429xx.o(.text)
    HASH_RNG_IRQHandler                      0x080001db   Thumb Code     0  startup_stm32f429xx.o(.text)
    I2C1_ER_IRQHandler                       0x080001db   Thumb Code     0  startup_stm32f429xx.o(.text)
    I2C1_EV_IRQHandler                       0x080001db   Thumb Code     0  startup_stm32f429xx.o(.text)
    I2C2_ER_IRQHandler                       0x080001db   Thumb Code     0  startup_stm32f429xx.o(.text)
    I2C2_EV_IRQHandler                       0x080001db   Thumb Code     0  startup_stm32f429xx.o(.text)
    I2C3_ER_IRQHandler                       0x080001db   Thumb Code     0  startup_stm32f429xx.o(.text)
    I2C3_EV_IRQHandler                       0x080001db   Thumb Code     0  startup_stm32f429xx.o(.text)
    LTDC_ER_IRQHandler                       0x080001db   Thumb Code     0  startup_stm32f429xx.o(.text)
    LTDC_IRQHandler                          0x080001db   Thumb Code     0  startup_stm32f429xx.o(.text)
    OTG_FS_IRQHandler                        0x080001db   Thumb Code     0  startup_stm32f429xx.o(.text)
    OTG_FS_WKUP_IRQHandler                   0x080001db   Thumb Code     0  startup_stm32f429xx.o(.text)
    OTG_HS_EP1_IN_IRQHandler                 0x080001db   Thumb Code     0  startup_stm32f429xx.o(.text)
    OTG_HS_EP1_OUT_IRQHandler                0x080001db   Thumb Code     0  startup_stm32f429xx.o(.text)
    OTG_HS_IRQHandler                        0x080001db   Thumb Code     0  startup_stm32f429xx.o(.text)
    OTG_HS_WKUP_IRQHandler                   0x080001db   Thumb Code     0  startup_stm32f429xx.o(.text)
    PVD_IRQHandler                           0x080001db   Thumb Code     0  startup_stm32f429xx.o(.text)
    RCC_IRQHandler                           0x080001db   Thumb Code     0  startup_stm32f429xx.o(.text)
    RTC_Alarm_IRQHandler                     0x080001db   Thumb Code     0  startup_stm32f429xx.o(.text)
    RTC_WKUP_IRQHandler                      0x080001db   Thumb Code     0  startup_stm32f429xx.o(.text)
    SAI1_IRQHandler                          0x080001db   Thumb Code     0  startup_stm32f429xx.o(.text)
    SDIO_IRQHandler                          0x080001db   Thumb Code     0  startup_stm32f429xx.o(.text)
    SPI1_IRQHandler                          0x080001db   Thumb Code     0  startup_stm32f429xx.o(.text)
    SPI2_IRQHandler                          0x080001db   Thumb Code     0  startup_stm32f429xx.o(.text)
    SPI3_IRQHandler                          0x080001db   Thumb Code     0  startup_stm32f429xx.o(.text)
    SPI4_IRQHandler                          0x080001db   Thumb Code     0  startup_stm32f429xx.o(.text)
    SPI5_IRQHandler                          0x080001db   Thumb Code     0  startup_stm32f429xx.o(.text)
    SPI6_IRQHandler                          0x080001db   Thumb Code     0  startup_stm32f429xx.o(.text)
    TAMP_STAMP_IRQHandler                    0x080001db   Thumb Code     0  startup_stm32f429xx.o(.text)
    TIM1_BRK_TIM9_IRQHandler                 0x080001db   Thumb Code     0  startup_stm32f429xx.o(.text)
    TIM1_CC_IRQHandler                       0x080001db   Thumb Code     0  startup_stm32f429xx.o(.text)
    TIM1_TRG_COM_TIM11_IRQHandler            0x080001db   Thumb Code     0  startup_stm32f429xx.o(.text)
    TIM1_UP_TIM10_IRQHandler                 0x080001db   Thumb Code     0  startup_stm32f429xx.o(.text)
    TIM2_IRQHandler                          0x080001db   Thumb Code     0  startup_stm32f429xx.o(.text)
    TIM3_IRQHandler                          0x080001db   Thumb Code     0  startup_stm32f429xx.o(.text)
    TIM4_IRQHandler                          0x080001db   Thumb Code     0  startup_stm32f429xx.o(.text)
    TIM5_IRQHandler                          0x080001db   Thumb Code     0  startup_stm32f429xx.o(.text)
    TIM6_DAC_IRQHandler                      0x080001db   Thumb Code     0  startup_stm32f429xx.o(.text)
    TIM7_IRQHandler                          0x080001db   Thumb Code     0  startup_stm32f429xx.o(.text)
    TIM8_BRK_TIM12_IRQHandler                0x080001db   Thumb Code     0  startup_stm32f429xx.o(.text)
    TIM8_CC_IRQHandler                       0x080001db   Thumb Code     0  startup_stm32f429xx.o(.text)
    TIM8_TRG_COM_TIM14_IRQHandler            0x080001db   Thumb Code     0  startup_stm32f429xx.o(.text)
    TIM8_UP_TIM13_IRQHandler                 0x080001db   Thumb Code     0  startup_stm32f429xx.o(.text)
    UART4_IRQHandler                         0x080001db   Thumb Code     0  startup_stm32f429xx.o(.text)
    UART5_IRQHandler                         0x080001db   Thumb Code     0  startup_stm32f429xx.o(.text)
    UART7_IRQHandler                         0x080001db   Thumb Code     0  startup_stm32f429xx.o(.text)
    UART8_IRQHandler                         0x080001db   Thumb Code     0  startup_stm32f429xx.o(.text)
    USART1_IRQHandler                        0x080001db   Thumb Code     0  startup_stm32f429xx.o(.text)
    USART2_IRQHandler                        0x080001db   Thumb Code     0  startup_stm32f429xx.o(.text)
    USART3_IRQHandler                        0x080001db   Thumb Code     0  startup_stm32f429xx.o(.text)
    USART6_IRQHandler                        0x080001db   Thumb Code     0  startup_stm32f429xx.o(.text)
    WWDG_IRQHandler                          0x080001db   Thumb Code     0  startup_stm32f429xx.o(.text)
    __aeabi_memcpy                           0x080001e5   Thumb Code    36  memcpya.o(.text)
    __aeabi_memcpy4                          0x080001e5   Thumb Code     0  memcpya.o(.text)
    __aeabi_memcpy8                          0x080001e5   Thumb Code     0  memcpya.o(.text)
    __aeabi_uidiv                            0x08000209   Thumb Code     0  uidiv.o(.text)
    __aeabi_uidivmod                         0x08000209   Thumb Code    44  uidiv.o(.text)
    __scatterload                            0x08000235   Thumb Code    28  init.o(.text)
    __scatterload_rt2                        0x08000235   Thumb Code     0  init.o(.text)
    BSP_LCD_Clear                            0x080003d1   Thumb Code    56  stm32f429i_discovery_lcd.o(i.BSP_LCD_Clear)
    BSP_LCD_DisplayChar                      0x08000411   Thumb Code    96  stm32f429i_discovery_lcd.o(i.BSP_LCD_DisplayChar)
    BSP_LCD_DisplayStringAt                  0x08000479   Thumb Code   272  stm32f429i_discovery_lcd.o(i.BSP_LCD_DisplayStringAt)
    BSP_LCD_DrawPixel                        0x08000591   Thumb Code    42  stm32f429i_discovery_lcd.o(i.BSP_LCD_DrawPixel)
    BSP_LCD_FillRect                         0x080005c5   Thumb Code   110  stm32f429i_discovery_lcd.o(i.BSP_LCD_FillRect)
    BSP_LCD_GetXSize                         0x08000641   Thumb Code    12  stm32f429i_discovery_lcd.o(i.BSP_LCD_GetXSize)
    BSP_LCD_GetYSize                         0x08000651   Thumb Code    12  stm32f429i_discovery_lcd.o(i.BSP_LCD_GetYSize)
    BSP_LCD_Init                             0x08000661   Thumb Code   140  stm32f429i_discovery_lcd.o(i.BSP_LCD_Init)
    BSP_LCD_LayerDefaultInit                 0x08000705   Thumb Code   138  stm32f429i_discovery_lcd.o(i.BSP_LCD_LayerDefaultInit)
    BSP_LCD_SelectLayer                      0x0800079d   Thumb Code     6  stm32f429i_discovery_lcd.o(i.BSP_LCD_SelectLayer)
    BSP_LCD_SetBackColor                     0x080007a9   Thumb Code    18  stm32f429i_discovery_lcd.o(i.BSP_LCD_SetBackColor)
    BSP_LCD_SetFont                          0x080007c5   Thumb Code    18  stm32f429i_discovery_lcd.o(i.BSP_LCD_SetFont)
    BSP_LCD_SetTextColor                     0x080007e1   Thumb Code    16  stm32f429i_discovery_lcd.o(i.BSP_LCD_SetTextColor)
    BSP_SDRAM_Initialization_sequence        0x080007f9   Thumb Code   148  main.o(i.BSP_SDRAM_Initialization_sequence)
    DMA2_Stream0_IRQHandler                  0x08000975   Thumb Code    10  stm32f4xx_it.o(i.DMA2_Stream0_IRQHandler)
    FMC_NORSRAM_Extended_Timing_Init         0x08000c59   Thumb Code    66  stm32f4xx_ll_fmc.o(i.FMC_NORSRAM_Extended_Timing_Init)
    FMC_NORSRAM_Init                         0x08000ca1   Thumb Code   122  stm32f4xx_ll_fmc.o(i.FMC_NORSRAM_Init)
    FMC_NORSRAM_Timing_Init                  0x08000d21   Thumb Code    94  stm32f4xx_ll_fmc.o(i.FMC_NORSRAM_Timing_Init)
    FMC_SDRAM_Init                           0x08000d7f   Thumb Code   116  stm32f4xx_ll_fmc.o(i.FMC_SDRAM_Init)
    FMC_SDRAM_ProgramRefreshRate             0x08000df3   Thumb Code    14  stm32f4xx_ll_fmc.o(i.FMC_SDRAM_ProgramRefreshRate)
    FMC_SDRAM_SendCommand                    0x08000e01   Thumb Code    82  stm32f4xx_ll_fmc.o(i.FMC_SDRAM_SendCommand)
    FMC_SDRAM_Timing_Init                    0x08000e53   Thumb Code   152  stm32f4xx_ll_fmc.o(i.FMC_SDRAM_Timing_Init)
    HAL_ADC_ConfigChannel                    0x08000f4d   Thumb Code   390  stm32f4xx_hal_adc.o(i.HAL_ADC_ConfigChannel)
    HAL_ADC_GetValue                         0x080010e9   Thumb Code     8  stm32f4xx_hal_adc.o(i.HAL_ADC_GetValue)
    HAL_ADC_Init                             0x080010f1   Thumb Code    74  stm32f4xx_hal_adc.o(i.HAL_ADC_Init)
    HAL_ADC_MspInit                          0x08001141   Thumb Code   300  stm32f4xx_hal_msp.o(i.HAL_ADC_MspInit)
    HAL_ADC_Start                            0x08001291   Thumb Code   182  stm32f4xx_hal_adc.o(i.HAL_ADC_Start)
    HAL_CRC_Init                             0x08001359   Thumb Code    36  stm32f4xx_hal_crc.o(i.HAL_CRC_Init)
    HAL_CRC_MspInit                          0x0800137d   Thumb Code    44  stm32f4xx_hal_msp.o(i.HAL_CRC_MspInit)
    HAL_DACEx_TriangleWaveGenerate           0x080013b1   Thumb Code    66  stm32f4xx_hal_dac_ex.o(i.HAL_DACEx_TriangleWaveGenerate)
    HAL_DAC_ConfigChannel                    0x080013f3   Thumb Code    90  stm32f4xx_hal_dac.o(i.HAL_DAC_ConfigChannel)
    HAL_DAC_Init                             0x0800144d   Thumb Code    40  stm32f4xx_hal_dac.o(i.HAL_DAC_Init)
    HAL_DAC_MspInit                          0x08001475   Thumb Code    70  stm32f4xx_hal_msp.o(i.HAL_DAC_MspInit)
    HAL_DAC_Start                            0x080014c9   Thumb Code   140  stm32f4xx_hal_dac.o(i.HAL_DAC_Start)
    HAL_DMA2D_ConfigLayer                    0x08001555   Thumb Code   280  stm32f4xx_hal_dma2d.o(i.HAL_DMA2D_ConfigLayer)
    HAL_DMA2D_Init                           0x08001671   Thumb Code    98  stm32f4xx_hal_dma2d.o(i.HAL_DMA2D_Init)
    HAL_DMA2D_MspInit                        0x080016d5   Thumb Code    44  stm32f4xx_hal_msp.o(i.HAL_DMA2D_MspInit)
    HAL_DMA2D_PollForTransfer                0x08001709   Thumb Code   262  stm32f4xx_hal_dma2d.o(i.HAL_DMA2D_PollForTransfer)
    HAL_DMA2D_Start                          0x0800180f   Thumb Code    90  stm32f4xx_hal_dma2d.o(i.HAL_DMA2D_Start)
    HAL_DMA_IRQHandler                       0x08001869   Thumb Code   530  stm32f4xx_hal_dma.o(i.HAL_DMA_IRQHandler)
    HAL_DMA_Init                             0x08001a81   Thumb Code   128  stm32f4xx_hal_dma.o(i.HAL_DMA_Init)
    HAL_Delay                                0x08001b05   Thumb Code    26  stm32f4xx_hal.o(i.HAL_Delay)
    HAL_GPIO_DeInit                          0x08001c29   Thumb Code   336  stm32f4xx_hal_gpio.o(i.HAL_GPIO_DeInit)
    HAL_GPIO_Init                            0x08001da9   Thumb Code   486  stm32f4xx_hal_gpio.o(i.HAL_GPIO_Init)
    HAL_GPIO_WritePin                        0x08001fc5   Thumb Code    12  stm32f4xx_hal_gpio.o(i.HAL_GPIO_WritePin)
    HAL_GetTick                              0x08001fd1   Thumb Code     6  stm32f4xx_hal.o(i.HAL_GetTick)
    HAL_I2C_Init                             0x08001fdd   Thumb Code   278  stm32f4xx_hal_i2c.o(i.HAL_I2C_Init)
    HAL_I2C_MspInit                          0x080020fd   Thumb Code   108  stm32f4xx_hal_msp.o(i.HAL_I2C_MspInit)
    HAL_IncTick                              0x08002179   Thumb Code    12  stm32f4xx_hal.o(i.HAL_IncTick)
    HAL_Init                                 0x08002189   Thumb Code    54  stm32f4xx_hal.o(i.HAL_Init)
    HAL_InitTick                             0x080021c5   Thumb Code    36  stm32f4xx_hal.o(i.HAL_InitTick)
    HAL_LTDC_ConfigLayer                     0x080021e9   Thumb Code    94  stm32f4xx_hal_ltdc.o(i.HAL_LTDC_ConfigLayer)
    HAL_LTDC_EnableDither                    0x08002249   Thumb Code    62  stm32f4xx_hal_ltdc.o(i.HAL_LTDC_EnableDither)
    HAL_LTDC_Init                            0x0800228d   Thumb Code   290  stm32f4xx_hal_ltdc.o(i.HAL_LTDC_Init)
    HAL_LTDC_MspInit                         0x080023b5   Thumb Code   268  stm32f4xx_hal_msp.o(i.HAL_LTDC_MspInit)
    HAL_MspInit                              0x080024e1   Thumb Code    20  stm32f4xx_hal_msp.o(i.HAL_MspInit)
    HAL_NVIC_EnableIRQ                       0x080024f5   Thumb Code    26  stm32f4xx_hal_cortex.o(i.HAL_NVIC_EnableIRQ)
    HAL_NVIC_SetPriority                     0x0800250f   Thumb Code   124  stm32f4xx_hal_cortex.o(i.HAL_NVIC_SetPriority)
    HAL_NVIC_SetPriorityGrouping             0x0800258d   Thumb Code    32  stm32f4xx_hal_cortex.o(i.HAL_NVIC_SetPriorityGrouping)
    HAL_RCCEx_PeriphCLKConfig                0x080025b5   Thumb Code   848  stm32f4xx_hal_rcc_ex.o(i.HAL_RCCEx_PeriphCLKConfig)
    HAL_RCC_ClockConfig                      0x0800291d   Thumb Code   680  stm32f4xx_hal_rcc.o(i.HAL_RCC_ClockConfig)
    HAL_RCC_GetHCLKFreq                      0x08002bcd   Thumb Code    42  stm32f4xx_hal_rcc.o(i.HAL_RCC_GetHCLKFreq)
    HAL_RCC_GetPCLK1Freq                     0x08002c05   Thumb Code    36  stm32f4xx_hal_rcc.o(i.HAL_RCC_GetPCLK1Freq)
    HAL_RCC_GetPCLK2Freq                     0x08002c31   Thumb Code    36  stm32f4xx_hal_rcc.o(i.HAL_RCC_GetPCLK2Freq)
    HAL_RCC_GetSysClockFreq                  0x08002c5d   Thumb Code   168  stm32f4xx_hal_rcc.o(i.HAL_RCC_GetSysClockFreq)
    HAL_RCC_OscConfig                        0x08002d11   Thumb Code  1002  stm32f4xx_hal_rcc.o(i.HAL_RCC_OscConfig)
    HAL_SDRAM_Init                           0x0800310d   Thumb Code    64  stm32f4xx_hal_sdram.o(i.HAL_SDRAM_Init)
    HAL_SDRAM_MspInit                        0x0800314d   Thumb Code    10  stm32f4xx_hal_msp.o(i.HAL_SDRAM_MspInit)
    HAL_SDRAM_ProgramRefreshRate             0x08003157   Thumb Code    40  stm32f4xx_hal_sdram.o(i.HAL_SDRAM_ProgramRefreshRate)
    HAL_SDRAM_SendCommand                    0x0800317f   Thumb Code    58  stm32f4xx_hal_sdram.o(i.HAL_SDRAM_SendCommand)
    HAL_SPI_DeInit                           0x080031b9   Thumb Code    48  stm32f4xx_hal_spi.o(i.HAL_SPI_DeInit)
    HAL_SPI_GetState                         0x080031e9   Thumb Code     8  stm32f4xx_hal_spi.o(i.HAL_SPI_GetState)
    HAL_SPI_Init                             0x080031f1   Thumb Code   136  stm32f4xx_hal_spi.o(i.HAL_SPI_Init)
    HAL_SPI_MspDeInit                        0x08003279   Thumb Code    36  stm32f4xx_hal_msp.o(i.HAL_SPI_MspDeInit)
    HAL_SPI_MspInit                          0x080032a9   Thumb Code    80  stm32f4xx_hal_msp.o(i.HAL_SPI_MspInit)
    HAL_SPI_Receive                          0x08003305   Thumb Code   572  stm32f4xx_hal_spi.o(i.HAL_SPI_Receive)
    HAL_SPI_Transmit                         0x08003541   Thumb Code   450  stm32f4xx_hal_spi.o(i.HAL_SPI_Transmit)
    HAL_SPI_TransmitReceive                  0x08003703   Thumb Code   850  stm32f4xx_hal_spi.o(i.HAL_SPI_TransmitReceive)
    HAL_SRAM_Init                            0x08003a55   Thumb Code    88  stm32f4xx_hal_sram.o(i.HAL_SRAM_Init)
    HAL_SRAM_MspInit                         0x08003aad   Thumb Code    10  stm32f4xx_hal_msp.o(i.HAL_SRAM_MspInit)
    HAL_SYSTICK_CLKSourceConfig              0x08003ab7   Thumb Code    40  stm32f4xx_hal_cortex.o(i.HAL_SYSTICK_CLKSourceConfig)
    HAL_SYSTICK_Callback                     0x08003adf   Thumb Code    10  stm32f4xx_hal_cortex.o(i.HAL_SYSTICK_Callback)
    HAL_SYSTICK_Config                       0x08003ae9   Thumb Code    52  stm32f4xx_hal_cortex.o(i.HAL_SYSTICK_Config)
    HAL_SYSTICK_IRQHandler                   0x08003b1d   Thumb Code     8  stm32f4xx_hal_cortex.o(i.HAL_SYSTICK_IRQHandler)
    HAL_TIMEx_MasterConfigSynchronization    0x08003b25   Thumb Code    98  stm32f4xx_hal_tim_ex.o(i.HAL_TIMEx_MasterConfigSynchronization)
    HAL_TIM_Base_Init                        0x08003b87   Thumb Code    52  stm32f4xx_hal_tim.o(i.HAL_TIM_Base_Init)
    HAL_TIM_Base_MspInit                     0x08003bbd   Thumb Code    84  stm32f4xx_hal_msp.o(i.HAL_TIM_Base_MspInit)
    HAL_UART_Init                            0x08003c1d   Thumb Code   110  stm32f4xx_hal_uart.o(i.HAL_UART_Init)
    HAL_UART_MspInit                         0x08003c8d   Thumb Code   182  stm32f4xx_hal_msp.o(i.HAL_UART_MspInit)
    LCD_Delay                                0x08003d5d   Thumb Code    12  stm32f429i_discovery.o(i.LCD_Delay)
    LCD_IO_Init                              0x08003d69   Thumb Code   260  stm32f429i_discovery.o(i.LCD_IO_Init)
    LCD_IO_ReadData                          0x08003e7d   Thumb Code   112  stm32f429i_discovery.o(i.LCD_IO_ReadData)
    LCD_IO_WriteData                         0x08003ef5   Thumb Code    86  stm32f429i_discovery.o(i.LCD_IO_WriteData)
    LCD_IO_WriteReg                          0x08003f55   Thumb Code    88  stm32f429i_discovery.o(i.LCD_IO_WriteReg)
    Main_sendUSB                             0x08004709   Thumb Code    38  main.o(i.Main_sendUSB)
    Main_testPowerSupplies                   0x08004731   Thumb Code   346  main.o(i.Main_testPowerSupplies)
    Main_testSDRAM                           0x080048a9   Thumb Code    50  main.o(i.Main_testSDRAM)
    SysTick_Handler                          0x08004c71   Thumb Code    12  stm32f4xx_it.o(i.SysTick_Handler)
    SystemClock_Config                       0x08004c7d   Thumb Code   198  main.o(i.SystemClock_Config)
    SystemInit                               0x08004d4d   Thumb Code    82  system_stm32f4xx.o(i.SystemInit)
    TIM_Base_SetConfig                       0x08004db1   Thumb Code   184  stm32f4xx_hal_tim.o(i.TIM_Base_SetConfig)
    __0sprintf$6                             0x080050b9   Thumb Code    34  printf6.o(i.__0sprintf$6)
    __1sprintf$6                             0x080050b9   Thumb Code     0  printf6.o(i.__0sprintf$6)
    __2sprintf                               0x080050b9   Thumb Code     0  printf6.o(i.__0sprintf$6)
    __scatterload_copy                       0x080050e1   Thumb Code    14  handlers.o(i.__scatterload_copy)
    __scatterload_null                       0x080050ef   Thumb Code     2  handlers.o(i.__scatterload_null)
    __scatterload_zeroinit                   0x080050f1   Thumb Code    14  handlers.o(i.__scatterload_zeroinit)
    ili9341_DisplayOff                       0x0800544d   Thumb Code    10  ili9341.o(i.ili9341_DisplayOff)
    ili9341_DisplayOn                        0x08005457   Thumb Code    10  ili9341.o(i.ili9341_DisplayOn)
    ili9341_GetLcdPixelHeight                0x08005461   Thumb Code     6  ili9341.o(i.ili9341_GetLcdPixelHeight)
    ili9341_GetLcdPixelWidth                 0x08005467   Thumb Code     4  ili9341.o(i.ili9341_GetLcdPixelWidth)
    ili9341_Init                             0x0800546b   Thumb Code   656  ili9341.o(i.ili9341_Init)
    ili9341_ReadData                         0x080056fb   Thumb Code    16  ili9341.o(i.ili9341_ReadData)
    ili9341_ReadID                           0x0800570b   Thumb Code    18  ili9341.o(i.ili9341_ReadID)
    ili9341_WriteData                        0x0800571d   Thumb Code    12  ili9341.o(i.ili9341_WriteData)
    ili9341_WriteReg                         0x08005729   Thumb Code    12  ili9341.o(i.ili9341_WriteReg)
    main                                     0x08005735   Thumb Code   108  main.o(i.main)
    Font24_Table                             0x080057a8   Data        6840  stm32f429i_discovery_lcd.o(.constdata)
    Font20_Table                             0x08007260   Data        3800  stm32f429i_discovery_lcd.o(.constdata)
    Font16_Table                             0x08008138   Data        3040  stm32f429i_discovery_lcd.o(.constdata)
    Font12_Table                             0x08008d18   Data        1140  stm32f429i_discovery_lcd.o(.constdata)
    Font8_Table                              0x0800918c   Data         760  stm32f429i_discovery_lcd.o(.constdata)
    APBAHBPrescTable                         0x08009484   Data          16  stm32f4xx_hal_rcc.o(.constdata)
    Region$$Table$$Base                      0x0800949c   Number         0  anon$$obj.o(Region$$Table)
    Region$$Table$$Limit                     0x080094bc   Number         0  anon$$obj.o(Region$$Table)
    hcrc                                     0x20000008   Data           8  main.o(.data)
    Font24                                   0x20000014   Data           8  stm32f429i_discovery_lcd.o(.data)
    Font20                                   0x2000001c   Data           8  stm32f429i_discovery_lcd.o(.data)
    Font16                                   0x20000024   Data           8  stm32f429i_discovery_lcd.o(.data)
    Font12                                   0x2000002c   Data           8  stm32f429i_discovery_lcd.o(.data)
    Font8                                    0x20000034   Data           8  stm32f429i_discovery_lcd.o(.data)
    LcdDrv                                   0x20000040   Data           4  stm32f429i_discovery_lcd.o(.data)
    ili9341_drv                              0x20000044   Data          56  ili9341.o(.data)
    GPIO_PORT                                0x2000007c   Data           8  stm32f429i_discovery.o(.data)
    BUTTON_PORT                              0x20000084   Data           4  stm32f429i_discovery.o(.data)
    I2cxTimeout                              0x20000088   Data           4  stm32f429i_discovery.o(.data)
    SpixTimeout                              0x2000008c   Data           4  stm32f429i_discovery.o(.data)
    SystemCoreClock                          0x20000094   Data           4  system_stm32f4xx.o(.data)
    hadc1                                    0x2000009c   Data          68  main.o(.bss)
    hadc2                                    0x200000e0   Data          68  main.o(.bss)
    hadc3                                    0x20000124   Data          68  main.o(.bss)
    hdma_adc1                                0x20000168   Data          88  main.o(.bss)
    hdac                                     0x200001c0   Data          20  main.o(.bss)
    hdma2d                                   0x200001d4   Data          64  main.o(.bss)
    hi2c3                                    0x20000214   Data          60  main.o(.bss)
    hltdc                                    0x20000250   Data         168  main.o(.bss)
    hspi5                                    0x200002f8   Data          88  main.o(.bss)
    htim6                                    0x20000350   Data          60  main.o(.bss)
    htim7                                    0x2000038c   Data          60  main.o(.bss)
    huart5                                   0x200003c8   Data          64  main.o(.bss)
    huart1                                   0x20000408   Data          64  main.o(.bss)
    hsram1                                   0x20000448   Data          80  main.o(.bss)
    hsdram1                                  0x20000498   Data          52  main.o(.bss)
    I2cHandle                                0x200009fc   Data          60  stm32f429i_discovery.o(.bss)
    __initial_sp                             0x20000e90   Data           0  startup_stm32f429xx.o(STACK)



==============================================================================

Memory Map of the image

  Image Entry point : 0x080001ad

  Load Region LR_IROM1 (Base: 0x08000000, Size: 0x00009558, Max: 0x00200000, ABSOLUTE)

    Execution Region ER_IROM1 (Base: 0x08000000, Size: 0x000094bc, Max: 0x00200000, ABSOLUTE)

    Base Addr    Size         Type   Attr      Idx    E Section Name        Object

    0x08000000   0x000001ac   Data   RO         5703    RESET               startup_stm32f429xx.o
    0x080001ac   0x00000000   Code   RO         5708  * .ARM.Collect$$$$00000000  mc_w.l(entry.o)
    0x080001ac   0x00000004   Code   RO         5976    .ARM.Collect$$$$00000001  mc_w.l(entry2.o)
    0x080001b0   0x00000004   Code   RO         5979    .ARM.Collect$$$$00000004  mc_w.l(entry5.o)
    0x080001b4   0x00000000   Code   RO         5981    .ARM.Collect$$$$00000008  mc_w.l(entry7b.o)
    0x080001b4   0x00000000   Code   RO         5983    .ARM.Collect$$$$0000000A  mc_w.l(entry8b.o)
    0x080001b4   0x00000008   Code   RO         5984    .ARM.Collect$$$$0000000B  mc_w.l(entry9a.o)
    0x080001bc   0x00000000   Code   RO         5986    .ARM.Collect$$$$0000000D  mc_w.l(entry10a.o)
    0x080001bc   0x00000000   Code   RO         5988    .ARM.Collect$$$$0000000F  mc_w.l(entry11a.o)
    0x080001bc   0x00000004   Code   RO         5977    .ARM.Collect$$$$00002712  mc_w.l(entry2.o)
    0x080001c0   0x00000024   Code   RO         5704    .text               startup_stm32f429xx.o
    0x080001e4   0x00000024   Code   RO         5711    .text               mc_w.l(memcpya.o)
    0x08000208   0x0000002c   Code   RO         5993    .text               mc_w.l(uidiv.o)
    0x08000234   0x00000024   Code   RO         6008    .text               mc_w.l(init.o)
    0x08000258   0x00000178   Code   RO         3109    i.ADC_Init          stm32f4xx_hal_adc.o
    0x080003d0   0x00000040   Code   RO          521    i.BSP_LCD_Clear     stm32f429i_discovery_lcd.o
    0x08000410   0x00000068   Code   RO          523    i.BSP_LCD_DisplayChar  stm32f429i_discovery_lcd.o
    0x08000478   0x00000118   Code   RO          526    i.BSP_LCD_DisplayStringAt  stm32f429i_discovery_lcd.o
    0x08000590   0x00000034   Code   RO          533    i.BSP_LCD_DrawPixel  stm32f429i_discovery_lcd.o
    0x080005c4   0x0000007c   Code   RO          540    i.BSP_LCD_FillRect  stm32f429i_discovery_lcd.o
    0x08000640   0x00000010   Code   RO          545    i.BSP_LCD_GetXSize  stm32f429i_discovery_lcd.o
    0x08000650   0x00000010   Code   RO          546    i.BSP_LCD_GetYSize  stm32f429i_discovery_lcd.o
    0x08000660   0x000000a4   Code   RO          547    i.BSP_LCD_Init      stm32f429i_discovery_lcd.o
    0x08000704   0x00000098   Code   RO          548    i.BSP_LCD_LayerDefaultInit  stm32f429i_discovery_lcd.o
    0x0800079c   0x0000000c   Code   RO          551    i.BSP_LCD_SelectLayer  stm32f429i_discovery_lcd.o
    0x080007a8   0x0000001c   Code   RO          552    i.BSP_LCD_SetBackColor  stm32f429i_discovery_lcd.o
    0x080007c4   0x0000001c   Code   RO          554    i.BSP_LCD_SetFont   stm32f429i_discovery_lcd.o
    0x080007e0   0x00000018   Code   RO          558    i.BSP_LCD_SetTextColor  stm32f429i_discovery_lcd.o
    0x080007f8   0x00000094   Code   RO          345    i.BSP_SDRAM_Initialization_sequence  main.o
    0x0800088c   0x000000e6   Code   RO         2963    i.DMA2D_SetConfig   stm32f4xx_hal_dma2d.o
    0x08000972   0x00000002   PAD
    0x08000974   0x00000010   Code   RO            4    i.DMA2_Stream0_IRQHandler  stm32f4xx_it.o
    0x08000984   0x00000034   Code   RO         2305    i.DMA_CalcBaseAndBitshift  stm32f4xx_hal_dma.o
    0x080009b8   0x00000198   Code   RO          346    i.Display_DemoDescription  main.o
    0x08000b50   0x00000108   Code   RO          561    i.DrawChar          stm32f429i_discovery_lcd.o
    0x08000c58   0x00000048   Code   RO         3284    i.FMC_NORSRAM_Extended_Timing_Init  stm32f4xx_ll_fmc.o
    0x08000ca0   0x00000080   Code   RO         3285    i.FMC_NORSRAM_Init  stm32f4xx_ll_fmc.o
    0x08000d20   0x0000005e   Code   RO         3286    i.FMC_NORSRAM_Timing_Init  stm32f4xx_ll_fmc.o
    0x08000d7e   0x00000074   Code   RO         3296    i.FMC_SDRAM_Init    stm32f4xx_ll_fmc.o
    0x08000df2   0x0000000e   Code   RO         3297    i.FMC_SDRAM_ProgramRefreshRate  stm32f4xx_ll_fmc.o
    0x08000e00   0x00000052   Code   RO         3298    i.FMC_SDRAM_SendCommand  stm32f4xx_ll_fmc.o
    0x08000e52   0x00000098   Code   RO         3300    i.FMC_SDRAM_Timing_Init  stm32f4xx_ll_fmc.o
    0x08000eea   0x00000002   PAD
    0x08000eec   0x00000060   Code   RO          562    i.FillBuffer        stm32f429i_discovery_lcd.o
    0x08000f4c   0x0000019c   Code   RO         3111    i.HAL_ADC_ConfigChannel  stm32f4xx_hal_adc.o
    0x080010e8   0x00000008   Code   RO         3118    i.HAL_ADC_GetValue  stm32f4xx_hal_adc.o
    0x080010f0   0x00000050   Code   RO         3120    i.HAL_ADC_Init      stm32f4xx_hal_adc.o
    0x08001140   0x00000150   Code   RO          177    i.HAL_ADC_MspInit   stm32f4xx_hal_msp.o
    0x08001290   0x000000c8   Code   RO         3126    i.HAL_ADC_Start     stm32f4xx_hal_adc.o
    0x08001358   0x00000024   Code   RO         2823    i.HAL_CRC_Init      stm32f4xx_hal_crc.o
    0x0800137c   0x00000034   Code   RO          179    i.HAL_CRC_MspInit   stm32f4xx_hal_msp.o
    0x080013b0   0x00000042   Code   RO         2889    i.HAL_DACEx_TriangleWaveGenerate  stm32f4xx_hal_dac_ex.o
    0x080013f2   0x0000005a   Code   RO         4063    i.HAL_DAC_ConfigChannel  stm32f4xx_hal_dac.o
    0x0800144c   0x00000028   Code   RO         4073    i.HAL_DAC_Init      stm32f4xx_hal_dac.o
    0x08001474   0x00000054   Code   RO          181    i.HAL_DAC_MspInit   stm32f4xx_hal_msp.o
    0x080014c8   0x0000008c   Code   RO         4077    i.HAL_DAC_Start     stm32f4xx_hal_dac.o
    0x08001554   0x0000011c   Code   RO         2968    i.HAL_DMA2D_ConfigLayer  stm32f4xx_hal_dma2d.o
    0x08001670   0x00000062   Code   RO         2975    i.HAL_DMA2D_Init    stm32f4xx_hal_dma2d.o
    0x080016d2   0x00000002   PAD
    0x080016d4   0x00000034   Code   RO          183    i.HAL_DMA2D_MspInit  stm32f4xx_hal_msp.o
    0x08001708   0x00000106   Code   RO         2978    i.HAL_DMA2D_PollForTransfer  stm32f4xx_hal_dma2d.o
    0x0800180e   0x0000005a   Code   RO         2981    i.HAL_DMA2D_Start   stm32f4xx_hal_dma2d.o
    0x08001868   0x00000218   Code   RO         2311    i.HAL_DMA_IRQHandler  stm32f4xx_hal_dma.o
    0x08001a80   0x00000084   Code   RO         2312    i.HAL_DMA_Init      stm32f4xx_hal_dma.o
    0x08001b04   0x0000001a   Code   RO         2082    i.HAL_Delay         stm32f4xx_hal.o
    0x08001b1e   0x00000002   PAD
    0x08001b20   0x00000108   Code   RO          185    i.HAL_FMC_MspInit   stm32f4xx_hal_msp.o
    0x08001c28   0x00000180   Code   RO         1449    i.HAL_GPIO_DeInit   stm32f4xx_hal_gpio.o
    0x08001da8   0x0000021c   Code   RO         1452    i.HAL_GPIO_Init     stm32f4xx_hal_gpio.o
    0x08001fc4   0x0000000c   Code   RO         1456    i.HAL_GPIO_WritePin  stm32f4xx_hal_gpio.o
    0x08001fd0   0x0000000c   Code   RO         2090    i.HAL_GetTick       stm32f4xx_hal.o
    0x08001fdc   0x00000120   Code   RO         3480    i.HAL_I2C_Init      stm32f4xx_hal_i2c.o
    0x080020fc   0x0000007c   Code   RO          187    i.HAL_I2C_MspInit   stm32f4xx_hal_msp.o
    0x08002178   0x00000010   Code   RO         2091    i.HAL_IncTick       stm32f4xx_hal.o
    0x08002188   0x0000003c   Code   RO         2092    i.HAL_Init          stm32f4xx_hal.o
    0x080021c4   0x00000024   Code   RO         2093    i.HAL_InitTick      stm32f4xx_hal.o
    0x080021e8   0x0000005e   Code   RO         2498    i.HAL_LTDC_ConfigLayer  stm32f4xx_hal_ltdc.o
    0x08002246   0x00000002   PAD
    0x08002248   0x00000044   Code   RO         2505    i.HAL_LTDC_EnableDither  stm32f4xx_hal_ltdc.o
    0x0800228c   0x00000128   Code   RO         2510    i.HAL_LTDC_Init     stm32f4xx_hal_ltdc.o
    0x080023b4   0x0000012c   Code   RO          189    i.HAL_LTDC_MspInit  stm32f4xx_hal_msp.o
    0x080024e0   0x00000014   Code   RO          190    i.HAL_MspInit       stm32f4xx_hal_msp.o
    0x080024f4   0x0000001a   Code   RO         1909    i.HAL_NVIC_EnableIRQ  stm32f4xx_hal_cortex.o
    0x0800250e   0x0000007c   Code   RO         1915    i.HAL_NVIC_SetPriority  stm32f4xx_hal_cortex.o
    0x0800258a   0x00000002   PAD
    0x0800258c   0x00000028   Code   RO         1916    i.HAL_NVIC_SetPriorityGrouping  stm32f4xx_hal_cortex.o
    0x080025b4   0x00000368   Code   RO         2461    i.HAL_RCCEx_PeriphCLKConfig  stm32f4xx_hal_rcc_ex.o
    0x0800291c   0x000002b0   Code   RO         1516    i.HAL_RCC_ClockConfig  stm32f4xx_hal_rcc.o
    0x08002bcc   0x00000038   Code   RO         1521    i.HAL_RCC_GetHCLKFreq  stm32f4xx_hal_rcc.o
    0x08002c04   0x0000002c   Code   RO         1523    i.HAL_RCC_GetPCLK1Freq  stm32f4xx_hal_rcc.o
    0x08002c30   0x0000002c   Code   RO         1524    i.HAL_RCC_GetPCLK2Freq  stm32f4xx_hal_rcc.o
    0x08002c5c   0x000000b4   Code   RO         1525    i.HAL_RCC_GetSysClockFreq  stm32f4xx_hal_rcc.o
    0x08002d10   0x000003fc   Code   RO         1528    i.HAL_RCC_OscConfig  stm32f4xx_hal_rcc.o
    0x0800310c   0x00000040   Code   RO         4671    i.HAL_SDRAM_Init    stm32f4xx_hal_sdram.o
    0x0800314c   0x0000000a   Code   RO          192    i.HAL_SDRAM_MspInit  stm32f4xx_hal_msp.o
    0x08003156   0x00000028   Code   RO         4674    i.HAL_SDRAM_ProgramRefreshRate  stm32f4xx_hal_sdram.o
    0x0800317e   0x0000003a   Code   RO         4680    i.HAL_SDRAM_SendCommand  stm32f4xx_hal_sdram.o
    0x080031b8   0x00000030   Code   RO         3819    i.HAL_SPI_DeInit    stm32f4xx_hal_spi.o
    0x080031e8   0x00000008   Code   RO         3822    i.HAL_SPI_GetState  stm32f4xx_hal_spi.o
    0x080031f0   0x00000088   Code   RO         3824    i.HAL_SPI_Init      stm32f4xx_hal_spi.o
    0x08003278   0x00000030   Code   RO          193    i.HAL_SPI_MspDeInit  stm32f4xx_hal_msp.o
    0x080032a8   0x0000005c   Code   RO          194    i.HAL_SPI_MspInit   stm32f4xx_hal_msp.o
    0x08003304   0x0000023c   Code   RO         3827    i.HAL_SPI_Receive   stm32f4xx_hal_spi.o
    0x08003540   0x000001c2   Code   RO         3832    i.HAL_SPI_Transmit  stm32f4xx_hal_spi.o
    0x08003702   0x00000352   Code   RO         3833    i.HAL_SPI_TransmitReceive  stm32f4xx_hal_spi.o
    0x08003a54   0x00000058   Code   RO         4444    i.HAL_SRAM_Init     stm32f4xx_hal_sram.o
    0x08003aac   0x0000000a   Code   RO          196    i.HAL_SRAM_MspInit  stm32f4xx_hal_msp.o
    0x08003ab6   0x00000028   Code   RO         1918    i.HAL_SYSTICK_CLKSourceConfig  stm32f4xx_hal_cortex.o
    0x08003ade   0x0000000a   Code   RO         1919    i.HAL_SYSTICK_Callback  stm32f4xx_hal_cortex.o
    0x08003ae8   0x00000034   Code   RO         1920    i.HAL_SYSTICK_Config  stm32f4xx_hal_cortex.o
    0x08003b1c   0x00000008   Code   RO         1921    i.HAL_SYSTICK_IRQHandler  stm32f4xx_hal_cortex.o
    0x08003b24   0x00000062   Code   RO         4218    i.HAL_TIMEx_MasterConfigSynchronization  stm32f4xx_hal_tim_ex.o
    0x08003b86   0x00000034   Code   RO         4823    i.HAL_TIM_Base_Init  stm32f4xx_hal_tim.o
    0x08003bba   0x00000002   PAD
    0x08003bbc   0x00000060   Code   RO          198    i.HAL_TIM_Base_MspInit  stm32f4xx_hal_msp.o
    0x08003c1c   0x0000006e   Code   RO         5478    i.HAL_UART_Init     stm32f4xx_hal_uart.o
    0x08003c8a   0x00000002   PAD
    0x08003c8c   0x000000d0   Code   RO          200    i.HAL_UART_MspInit  stm32f4xx_hal_msp.o
    0x08003d5c   0x0000000c   Code   RO         1212    i.LCD_Delay         stm32f429i_discovery.o
    0x08003d68   0x00000114   Code   RO         1213    i.LCD_IO_Init       stm32f429i_discovery.o
    0x08003e7c   0x00000078   Code   RO         1214    i.LCD_IO_ReadData   stm32f429i_discovery.o
    0x08003ef4   0x00000060   Code   RO         1215    i.LCD_IO_WriteData  stm32f429i_discovery.o
    0x08003f54   0x00000060   Code   RO         1216    i.LCD_IO_WriteReg   stm32f429i_discovery.o
    0x08003fb4   0x00000212   Code   RO         2521    i.LTDC_SetConfig    stm32f4xx_hal_ltdc.o
    0x080041c6   0x00000002   PAD
    0x080041c8   0x0000004c   Code   RO          347    i.MX_ADC1_Init      main.o
    0x08004214   0x0000004c   Code   RO          348    i.MX_ADC2_Init      main.o
    0x08004260   0x0000004c   Code   RO          349    i.MX_ADC3_Init      main.o
    0x080042ac   0x00000018   Code   RO          350    i.MX_CRC_Init       main.o
    0x080042c4   0x0000002c   Code   RO          351    i.MX_DAC_Init       main.o
    0x080042f0   0x00000034   Code   RO          352    i.MX_DMA2D_Init     main.o
    0x08004324   0x00000038   Code   RO          353    i.MX_DMA_Init       main.o
    0x0800435c   0x000000d8   Code   RO          354    i.MX_FMC_Init       main.o
    0x08004434   0x000001dc   Code   RO          355    i.MX_GPIO_Init      main.o
    0x08004610   0x00000038   Code   RO          356    i.MX_I2C3_Init      main.o
    0x08004648   0x00000030   Code   RO          359    i.MX_TIM6_Init      main.o
    0x08004678   0x00000030   Code   RO          360    i.MX_TIM7_Init      main.o
    0x080046a8   0x00000030   Code   RO          361    i.MX_UART5_Init     main.o
    0x080046d8   0x00000030   Code   RO          362    i.MX_USART1_UART_Init  main.o
    0x08004708   0x00000026   Code   RO          363    i.Main_sendUSB      main.o
    0x0800472e   0x00000002   PAD
    0x08004730   0x00000178   Code   RO          364    i.Main_testPowerSupplies  main.o
    0x080048a8   0x00000032   Code   RO          365    i.Main_testSDRAM    main.o
    0x080048da   0x00000002   PAD
    0x080048dc   0x0000019c   Code   RO          563    i.MspInit           stm32f429i_discovery_lcd.o
    0x08004a78   0x00000010   Code   RO         1922    i.NVIC_GetPriorityGrouping  stm32f4xx_hal_cortex.o
    0x08004a88   0x00000028   Code   RO         1923    i.NVIC_SetPriority  stm32f4xx_hal_cortex.o
    0x08004ab0   0x00000114   Code   RO         3855    i.SPI_WaitOnFlagUntilTimeout  stm32f4xx_hal_spi.o
    0x08004bc4   0x00000014   Code   RO         1217    i.SPIx_Error        stm32f429i_discovery.o
    0x08004bd8   0x0000004c   Code   RO         1218    i.SPIx_Init         stm32f429i_discovery.o
    0x08004c24   0x00000028   Code   RO         1220    i.SPIx_Read         stm32f429i_discovery.o
    0x08004c4c   0x00000024   Code   RO         1221    i.SPIx_Write        stm32f429i_discovery.o
    0x08004c70   0x0000000c   Code   RO            5    i.SysTick_Handler   stm32f4xx_it.o
    0x08004c7c   0x000000d0   Code   RO          367    i.SystemClock_Config  main.o
    0x08004d4c   0x00000064   Code   RO         1413    i.SystemInit        system_stm32f4xx.o
    0x08004db0   0x000000e4   Code   RO         4907    i.TIM_Base_SetConfig  stm32f4xx_hal_tim.o
    0x08004e94   0x00000224   Code   RO         5498    i.UART_SetConfig    stm32f4xx_hal_uart.o
    0x080050b8   0x00000028   Code   RO         5872    i.__0sprintf$6      mc_w.l(printf6.o)
    0x080050e0   0x0000000e   Code   RO         6022    i.__scatterload_copy  mc_w.l(handlers.o)
    0x080050ee   0x00000002   Code   RO         6023    i.__scatterload_null  mc_w.l(handlers.o)
    0x080050f0   0x0000000e   Code   RO         6024    i.__scatterload_zeroinit  mc_w.l(handlers.o)
    0x080050fe   0x00000002   PAD
    0x08005100   0x000002f0   Code   RO         5877    i._printf_core      mc_w.l(printf6.o)
    0x080053f0   0x00000024   Code   RO         5878    i._printf_post_padding  mc_w.l(printf6.o)
    0x08005414   0x0000002e   Code   RO         5879    i._printf_pre_padding  mc_w.l(printf6.o)
    0x08005442   0x0000000a   Code   RO         5881    i._sputc            mc_w.l(printf6.o)
    0x0800544c   0x0000000a   Code   RO          885    i.ili9341_DisplayOff  ili9341.o
    0x08005456   0x0000000a   Code   RO          886    i.ili9341_DisplayOn  ili9341.o
    0x08005460   0x00000006   Code   RO          887    i.ili9341_GetLcdPixelHeight  ili9341.o
    0x08005466   0x00000004   Code   RO          888    i.ili9341_GetLcdPixelWidth  ili9341.o
    0x0800546a   0x00000290   Code   RO          889    i.ili9341_Init      ili9341.o
    0x080056fa   0x00000010   Code   RO          890    i.ili9341_ReadData  ili9341.o
    0x0800570a   0x00000012   Code   RO          891    i.ili9341_ReadID    ili9341.o
    0x0800571c   0x0000000c   Code   RO          892    i.ili9341_WriteData  ili9341.o
    0x08005728   0x0000000c   Code   RO          893    i.ili9341_WriteReg  ili9341.o
    0x08005734   0x00000074   Code   RO          368    i.main              main.o
    0x080057a8   0x00003cdc   Data   RO          565    .constdata          stm32f429i_discovery_lcd.o
    0x08009484   0x00000010   Data   RO         1529    .constdata          stm32f4xx_hal_rcc.o
    0x08009494   0x00000008   Data   RO         2316    .constdata          stm32f4xx_hal_dma.o
    0x0800949c   0x00000020   Data   RO         6020    Region$$Table       anon$$obj.o


    Execution Region RW_IRAM1 (Base: 0x20000000, Size: 0x00000e90, Max: 0x00030000, ABSOLUTE)

    Base Addr    Size         Type   Attr      Idx    E Section Name        Object

    0x20000000   0x00000008   Data   RW          201    .data               stm32f4xx_hal_msp.o
    0x20000008   0x00000009   Data   RW          371    .data               main.o
    0x20000011   0x00000003   PAD
    0x20000014   0x00000030   Data   RW          566    .data               stm32f429i_discovery_lcd.o
    0x20000044   0x00000038   Data   RW          894    .data               ili9341.o
    0x2000007c   0x00000015   Data   RW         1225    .data               stm32f429i_discovery.o
    0x20000091   0x00000003   PAD
    0x20000094   0x00000004   Data   RW         1415    .data               system_stm32f4xx.o
    0x20000098   0x00000004   Data   RW         2098    .data               stm32f4xx_hal.o
    0x2000009c   0x00000830   Zero   RW          369    .bss                main.o
    0x200008cc   0x00000130   Zero   RW          564    .bss                stm32f429i_discovery_lcd.o
    0x200009fc   0x00000094   Zero   RW         1223    .bss                stm32f429i_discovery.o
    0x20000a90   0x00000400   Zero   RW         5701    STACK               startup_stm32f429xx.o


==============================================================================

Image component sizes


      Code (inc. data)   RO Data    RW Data    ZI Data      Debug   Object Name

       744          0          0         56          0       6916   ili9341.o
      2688        380          0          9       2096      16051   main.o
        36          8        428          0       1024        952   startup_stm32f429xx.o
       772         72          0         21        148       7367   stm32f429i_discovery.o
      1836        174      15580         48        304      18140   stm32f429i_discovery_lcd.o
       150         16          0          4          0       4390   stm32f4xx_hal.o
      1076         60          0          0          0       4162   stm32f4xx_hal_adc.o
       356         22          0          0          0      33393   stm32f4xx_hal_cortex.o
        36          0          0          0          0       1103   stm32f4xx_hal_crc.o
       270          0          0          0          0       2903   stm32f4xx_hal_dac.o
        66          0          0          0          0       1229   stm32f4xx_hal_dac_ex.o
       720         16          8          0          0       3004   stm32f4xx_hal_dma.o
       964          4          0          0          0       5327   stm32f4xx_hal_dma2d.o
       936        102          0          0          0       3442   stm32f4xx_hal_gpio.o
       288         10          0          0          0       1419   stm32f4xx_hal_i2c.o
       988         12          0          0          0       3683   stm32f4xx_hal_ltdc.o
      1696        208          0          8          0      10344   stm32f4xx_hal_msp.o
      2032         68         16          0          0       6223   stm32f4xx_hal_rcc.o
       872         24          0          0          0       1624   stm32f4xx_hal_rcc_ex.o
       162          0          0          0          0       2852   stm32f4xx_hal_sdram.o
      2340          0          0          0          0       7474   stm32f4xx_hal_spi.o
        88          0          0          0          0       1268   stm32f4xx_hal_sram.o
       280         44          0          0          0       1961   stm32f4xx_hal_tim.o
        98          0          0          0          0       1232   stm32f4xx_hal_tim_ex.o
       658         10          0          0          0       1948   stm32f4xx_hal_uart.o
        28          6          0          0          0     469384   stm32f4xx_it.o
       658         12          0          0          0       6120   stm32f4xx_ll_fmc.o
       100         18          0          4          0       1433   system_stm32f4xx.o

    ----------------------------------------------------------------------
     20960       1266      16064        156       3572     625344   Object Totals
         0          0         32          0          0          0   (incl. Generated)
        22          0          0          6          0          0   (incl. Padding)

    ----------------------------------------------------------------------

      Code (inc. data)   RO Data    RW Data    ZI Data      Debug   Library Member Name

         0          0          0          0          0          0   entry.o
         0          0          0          0          0          0   entry10a.o
         0          0          0          0          0          0   entry11a.o
         8          4          0          0          0          0   entry2.o
         4          0          0          0          0          0   entry5.o
         0          0          0          0          0          0   entry7b.o
         0          0          0          0          0          0   entry8b.o
         8          4          0          0          0          0   entry9a.o
        30          0          0          0          0          0   handlers.o
        36          8          0          0          0         68   init.o
        36          0          0          0          0         68   memcpya.o
       884         10          0          0          0        420   printf6.o
        44          0          0          0          0         80   uidiv.o

    ----------------------------------------------------------------------
      1052         26          0          0          0        636   Library Totals
         2          0          0          0          0          0   (incl. Padding)

    ----------------------------------------------------------------------

      Code (inc. data)   RO Data    RW Data    ZI Data      Debug   Library Name

      1050         26          0          0          0        636   mc_w.l

    ----------------------------------------------------------------------
      1052         26          0          0          0        636   Library Totals

    ----------------------------------------------------------------------

==============================================================================


      Code (inc. data)   RO Data    RW Data    ZI Data      Debug   

     22012       1292      16064        156       3572     612224   Grand Totals
     22012       1292      16064        156       3572     612224   ELF Image Totals
     22012       1292      16064        156          0          0   ROM Totals

==============================================================================

    Total RO  Size (Code + RO Data)                38076 (  37.18kB)
    Total RW  Size (RW Data + ZI Data)              3728 (   3.64kB)
    Total ROM Size (Code + RO Data + RW Data)      38232 (  37.34kB)

==============================================================================

