ARM Linker, 5.03 [Build 76] [MDK-ARM Lite]

==============================================================================

Section Cross References

    app.o(i.main) refers to usbd_core.o(i.USBD_Init) for USBD_Init
    app.o(i.main) refers to stm324xg_eval.o(i.STM_EVAL_LEDToggle) for STM_EVAL_LEDToggle
    app.o(i.main) refers to usbd_usr.o(.data) for USR_cb
    app.o(i.main) refers to usbd_cdc_core.o(.data) for USBD_CDC_cb
    app.o(i.main) refers to usbd_desc.o(.data) for USR_desc
    app.o(i.main) refers to app.o(.bss) for .bss
    usb_bsp.o(i.USB_OTG_BSP_EnableInterrupt) refers to misc.o(i.NVIC_PriorityGroupConfig) for NVIC_PriorityGroupConfig
    usb_bsp.o(i.USB_OTG_BSP_EnableInterrupt) refers to misc.o(i.NVIC_Init) for NVIC_Init
    usb_bsp.o(i.USB_OTG_BSP_Init) refers to stm32f4xx_rcc.o(i.RCC_AHB1PeriphClockCmd) for RCC_AHB1PeriphClockCmd
    usb_bsp.o(i.USB_OTG_BSP_Init) refers to stm32f4xx_gpio.o(i.GPIO_PinAFConfig) for GPIO_PinAFConfig
    usb_bsp.o(i.USB_OTG_BSP_Init) refers to stm32f4xx_gpio.o(i.GPIO_Init) for GPIO_Init
    usb_bsp.o(i.USB_OTG_BSP_mDelay) refers to usb_bsp.o(i.USB_OTG_BSP_uDelay) for USB_OTG_BSP_uDelay
    usbd_usr.o(i.USBD_USR_DeviceConfigured) refers to printfb.o(i.__0printf$bare) for __2printf
    usbd_usr.o(i.USBD_USR_DeviceConfigured) refers to lcd_log.o(.data) for LCD_LineColor
    usbd_usr.o(i.USBD_USR_DeviceConnected) refers to printfb.o(i.__0printf$bare) for __2printf
    usbd_usr.o(i.USBD_USR_DeviceConnected) refers to lcd_log.o(.data) for LCD_LineColor
    usbd_usr.o(i.USBD_USR_DeviceDisconnected) refers to printfb.o(i.__0printf$bare) for __2printf
    usbd_usr.o(i.USBD_USR_DeviceDisconnected) refers to lcd_log.o(.data) for LCD_LineColor
    usbd_usr.o(i.USBD_USR_DeviceReset) refers to lcd_log.o(i.LCD_LOG_SetFooter) for LCD_LOG_SetFooter
    usbd_usr.o(i.USBD_USR_DeviceResumed) refers to printfb.o(i.__0printf$bare) for __2printf
    usbd_usr.o(i.USBD_USR_DeviceResumed) refers to lcd_log.o(.data) for LCD_LineColor
    usbd_usr.o(i.USBD_USR_DeviceSuspended) refers to printfb.o(i.__0printf$bare) for __2printf
    usbd_usr.o(i.USBD_USR_DeviceSuspended) refers to lcd_log.o(.data) for LCD_LineColor
    usbd_usr.o(i.USBD_USR_Init) refers to stm324xg_eval.o(i.STM_EVAL_LEDInit) for STM_EVAL_LEDInit
    usbd_usr.o(i.USBD_USR_Init) refers to stm324xg_eval_lcd.o(i.STM324xG_LCD_Init) for STM324xG_LCD_Init
    usbd_usr.o(i.USBD_USR_Init) refers to lcd_log.o(i.LCD_LOG_Init) for LCD_LOG_Init
    usbd_usr.o(i.USBD_USR_Init) refers to lcd_log.o(i.LCD_LOG_SetHeader) for LCD_LOG_SetHeader
    usbd_usr.o(i.USBD_USR_Init) refers to printfb.o(i.__0printf$bare) for __2printf
    usbd_usr.o(i.USBD_USR_Init) refers to lcd_log.o(i.LCD_LOG_SetFooter) for LCD_LOG_SetFooter
    usbd_usr.o(i.USBD_USR_Init) refers to lcd_log.o(.data) for LCD_LineColor
    usbd_usr.o(.data) refers to usbd_usr.o(i.USBD_USR_Init) for USBD_USR_Init
    usbd_usr.o(.data) refers to usbd_usr.o(i.USBD_USR_DeviceReset) for USBD_USR_DeviceReset
    usbd_usr.o(.data) refers to usbd_usr.o(i.USBD_USR_DeviceConfigured) for USBD_USR_DeviceConfigured
    usbd_usr.o(.data) refers to usbd_usr.o(i.USBD_USR_DeviceSuspended) for USBD_USR_DeviceSuspended
    usbd_usr.o(.data) refers to usbd_usr.o(i.USBD_USR_DeviceResumed) for USBD_USR_DeviceResumed
    usbd_usr.o(.data) refers to usbd_usr.o(i.USBD_USR_DeviceConnected) for USBD_USR_DeviceConnected
    usbd_usr.o(.data) refers to usbd_usr.o(i.USBD_USR_DeviceDisconnected) for USBD_USR_DeviceDisconnected
    usbd_cdc_vcp.o(i.USART3_IRQHandler) refers to stm32f4xx_usart.o(i.USART_GetITStatus) for USART_GetITStatus
    usbd_cdc_vcp.o(i.USART3_IRQHandler) refers to usbd_cdc_vcp.o(i.VCP_DataTx) for VCP_DataTx
    usbd_cdc_vcp.o(i.USART3_IRQHandler) refers to stm32f4xx_usart.o(i.USART_GetFlagStatus) for USART_GetFlagStatus
    usbd_cdc_vcp.o(i.USART3_IRQHandler) refers to stm32f4xx_usart.o(i.USART_ReceiveData) for USART_ReceiveData
    usbd_cdc_vcp.o(i.VCP_COMConfig) refers to stm324xg_eval.o(i.STM_EVAL_COMInit) for STM_EVAL_COMInit
    usbd_cdc_vcp.o(i.VCP_COMConfig) refers to stm32f4xx_usart.o(i.USART_ITConfig) for USART_ITConfig
    usbd_cdc_vcp.o(i.VCP_COMConfig) refers to usbd_cdc_vcp.o(.bss) for .bss
    usbd_cdc_vcp.o(i.VCP_COMConfig) refers to usbd_cdc_vcp.o(.data) for .data
    usbd_cdc_vcp.o(i.VCP_Ctrl) refers to usbd_cdc_vcp.o(i.VCP_COMConfig) for VCP_COMConfig
    usbd_cdc_vcp.o(i.VCP_Ctrl) refers to usbd_cdc_vcp.o(.data) for .data
    usbd_cdc_vcp.o(i.VCP_DataRx) refers to stm32f4xx_usart.o(i.USART_SendData) for USART_SendData
    usbd_cdc_vcp.o(i.VCP_DataRx) refers to stm32f4xx_usart.o(i.USART_GetFlagStatus) for USART_GetFlagStatus
    usbd_cdc_vcp.o(i.VCP_DataTx) refers to stm32f4xx_usart.o(i.USART_ReceiveData) for USART_ReceiveData
    usbd_cdc_vcp.o(i.VCP_DataTx) refers to usbd_cdc_vcp.o(.data) for .data
    usbd_cdc_vcp.o(i.VCP_DataTx) refers to usbd_cdc_core.o(.bss) for APP_Rx_Buffer
    usbd_cdc_vcp.o(i.VCP_DataTx) refers to usbd_cdc_core.o(.data) for APP_Rx_ptr_in
[...]
    ..\..\..\..\Libraries\STM32F4xx_StdPeriph_Driver\src\stm32f4xx_pwr.c 0x00000000   Number         0  stm32f4xx_pwr.o ABSOLUTE
    ..\..\..\..\Libraries\STM32F4xx_StdPeriph_Driver\src\stm32f4xx_rcc.c 0x00000000   Number         0  stm32f4xx_rcc.o ABSOLUTE
    ..\..\..\..\Libraries\STM32F4xx_StdPeriph_Driver\src\stm32f4xx_sdio.c 0x00000000   Number         0  stm32f4xx_sdio.o ABSOLUTE
    ..\..\..\..\Libraries\STM32F4xx_StdPeriph_Driver\src\stm32f4xx_spi.c 0x00000000   Number         0  stm32f4xx_spi.o ABSOLUTE
    ..\..\..\..\Libraries\STM32F4xx_StdPeriph_Driver\src\stm32f4xx_syscfg.c 0x00000000   Number         0  stm32f4xx_syscfg.o ABSOLUTE
    ..\..\..\..\Libraries\STM32F4xx_StdPeriph_Driver\src\stm32f4xx_usart.c 0x00000000   Number         0  stm32f4xx_usart.o ABSOLUTE
    ..\..\..\..\Libraries\STM32_USB_Device_Library\Class\cdc\src\usbd_cdc_core.c 0x00000000   Number         0  usbd_cdc_core.o ABSOLUTE
    ..\..\..\..\Libraries\STM32_USB_Device_Library\Core\src\usbd_core.c 0x00000000   Number         0  usbd_core.o ABSOLUTE
    ..\..\..\..\Libraries\STM32_USB_Device_Library\Core\src\usbd_ioreq.c 0x00000000   Number         0  usbd_ioreq.o ABSOLUTE
    ..\..\..\..\Libraries\STM32_USB_Device_Library\Core\src\usbd_req.c 0x00000000   Number         0  usbd_req.o ABSOLUTE
    ..\..\..\..\Libraries\STM32_USB_OTG_Driver\src\usb_core.c 0x00000000   Number         0  usb_core.o ABSOLUTE
    ..\..\..\..\Libraries\STM32_USB_OTG_Driver\src\usb_dcd.c 0x00000000   Number         0  usb_dcd.o ABSOLUTE
    ..\..\..\..\Libraries\STM32_USB_OTG_Driver\src\usb_dcd_int.c 0x00000000   Number         0  usb_dcd_int.o ABSOLUTE
    ..\..\..\..\Utilities\STM32_EVAL\Common\lcd_log.c 0x00000000   Number         0  lcd_log.o ABSOLUTE
    ..\..\..\..\Utilities\STM32_EVAL\STM3240_41_G_EVAL\stm324xg_eval.c 0x00000000   Number         0  stm324xg_eval.o ABSOLUTE
    ..\..\..\..\Utilities\STM32_EVAL\STM3240_41_G_EVAL\stm324xg_eval_ioe.c 0x00000000   Number         0  stm324xg_eval_ioe.o ABSOLUTE
    ..\..\..\..\Utilities\STM32_EVAL\STM3240_41_G_EVAL\stm324xg_eval_lcd.c 0x00000000   Number         0  stm324xg_eval_lcd.o ABSOLUTE
    ..\\..\\..\\..\\Libraries\\STM32F2xx_StdPeriph_Driver\\src\\misc.c 0x00000000   Number         0  misc.o ABSOLUTE
    ..\\..\\..\\..\\Libraries\\STM32F4xx_StdPeriph_Driver\\src\\stm32f4xx_dma.c 0x00000000   Number         0  stm32f4xx_dma.o ABSOLUTE
    ..\\..\\..\\..\\Libraries\\STM32F4xx_StdPeriph_Driver\\src\\stm32f4xx_exti.c 0x00000000   Number         0  stm32f4xx_exti.o ABSOLUTE
    ..\\..\\..\\..\\Libraries\\STM32F4xx_StdPeriph_Driver\\src\\stm32f4xx_flash.c 0x00000000   Number         0  stm32f4xx_flash.o ABSOLUTE
    ..\\..\\..\\..\\Libraries\\STM32F4xx_StdPeriph_Driver\\src\\stm32f4xx_fsmc.c 0x00000000   Number         0  stm32f4xx_fsmc.o ABSOLUTE
    ..\\..\\..\\..\\Libraries\\STM32F4xx_StdPeriph_Driver\\src\\stm32f4xx_gpio.c 0x00000000   Number         0  stm32f4xx_gpio.o ABSOLUTE
    ..\\..\\..\\..\\Libraries\\STM32F4xx_StdPeriph_Driver\\src\\stm32f4xx_i2c.c 0x00000000   Number         0  stm32f4xx_i2c.o ABSOLUTE
    ..\\..\\..\\..\\Libraries\\STM32F4xx_StdPeriph_Driver\\src\\stm32f4xx_pwr.c 0x00000000   Number         0  stm32f4xx_pwr.o ABSOLUTE
    ..\\..\\..\\..\\Libraries\\STM32F4xx_StdPeriph_Driver\\src\\stm32f4xx_rcc.c 0x00000000   Number         0  stm32f4xx_rcc.o ABSOLUTE
    ..\\..\\..\\..\\Libraries\\STM32F4xx_StdPeriph_Driver\\src\\stm32f4xx_sdio.c 0x00000000   Number         0  stm32f4xx_sdio.o ABSOLUTE
    ..\\..\\..\\..\\Libraries\\STM32F4xx_StdPeriph_Driver\\src\\stm32f4xx_spi.c 0x00000000   Number         0  stm32f4xx_spi.o ABSOLUTE
    ..\\..\\..\\..\\Libraries\\STM32F4xx_StdPeriph_Driver\\src\\stm32f4xx_syscfg.c 0x00000000   Number         0  stm32f4xx_syscfg.o ABSOLUTE
    ..\\..\\..\\..\\Libraries\\STM32F4xx_StdPeriph_Driver\\src\\stm32f4xx_usart.c 0x00000000   Number         0  stm32f4xx_usart.o ABSOLUTE
    ..\\..\\..\\..\\Libraries\\STM32_USB_Device_Library\\Class\\cdc\\src\\usbd_cdc_core.c 0x00000000   Number         0  usbd_cdc_core.o ABSOLUTE
    ..\\..\\..\\..\\Libraries\\STM32_USB_Device_Library\\Core\\src\\usbd_core.c 0x00000000   Number         0  usbd_core.o ABSOLUTE
    ..\\..\\..\\..\\Libraries\\STM32_USB_Device_Library\\Core\\src\\usbd_ioreq.c 0x00000000   Number         0  usbd_ioreq.o ABSOLUTE
    ..\\..\\..\\..\\Libraries\\STM32_USB_Device_Library\\Core\\src\\usbd_req.c 0x00000000   Number         0  usbd_req.o ABSOLUTE
    ..\\..\\..\\..\\Libraries\\STM32_USB_OTG_Driver\\src\\usb_core.c 0x00000000   Number         0  usb_core.o ABSOLUTE
    ..\\..\\..\\..\\Libraries\\STM32_USB_OTG_Driver\\src\\usb_dcd.c 0x00000000   Number         0  usb_dcd.o ABSOLUTE
    ..\\..\\..\\..\\Libraries\\STM32_USB_OTG_Driver\\src\\usb_dcd_int.c 0x00000000   Number         0  usb_dcd_int.o ABSOLUTE
    ..\\..\\..\\..\\Utilities\\STM32_EVAL\\Common\\lcd_log.c 0x00000000   Number         0  lcd_log.o ABSOLUTE
    ..\\..\\..\\..\\Utilities\\STM32_EVAL\\STM3240_41_G_EVAL\\stm324xg_eval.c 0x00000000   Number         0  stm324xg_eval.o ABSOLUTE
    ..\\..\\..\\..\\Utilities\\STM32_EVAL\\STM3240_41_G_EVAL\\stm324xg_eval_ioe.c 0x00000000   Number         0  stm324xg_eval_ioe.o ABSOLUTE
    ..\\..\\..\\..\\Utilities\\STM32_EVAL\\STM3240_41_G_EVAL\\stm324xg_eval_lcd.c 0x00000000   Number         0  stm324xg_eval_lcd.o ABSOLUTE
    ..\\src\\app.c                           0x00000000   Number         0  app.o ABSOLUTE
    ..\\src\\stm32fxxx_it.c                  0x00000000   Number         0  stm32fxxx_it.o ABSOLUTE
    ..\\src\\system_stm32f4xx.c              0x00000000   Number         0  system_stm32f4xx.o ABSOLUTE
    ..\\src\\usb_bsp.c                       0x00000000   Number         0  usb_bsp.o ABSOLUTE
    ..\\src\\usbd_cdc_vcp.c                  0x00000000   Number         0  usbd_cdc_vcp.o ABSOLUTE
    ..\\src\\usbd_desc.c                     0x00000000   Number         0  usbd_desc.o ABSOLUTE
    ..\\src\\usbd_usr.c                      0x00000000   Number         0  usbd_usr.o ABSOLUTE
    ..\src\app.c                             0x00000000   Number         0  app.o ABSOLUTE
    ..\src\stm32fxxx_it.c                    0x00000000   Number         0  stm32fxxx_it.o ABSOLUTE
    ..\src\system_stm32f4xx.c                0x00000000   Number         0  system_stm32f4xx.o ABSOLUTE
    ..\src\usb_bsp.c                         0x00000000   Number         0  usb_bsp.o ABSOLUTE
    ..\src\usbd_cdc_vcp.c                    0x00000000   Number         0  usbd_cdc_vcp.o ABSOLUTE
    ..\src\usbd_desc.c                       0x00000000   Number         0  usbd_desc.o ABSOLUTE
    ..\src\usbd_usr.c                        0x00000000   Number         0  usbd_usr.o ABSOLUTE
    cdcmple.s                                0x00000000   Number         0  cdcmple.o ABSOLUTE
    cdrcmple.s                               0x00000000   Number         0  cdrcmple.o ABSOLUTE
    dc.s                                     0x00000000   Number         0  dc.o ABSOLUTE
    handlers.s                               0x00000000   Number         0  handlers.o ABSOLUTE
    init.s                                   0x00000000   Number         0  init.o ABSOLUTE
    RESET                                    0x08000000   Section      392  startup_stm32f4xx.o(RESET)
    .ARM.Collect$$$$00000000                 0x08000188   Section        0  entry.o(.ARM.Collect$$$$00000000)
    .ARM.Collect$$$$00000001                 0x08000188   Section        4  entry2.o(.ARM.Collect$$$$00000001)
    .ARM.Collect$$$$00000004                 0x0800018c   Section        4  entry5.o(.ARM.Collect$$$$00000004)
    .ARM.Collect$$$$00000008                 0x08000190   Section        0  entry7b.o(.ARM.Collect$$$$00000008)
    .ARM.Collect$$$$0000000A                 0x08000190   Section        0  entry8b.o(.ARM.Collect$$$$0000000A)
    .ARM.Collect$$$$0000000B                 0x08000190   Section        8  entry9a.o(.ARM.Collect$$$$0000000B)
    .ARM.Collect$$$$0000000D                 0x08000198   Section        0  entry10a.o(.ARM.Collect$$$$0000000D)
    .ARM.Collect$$$$0000000F                 0x08000198   Section        0  entry11a.o(.ARM.Collect$$$$0000000F)
    .ARM.Collect$$$$00002712                 0x08000198   Section        4  entry2.o(.ARM.Collect$$$$00002712)
    __lit__00000000                          0x08000198   Data           4  entry2.o(.ARM.Collect$$$$00002712)
    .text                                    0x0800019c   Section       36  startup_stm32f4xx.o(.text)
    $v0                                      0x0800019c   Number         0  startup_stm32f4xx.o(.text)
    .text                                    0x080001c0   Section       36  init.o(.text)
    .text                                    0x080001e4   Section        0  __dczerorl2.o(.text)
    i.BusFault_Handler                       0x08000240   Section        0  stm32fxxx_it.o(i.BusFault_Handler)
    i.DCD_EP_Close                           0x08000242   Section        0  usb_dcd.o(i.DCD_EP_Close)
    i.DCD_EP_ClrStall                        0x0800026e   Section        0  usb_dcd.o(i.DCD_EP_ClrStall)
    i.DCD_EP_Open                            0x080002a6   Section        0  usb_dcd.o(i.DCD_EP_Open)
    i.DCD_EP_PrepareRx                       0x080002e2   Section        0  usb_dcd.o(i.DCD_EP_PrepareRx)
    i.DCD_EP_SetAddress                      0x0800031c   Section        0  usb_dcd.o(i.DCD_EP_SetAddress)
    i.DCD_EP_Stall                           0x0800032c   Section        0  usb_dcd.o(i.DCD_EP_Stall)
    i.DCD_EP_Tx                              0x08000364   Section        0  usb_dcd.o(i.DCD_EP_Tx)
    i.DCD_HandleInEP_ISR                     0x0800039c   Section        0  usb_dcd_int.o(i.DCD_HandleInEP_ISR)
    DCD_HandleInEP_ISR                       0x0800039d   Thumb Code   198  usb_dcd_int.o(i.DCD_HandleInEP_ISR)
    i.DCD_HandleOutEP_ISR                    0x08000468   Section        0  usb_dcd_int.o(i.DCD_HandleOutEP_ISR)
    DCD_HandleOutEP_ISR                      0x08000469   Thumb Code   166  usb_dcd_int.o(i.DCD_HandleOutEP_ISR)
    i.DCD_HandleRxStatusQueueLevel_ISR       0x08000514   Section        0  usb_dcd_int.o(i.DCD_HandleRxStatusQueueLevel_ISR)
    DCD_HandleRxStatusQueueLevel_ISR         0x08000515   Thumb Code   124  usb_dcd_int.o(i.DCD_HandleRxStatusQueueLevel_ISR)
    i.DCD_HandleUSBSuspend_ISR               0x08000590   Section        0  usb_dcd_int.o(i.DCD_HandleUSBSuspend_ISR)
    DCD_HandleUSBSuspend_ISR                 0x08000591   Thumb Code   102  usb_dcd_int.o(i.DCD_HandleUSBSuspend_ISR)
    i.DCD_HandleUsbReset_ISR                 0x08000600   Section        0  usb_dcd_int.o(i.DCD_HandleUsbReset_ISR)
    DCD_HandleUsbReset_ISR                   0x08000601   Thumb Code   138  usb_dcd_int.o(i.DCD_HandleUsbReset_ISR)
    i.DCD_Init                               0x08000690   Section        0  usb_dcd.o(i.DCD_Init)
    i.DCD_WriteEmptyTxFifo                   0x0800071a   Section        0  usb_dcd_int.o(i.DCD_WriteEmptyTxFifo)
    DCD_WriteEmptyTxFifo                     0x0800071b   Thumb Code   122  usb_dcd_int.o(i.DCD_WriteEmptyTxFifo)
    i.DebugMon_Handler                       0x08000794   Section        0  stm32fxxx_it.o(i.DebugMon_Handler)
    i.EXTI_ClearITPendingBit                 0x08000798   Section        0  stm32f4xx_exti.o(i.EXTI_ClearITPendingBit)
    i.FSMC_NORSRAMCmd                        0x080007a4   Section        0  stm32f4xx_fsmc.o(i.FSMC_NORSRAMCmd)
    i.FSMC_NORSRAMInit                       0x080007c4   Section        0  stm32f4xx_fsmc.o(i.FSMC_NORSRAMInit)
    i.GPIO_Init                              0x08000884   Section        0  stm32f4xx_gpio.o(i.GPIO_Init)
    i.GPIO_PinAFConfig                       0x08000926   Section        0  stm32f4xx_gpio.o(i.GPIO_PinAFConfig)
    i.Handle_USBAsynchXfer                   0x08000948   Section        0  usbd_cdc_core.o(i.Handle_USBAsynchXfer)
    Handle_USBAsynchXfer                     0x08000949   Thumb Code   100  usbd_cdc_core.o(i.Handle_USBAsynchXfer)
    i.HardFault_Handler                      0x080009b4   Section        0  stm32fxxx_it.o(i.HardFault_Handler)
    i.LCD_Clear                              0x080009b6   Section        0  stm324xg_eval_lcd.o(i.LCD_Clear)
    i.LCD_ClearLine                          0x080009dc   Section        0  stm324xg_eval_lcd.o(i.LCD_ClearLine)
    i.LCD_CtrlLinesConfig                    0x08000a0c   Section        0  stm324xg_eval_lcd.o(i.LCD_CtrlLinesConfig)
    i.LCD_DisplayChar                        0x08000b40   Section        0  stm324xg_eval_lcd.o(i.LCD_DisplayChar)
    i.LCD_DisplayStringLine                  0x08000b60   Section        0  stm324xg_eval_lcd.o(i.LCD_DisplayStringLine)
    i.LCD_DrawChar                           0x08000b98   Section        0  stm324xg_eval_lcd.o(i.LCD_DrawChar)
    i.LCD_FSMCConfig                         0x08000c14   Section        0  stm324xg_eval_lcd.o(i.LCD_FSMCConfig)
    i.LCD_GetFont                            0x08000c6c   Section        0  stm324xg_eval_lcd.o(i.LCD_GetFont)
    i.LCD_LOG_DeInit                         0x08000c78   Section        0  lcd_log.o(i.LCD_LOG_DeInit)
    i.LCD_LOG_Init                           0x08000ca0   Section        0  lcd_log.o(i.LCD_LOG_Init)
    i.LCD_LOG_SetFooter                      0x08000cb0   Section        0  lcd_log.o(i.LCD_LOG_SetFooter)
    i.LCD_LOG_SetHeader                      0x08000d14   Section        0  lcd_log.o(i.LCD_LOG_SetHeader)
    i.LCD_LOG_UpdateDisplay                  0x08000da4   Section        0  lcd_log.o(i.LCD_LOG_UpdateDisplay)
    LCD_LOG_UpdateDisplay                    0x08000da5   Thumb Code   150  lcd_log.o(i.LCD_LOG_UpdateDisplay)
    i.LCD_ReadReg                            0x08000e44   Section        0  stm324xg_eval_lcd.o(i.LCD_ReadReg)
    i.LCD_SetBackColor                       0x08000e50   Section        0  stm324xg_eval_lcd.o(i.LCD_SetBackColor)
    i.LCD_SetCursor                          0x08000e60   Section        0  stm324xg_eval_lcd.o(i.LCD_SetCursor)
    i.LCD_SetFont                            0x08000e78   Section        0  stm324xg_eval_lcd.o(i.LCD_SetFont)
    i.LCD_SetTextColor                       0x08000e84   Section        0  stm324xg_eval_lcd.o(i.LCD_SetTextColor)
    i.LCD_WriteReg                           0x08000e94   Section        0  stm324xg_eval_lcd.o(i.LCD_WriteReg)
    i.MemManage_Handler                      0x08000e9e   Section        0  stm32fxxx_it.o(i.MemManage_Handler)
    i.NMI_Handler                            0x08000ea0   Section        0  stm32fxxx_it.o(i.NMI_Handler)
    i.NVIC_Init                              0x08000ea4   Section        0  misc.o(i.NVIC_Init)
    i.NVIC_PriorityGroupConfig               0x08000f08   Section        0  misc.o(i.NVIC_PriorityGroupConfig)
    i.OTG_HS_EP1_IN_IRQHandler               0x08000f1c   Section        0  stm32fxxx_it.o(i.OTG_HS_EP1_IN_IRQHandler)
    i.OTG_HS_EP1_OUT_IRQHandler              0x08000f28   Section        0  stm32fxxx_it.o(i.OTG_HS_EP1_OUT_IRQHandler)
    i.OTG_HS_IRQHandler                      0x08000f34   Section        0  stm32fxxx_it.o(i.OTG_HS_IRQHandler)
    i.OTG_HS_WKUP_IRQHandler                 0x08000f40   Section        0  stm32fxxx_it.o(i.OTG_HS_WKUP_IRQHandler)
    i.PendSV_Handler                         0x08000f70   Section        0  stm32fxxx_it.o(i.PendSV_Handler)
    i.RCC_AHB1PeriphClockCmd                 0x08000f74   Section        0  stm32f4xx_rcc.o(i.RCC_AHB1PeriphClockCmd)
    i.RCC_AHB3PeriphClockCmd                 0x08000f8c   Section        0  stm32f4xx_rcc.o(i.RCC_AHB3PeriphClockCmd)
    i.RCC_APB1PeriphClockCmd                 0x08000fa4   Section        0  stm32f4xx_rcc.o(i.RCC_APB1PeriphClockCmd)
    i.RCC_GetClocksFreq                      0x08000fbc   Section        0  stm32f4xx_rcc.o(i.RCC_GetClocksFreq)
    i.STM324xG_LCD_Init                      0x08001050   Section        0  stm324xg_eval_lcd.o(i.STM324xG_LCD_Init)
    i.STM_EVAL_COMInit                       0x08001460   Section        0  stm324xg_eval.o(i.STM_EVAL_COMInit)
    i.STM_EVAL_LEDInit                       0x08001520   Section        0  stm324xg_eval.o(i.STM_EVAL_LEDInit)
    i.STM_EVAL_LEDToggle                     0x08001568   Section        0  stm324xg_eval.o(i.STM_EVAL_LEDToggle)
    i.SVC_Handler                            0x08001584   Section        0  stm32fxxx_it.o(i.SVC_Handler)
    i.SetSysClock                            0x08001588   Section        0  system_stm32f4xx.o(i.SetSysClock)
    SetSysClock                              0x08001589   Thumb Code   162  system_stm32f4xx.o(i.SetSysClock)
    i.SysTick_Handler                        0x0800163c   Section        0  stm32fxxx_it.o(i.SysTick_Handler)
    i.SystemInit                             0x08001654   Section        0  system_stm32f4xx.o(i.SystemInit)
    i.USART3_IRQHandler                      0x080016b0   Section        0  usbd_cdc_vcp.o(i.USART3_IRQHandler)
    i.USART_Cmd                              0x080016e4   Section        0  stm32f4xx_usart.o(i.USART_Cmd)
    i.USART_GetFlagStatus                    0x080016f8   Section        0  stm32f4xx_usart.o(i.USART_GetFlagStatus)
    i.USART_GetITStatus                      0x08001706   Section        0  stm32f4xx_usart.o(i.USART_GetITStatus)
    i.USART_ITConfig                         0x08001744   Section        0  stm32f4xx_usart.o(i.USART_ITConfig)
    i.USART_Init                             0x08001774   Section        0  stm32f4xx_usart.o(i.USART_Init)
    i.USART_ReceiveData                      0x0800182c   Section        0  stm32f4xx_usart.o(i.USART_ReceiveData)
    i.USART_SendData                         0x08001834   Section        0  stm32f4xx_usart.o(i.USART_SendData)
    i.USBD_ClrCfg                            0x0800183c   Section        0  usbd_core.o(i.USBD_ClrCfg)
    i.USBD_CtlContinueRx                     0x0800184a   Section        0  usbd_ioreq.o(i.USBD_CtlContinueRx)
    i.USBD_CtlContinueSendData               0x0800185c   Section        0  usbd_ioreq.o(i.USBD_CtlContinueSendData)
    i.USBD_CtlError                          0x0800186e   Section        0  usbd_req.o(i.USBD_CtlError)
    i.USBD_CtlPrepareRx                      0x0800188a   Section        0  usbd_ioreq.o(i.USBD_CtlPrepareRx)
    i.USBD_CtlReceiveStatus                  0x080018aa   Section        0  usbd_ioreq.o(i.USBD_CtlReceiveStatus)
    i.USBD_CtlSendData                       0x080018cc   Section        0  usbd_ioreq.o(i.USBD_CtlSendData)
    i.USBD_CtlSendStatus                     0x080018ec   Section        0  usbd_ioreq.o(i.USBD_CtlSendStatus)
    i.USBD_DataInStage                       0x08001910   Section        0  usbd_core.o(i.USBD_DataInStage)
    USBD_DataInStage                         0x08001911   Thumb Code   172  usbd_core.o(i.USBD_DataInStage)
    i.USBD_DataOutStage                      0x080019c0   Section        0  usbd_core.o(i.USBD_DataOutStage)
    USBD_DataOutStage                        0x080019c1   Thumb Code   120  usbd_core.o(i.USBD_DataOutStage)
    i.USBD_DevConnected                      0x08001a38   Section        0  usbd_core.o(i.USBD_DevConnected)
    USBD_DevConnected                        0x08001a39   Thumb Code    22  usbd_core.o(i.USBD_DevConnected)
    i.USBD_DevDisconnected                   0x08001a4e   Section        0  usbd_core.o(i.USBD_DevDisconnected)
    USBD_DevDisconnected                     0x08001a4f   Thumb Code    32  usbd_core.o(i.USBD_DevDisconnected)
    i.USBD_GetDescriptor                     0x08001a70   Section        0  usbd_req.o(i.USBD_GetDescriptor)
    USBD_GetDescriptor                       0x08001a71   Thumb Code   292  usbd_req.o(i.USBD_GetDescriptor)
    i.USBD_GetString                         0x08001b98   Section        0  usbd_req.o(i.USBD_GetString)
    i.USBD_Init                              0x08001bde   Section        0  usbd_core.o(i.USBD_Init)
    i.USBD_IsoINIncomplete                   0x08001c14   Section        0  usbd_core.o(i.USBD_IsoINIncomplete)
    USBD_IsoINIncomplete                     0x08001c15   Thumb Code    14  usbd_core.o(i.USBD_IsoINIncomplete)
    i.USBD_IsoOUTIncomplete                  0x08001c22   Section        0  usbd_core.o(i.USBD_IsoOUTIncomplete)
    USBD_IsoOUTIncomplete                    0x08001c23   Thumb Code    14  usbd_core.o(i.USBD_IsoOUTIncomplete)
    i.USBD_OTG_EP1IN_ISR_Handler             0x08001c30   Section        0  usb_dcd_int.o(i.USBD_OTG_EP1IN_ISR_Handler)
    i.USBD_OTG_EP1OUT_ISR_Handler            0x08001ca8   Section        0  usb_dcd_int.o(i.USBD_OTG_EP1OUT_ISR_Handler)
    i.USBD_OTG_ISR_Handler                   0x08001cf8   Section        0  usb_dcd_int.o(i.USBD_OTG_ISR_Handler)
    i.USBD_ParseSetupRequest                 0x08001e70   Section        0  usbd_req.o(i.USBD_ParseSetupRequest)
    i.USBD_Reset                             0x08001eb4   Section        0  usbd_core.o(i.USBD_Reset)
    USBD_Reset                               0x08001eb5   Thumb Code    46  usbd_core.o(i.USBD_Reset)
    i.USBD_Resume                            0x08001ee2   Section        0  usbd_core.o(i.USBD_Resume)
    USBD_Resume                              0x08001ee3   Thumb Code    22  usbd_core.o(i.USBD_Resume)
    i.USBD_SOF                               0x08001ef8   Section        0  usbd_core.o(i.USBD_SOF)
    USBD_SOF                                 0x08001ef9   Thumb Code    16  usbd_core.o(i.USBD_SOF)
    i.USBD_SetCfg                            0x08001f08   Section        0  usbd_core.o(i.USBD_SetCfg)
    i.USBD_SetConfig                         0x08001f24   Section        0  usbd_req.o(i.USBD_SetConfig)
    USBD_SetConfig                           0x08001f25   Thumb Code   112  usbd_req.o(i.USBD_SetConfig)
    i.USBD_SetFeature                        0x08001f98   Section        0  usbd_req.o(i.USBD_SetFeature)
    USBD_SetFeature                          0x08001f99   Thumb Code   118  usbd_req.o(i.USBD_SetFeature)
    i.USBD_SetupStage                        0x08002014   Section        0  usbd_core.o(i.USBD_SetupStage)
    USBD_SetupStage                          0x08002015   Thumb Code    72  usbd_core.o(i.USBD_SetupStage)
    i.USBD_StdDevReq                         0x0800205c   Section        0  usbd_req.o(i.USBD_StdDevReq)
    i.USBD_StdEPReq                          0x0800214c   Section        0  usbd_req.o(i.USBD_StdEPReq)
    i.USBD_StdItfReq                         0x08002220   Section        0  usbd_req.o(i.USBD_StdItfReq)
    i.USBD_Suspend                           0x08002256   Section        0  usbd_core.o(i.USBD_Suspend)
    USBD_Suspend                             0x08002257   Thumb Code    26  usbd_core.o(i.USBD_Suspend)
    i.USBD_USR_ConfigStrDescriptor           0x08002270   Section        0  usbd_desc.o(i.USBD_USR_ConfigStrDescriptor)
    i.USBD_USR_DeviceConfigured              0x08002290   Section        0  usbd_usr.o(i.USBD_USR_DeviceConfigured)
    i.USBD_USR_DeviceConnected               0x080022c4   Section        0  usbd_usr.o(i.USBD_USR_DeviceConnected)
    i.USBD_USR_DeviceDescriptor              0x080022f4   Section        0  usbd_desc.o(i.USBD_USR_DeviceDescriptor)
    i.USBD_USR_DeviceDisconnected            0x08002300   Section        0  usbd_usr.o(i.USBD_USR_DeviceDisconnected)
    i.USBD_USR_DeviceReset                   0x08002330   Section        0  usbd_usr.o(i.USBD_USR_DeviceReset)
    i.USBD_USR_DeviceResumed                 0x080023b0   Section        0  usbd_usr.o(i.USBD_USR_DeviceResumed)
    i.USBD_USR_DeviceSuspended               0x080023e0   Section        0  usbd_usr.o(i.USBD_USR_DeviceSuspended)
    i.USBD_USR_Init                          0x08002414   Section        0  usbd_usr.o(i.USBD_USR_Init)
    i.USBD_USR_InterfaceStrDescriptor        0x080024b0   Section        0  usbd_desc.o(i.USBD_USR_InterfaceStrDescriptor)
    i.USBD_USR_LangIDStrDescriptor           0x080024d4   Section        0  usbd_desc.o(i.USBD_USR_LangIDStrDescriptor)
    i.USBD_USR_ManufacturerStrDescriptor     0x080024e0   Section        0  usbd_desc.o(i.USBD_USR_ManufacturerStrDescriptor)
    i.USBD_USR_ProductStrDescriptor          0x08002508   Section        0  usbd_desc.o(i.USBD_USR_ProductStrDescriptor)
    i.USBD_USR_SerialStrDescriptor           0x0800256c   Section        0  usbd_desc.o(i.USBD_USR_SerialStrDescriptor)
    i.USBD_cdc_GetCfgDesc                    0x080025a8   Section        0  usbd_cdc_core.o(i.USBD_cdc_GetCfgDesc)
    USBD_cdc_GetCfgDesc                      0x080025a9   Thumb Code     8  usbd_cdc_core.o(i.USBD_cdc_GetCfgDesc)
    i.USBD_cdc_GetOtherCfgDesc               0x080025b4   Section        0  usbd_cdc_core.o(i.USBD_cdc_GetOtherCfgDesc)
    USBD_cdc_GetOtherCfgDesc                 0x080025b5   Thumb Code     8  usbd_cdc_core.o(i.USBD_cdc_GetOtherCfgDesc)
    i.USB_OTG_BSP_EnableInterrupt            0x080025c0   Section        0  usb_bsp.o(i.USB_OTG_BSP_EnableInterrupt)
    i.USB_OTG_BSP_Init                       0x08002628   Section        0  usb_bsp.o(i.USB_OTG_BSP_Init)
    i.USB_OTG_BSP_mDelay                     0x08002770   Section        0  usb_bsp.o(i.USB_OTG_BSP_mDelay)
    i.USB_OTG_BSP_uDelay                     0x0800277a   Section        0  usb_bsp.o(i.USB_OTG_BSP_uDelay)
    i.USB_OTG_CoreInit                       0x08002790   Section        0  usb_core.o(i.USB_OTG_CoreInit)
    i.USB_OTG_CoreInitDev                    0x08002810   Section        0  usb_core.o(i.USB_OTG_CoreInitDev)
    i.USB_OTG_CoreReset                      0x08002970   Section        0  usb_core.o(i.USB_OTG_CoreReset)
    USB_OTG_CoreReset                        0x08002971   Thumb Code    84  usb_core.o(i.USB_OTG_CoreReset)
    i.USB_OTG_DisableGlobalInt               0x080029c8   Section        0  usb_core.o(i.USB_OTG_DisableGlobalInt)
    i.USB_OTG_EP0Activate                    0x080029d8   Section        0  usb_core.o(i.USB_OTG_EP0Activate)
    i.USB_OTG_EP0StartXfer                   0x08002a14   Section        0  usb_core.o(i.USB_OTG_EP0StartXfer)
    i.USB_OTG_EP0_OutStart                   0x08002acc   Section        0  usb_core.o(i.USB_OTG_EP0_OutStart)
    i.USB_OTG_EPActivate                     0x08002af0   Section        0  usb_core.o(i.USB_OTG_EPActivate)
    i.USB_OTG_EPClearStall                   0x08002b58   Section        0  usb_core.o(i.USB_OTG_EPClearStall)
    i.USB_OTG_EPDeactivate                   0x08002b8a   Section        0  usb_core.o(i.USB_OTG_EPDeactivate)
    i.USB_OTG_EPSetStall                     0x08002bd8   Section        0  usb_core.o(i.USB_OTG_EPSetStall)
    i.USB_OTG_EPStartXfer                    0x08002c08   Section        0  usb_core.o(i.USB_OTG_EPStartXfer)
    i.USB_OTG_EnableDevInt                   0x08002d2c   Section        0  usb_core.o(i.USB_OTG_EnableDevInt)
    i.USB_OTG_EnableGlobalInt                0x08002d7c   Section        0  usb_core.o(i.USB_OTG_EnableGlobalInt)
    i.USB_OTG_FlushRxFifo                    0x08002d8c   Section        0  usb_core.o(i.USB_OTG_FlushRxFifo)
    i.USB_OTG_FlushTxFifo                    0x08002dc4   Section        0  usb_core.o(i.USB_OTG_FlushTxFifo)
    i.USB_OTG_GetDeviceSpeed                 0x08002e04   Section        0  usb_core.o(i.USB_OTG_GetDeviceSpeed)
    i.USB_OTG_InitDevSpeed                   0x08002e2a   Section        0  usb_core.o(i.USB_OTG_InitDevSpeed)
    i.USB_OTG_IsDeviceMode                   0x08002e36   Section        0  usb_core.o(i.USB_OTG_IsDeviceMode)
    i.USB_OTG_ReadCoreItr                    0x08002e48   Section        0  usb_core.o(i.USB_OTG_ReadCoreItr)
    i.USB_OTG_ReadDevAllInEPItr              0x08002e52   Section        0  usb_core.o(i.USB_OTG_ReadDevAllInEPItr)
    i.USB_OTG_ReadDevAllOutEp_itr            0x08002e5e   Section        0  usb_core.o(i.USB_OTG_ReadDevAllOutEp_itr)
    i.USB_OTG_ReadDevOutEP_itr               0x08002e6a   Section        0  usb_core.o(i.USB_OTG_ReadDevOutEP_itr)
    i.USB_OTG_ReadPacket                     0x08002e7a   Section        0  usb_core.o(i.USB_OTG_ReadPacket)
    i.USB_OTG_SelectCore                     0x08002e9c   Section        0  usb_core.o(i.USB_OTG_SelectCore)
    i.USB_OTG_SetCurrentMode                 0x08002f60   Section        0  usb_core.o(i.USB_OTG_SetCurrentMode)
    i.USB_OTG_UngateClock                    0x08002f8a   Section        0  usb_core.o(i.USB_OTG_UngateClock)
    i.USB_OTG_WritePacket                    0x08002fa8   Section        0  usb_core.o(i.USB_OTG_WritePacket)
    i.UsageFault_Handler                     0x08002fd0   Section        0  stm32fxxx_it.o(i.UsageFault_Handler)
    i.VCP_COMConfig                          0x08002fd4   Section        0  usbd_cdc_vcp.o(i.VCP_COMConfig)
    VCP_COMConfig                            0x08002fd5   Thumb Code   162  usbd_cdc_vcp.o(i.VCP_COMConfig)
    i.VCP_Ctrl                               0x08003084   Section        0  usbd_cdc_vcp.o(i.VCP_Ctrl)
    VCP_Ctrl                                 0x08003085   Thumb Code    86  usbd_cdc_vcp.o(i.VCP_Ctrl)
    i.VCP_DataRx                             0x080030e0   Section        0  usbd_cdc_vcp.o(i.VCP_DataRx)
    VCP_DataRx                               0x080030e1   Thumb Code    46  usbd_cdc_vcp.o(i.VCP_DataRx)
    i.VCP_DataTx                             0x08003114   Section        0  usbd_cdc_vcp.o(i.VCP_DataTx)
    VCP_DataTx                               0x08003115   Thumb Code    60  usbd_cdc_vcp.o(i.VCP_DataTx)
    i.VCP_DeInit                             0x08003160   Section        0  usbd_cdc_vcp.o(i.VCP_DeInit)
    VCP_DeInit                               0x08003161   Thumb Code     4  usbd_cdc_vcp.o(i.VCP_DeInit)
    i.VCP_Init                               0x08003164   Section        0  usbd_cdc_vcp.o(i.VCP_Init)
    VCP_Init                                 0x08003165   Thumb Code    78  usbd_cdc_vcp.o(i.VCP_Init)
    i.__0printf$bare                         0x080031bc   Section        0  printfb.o(i.__0printf$bare)
    i.__scatterload_copy                     0x080031cc   Section       14  handlers.o(i.__scatterload_copy)
    i.__scatterload_null                     0x080031da   Section        2  handlers.o(i.__scatterload_null)
    i.__scatterload_zeroinit                 0x080031dc   Section       14  handlers.o(i.__scatterload_zeroinit)
    i._printf_core                           0x080031ea   Section        0  printfb.o(i._printf_core)
    _printf_core                             0x080031eb   Thumb Code    34  printfb.o(i._printf_core)
    i.delay                                  0x0800320c   Section        0  stm324xg_eval_lcd.o(i.delay)
    delay                                    0x0800320d   Thumb Code    22  stm324xg_eval_lcd.o(i.delay)
    i.fputc                                  0x08003228   Section        0  lcd_log.o(i.fputc)
    i.main                                   0x08003324   Section        0  app.o(i.main)
    i.usbd_cdc_DataIn                        0x08003374   Section        0  usbd_cdc_core.o(i.usbd_cdc_DataIn)
    usbd_cdc_DataIn                          0x08003375   Thumb Code    70  usbd_cdc_core.o(i.usbd_cdc_DataIn)
    i.usbd_cdc_DataOut                       0x080033c4   Section        0  usbd_cdc_core.o(i.usbd_cdc_DataOut)
    usbd_cdc_DataOut                         0x080033c5   Thumb Code    44  usbd_cdc_core.o(i.usbd_cdc_DataOut)
    i.usbd_cdc_DeInit                        0x080033f8   Section        0  usbd_cdc_core.o(i.usbd_cdc_DeInit)
    usbd_cdc_DeInit                          0x080033f9   Thumb Code    36  usbd_cdc_core.o(i.usbd_cdc_DeInit)
    i.usbd_cdc_EP0_RxReady                   0x08003420   Section        0  usbd_cdc_core.o(i.usbd_cdc_EP0_RxReady)
    usbd_cdc_EP0_RxReady                     0x08003421   Thumb Code    30  usbd_cdc_core.o(i.usbd_cdc_EP0_RxReady)
    i.usbd_cdc_Init                          0x08003448   Section        0  usbd_cdc_core.o(i.usbd_cdc_Init)
    usbd_cdc_Init                            0x08003449   Thumb Code    72  usbd_cdc_core.o(i.usbd_cdc_Init)
    i.usbd_cdc_SOF                           0x0800349c   Section        0  usbd_cdc_core.o(i.usbd_cdc_SOF)
    usbd_cdc_SOF                             0x0800349d   Thumb Code    26  usbd_cdc_core.o(i.usbd_cdc_SOF)
    i.usbd_cdc_Setup                         0x080034bc   Section        0  usbd_cdc_core.o(i.usbd_cdc_Setup)
    usbd_cdc_Setup                           0x080034bd   Thumb Code   172  usbd_cdc_core.o(i.usbd_cdc_Setup)
    .constdata                               0x08003570   Section     4560  stm324xg_eval_lcd.o(.constdata)
    .constdata                               0x08004740   Section     2304  stm324xg_eval_lcd.o(.constdata)
    .constdata                               0x08005040   Section     2304  stm324xg_eval_lcd.o(.constdata)
    .constdata                               0x08005940   Section       92  stm324xg_eval.o(.constdata)
    .data                                    0x20000000   Section       28  usbd_usr.o(.data)
    .data                                    0x2000001c   Section        8  usbd_cdc_vcp.o(.data)
    .data                                    0x20000024   Section       20  usbd_cdc_vcp.o(.data)
    .data                                    0x20000038   Section       28  usbd_desc.o(.data)
    .data                                    0x20000054   Section       22  usbd_desc.o(.data)
    .data                                    0x2000006a   Section       10  usbd_desc.o(.data)
    .data                                    0x20000074   Section       16  usbd_req.o(.data)
    cfgidx                                   0x20000074   Data           1  usbd_req.o(.data)
    .data                                    0x20000084   Section       44  usbd_core.o(.data)
    .data                                    0x200000b0   Section        4  usbd_core.o(.data)
    .data                                    0x200000b4   Section        4  usbd_core.o(.data)
    .data                                    0x200000b8   Section      174  usbd_cdc_core.o(.data)
    usbd_cdc_AltSet                          0x200000bc   Data           4  usbd_cdc_core.o(.data)
    cdcCmd                                   0x200000cc   Data           4  usbd_cdc_core.o(.data)
    cdcLen                                   0x200000d0   Data           4  usbd_cdc_core.o(.data)
    FrameCount                               0x200000d4   Data           4  usbd_cdc_core.o(.data)
    .data                                    0x20000168   Section       48  usbd_cdc_core.o(.data)
    .data                                    0x20000198   Section       18  lcd_log.o(.data)
    .data                                    0x200001aa   Section       16  stm32f4xx_rcc.o(.data)
    APBAHBPrescTable                         0x200001aa   Data          16  stm32f4xx_rcc.o(.data)
    .data                                    0x200001bc   Section       16  stm324xg_eval_lcd.o(.data)
    LCD_Currentfonts                         0x200001c0   Data           4  stm324xg_eval_lcd.o(.data)
    .data                                    0x200001cc   Section        8  stm324xg_eval_lcd.o(.data)
    .data                                    0x200001d4   Section        8  stm324xg_eval_lcd.o(.data)
    .data                                    0x200001dc   Section       44  stm324xg_eval.o(.data)
    .data                                    0x20000208   Section        4  stdout.o(.data)
    .bss                                     0x2000020c   Section     1524  app.o(.bss)
    .bss                                     0x20000800   Section       16  usbd_cdc_vcp.o(.bss)
    .bss                                     0x20000810   Section      255  usbd_req.o(.bss)
    .bss                                     0x2000090f   Section     2560  usbd_cdc_core.o(.bss)
    .bss                                     0x20001310   Section      468  lcd_log.o(.bss)
    STACK                                    0x200014e8   Section     1024  startup_stm32f4xx.o(STACK)

    Global Symbols

    Symbol Name                              Value     Ov Type        Size  Object(Section)

    BuildAttributes$$THM_ISAv4$E$P$D$K$B$S$7EM$VFPi3$EXTD16$VFPS$VFMA$PE$A:L22UL41UL21$X:L11$S22US41US21$IEEE1$IW$USESV6$~STKCKD$USESV7$~SHL$OSPACE$ROPI$EBA8$MICROLIB$REQ8$PRES8$EABIv2 0x00000000   Number         0  anon$$obj.o ABSOLUTE
    __ARM_use_no_argv                        0x00000000   Number         0  app.o ABSOLUTE
    __cpp_initialize__aeabi_                  - Undefined Weak Reference
    __cxa_finalize                            - Undefined Weak Reference
    _clock_init                               - Undefined Weak Reference
    _microlib_exit                            - Undefined Weak Reference
    __Vectors_Size                           0x00000188   Number         0  startup_stm32f4xx.o ABSOLUTE
    __Vectors                                0x08000000   Data           4  startup_stm32f4xx.o(RESET)
    __Vectors_End                            0x08000188   Data           0  startup_stm32f4xx.o(RESET)
    __main                                   0x08000189   Thumb Code     0  entry.o(.ARM.Collect$$$$00000000)
    _main_stk                                0x08000189   Thumb Code     0  entry2.o(.ARM.Collect$$$$00000001)
    _main_scatterload                        0x0800018d   Thumb Code     0  entry5.o(.ARM.Collect$$$$00000004)
    __main_after_scatterload                 0x08000191   Thumb Code     0  entry5.o(.ARM.Collect$$$$00000004)
    _main_clock                              0x08000191   Thumb Code     0  entry7b.o(.ARM.Collect$$$$00000008)
    _main_cpp_init                           0x08000191   Thumb Code     0  entry8b.o(.ARM.Collect$$$$0000000A)
    _main_init                               0x08000191   Thumb Code     0  entry9a.o(.ARM.Collect$$$$0000000B)
    __rt_final_cpp                           0x08000199   Thumb Code     0  entry10a.o(.ARM.Collect$$$$0000000D)
    __rt_final_exit                          0x08000199   Thumb Code     0  entry11a.o(.ARM.Collect$$$$0000000F)
    Reset_Handler                            0x0800019d   Thumb Code     8  startup_stm32f4xx.o(.text)
    ADC_IRQHandler                           0x080001b7   Thumb Code     0  startup_stm32f4xx.o(.text)
    CAN1_RX0_IRQHandler                      0x080001b7   Thumb Code     0  startup_stm32f4xx.o(.text)
    CAN1_RX1_IRQHandler                      0x080001b7   Thumb Code     0  startup_stm32f4xx.o(.text)
    CAN1_SCE_IRQHandler                      0x080001b7   Thumb Code     0  startup_stm32f4xx.o(.text)
    CAN1_TX_IRQHandler                       0x080001b7   Thumb Code     0  startup_stm32f4xx.o(.text)
    CAN2_RX0_IRQHandler                      0x080001b7   Thumb Code     0  startup_stm32f4xx.o(.text)
    CAN2_RX1_IRQHandler                      0x080001b7   Thumb Code     0  startup_stm32f4xx.o(.text)
    CAN2_SCE_IRQHandler                      0x080001b7   Thumb Code     0  startup_stm32f4xx.o(.text)
    CAN2_TX_IRQHandler                       0x080001b7   Thumb Code     0  startup_stm32f4xx.o(.text)
    CRYP_IRQHandler                          0x080001b7   Thumb Code     0  startup_stm32f4xx.o(.text)
    DCMI_IRQHandler                          0x080001b7   Thumb Code     0  startup_stm32f4xx.o(.text)
    DMA1_Stream0_IRQHandler                  0x080001b7   Thumb Code     0  startup_stm32f4xx.o(.text)
    DMA1_Stream1_IRQHandler                  0x080001b7   Thumb Code     0  startup_stm32f4xx.o(.text)
    DMA1_Stream2_IRQHandler                  0x080001b7   Thumb Code     0  startup_stm32f4xx.o(.text)
    DMA1_Stream3_IRQHandler                  0x080001b7   Thumb Code     0  startup_stm32f4xx.o(.text)
    DMA1_Stream4_IRQHandler                  0x080001b7   Thumb Code     0  startup_stm32f4xx.o(.text)
    DMA1_Stream5_IRQHandler                  0x080001b7   Thumb Code     0  startup_stm32f4xx.o(.text)
    DMA1_Stream6_IRQHandler                  0x080001b7   Thumb Code     0  startup_stm32f4xx.o(.text)
    DMA1_Stream7_IRQHandler                  0x080001b7   Thumb Code     0  startup_stm32f4xx.o(.text)
    DMA2_Stream0_IRQHandler                  0x080001b7   Thumb Code     0  startup_stm32f4xx.o(.text)
    DMA2_Stream1_IRQHandler                  0x080001b7   Thumb Code     0  startup_stm32f4xx.o(.text)
    DMA2_Stream2_IRQHandler                  0x080001b7   Thumb Code     0  startup_stm32f4xx.o(.text)
    DMA2_Stream3_IRQHandler                  0x080001b7   Thumb Code     0  startup_stm32f4xx.o(.text)
    DMA2_Stream4_IRQHandler                  0x080001b7   Thumb Code     0  startup_stm32f4xx.o(.text)
    DMA2_Stream5_IRQHandler                  0x080001b7   Thumb Code     0  startup_stm32f4xx.o(.text)
    DMA2_Stream6_IRQHandler                  0x080001b7   Thumb Code     0  startup_stm32f4xx.o(.text)
    DMA2_Stream7_IRQHandler                  0x080001b7   Thumb Code     0  startup_stm32f4xx.o(.text)
    ETH_IRQHandler                           0x080001b7   Thumb Code     0  startup_stm32f4xx.o(.text)
    ETH_WKUP_IRQHandler                      0x080001b7   Thumb Code     0  startup_stm32f4xx.o(.text)
    EXTI0_IRQHandler                         0x080001b7   Thumb Code     0  startup_stm32f4xx.o(.text)
    EXTI15_10_IRQHandler                     0x080001b7   Thumb Code     0  startup_stm32f4xx.o(.text)
    EXTI1_IRQHandler                         0x080001b7   Thumb Code     0  startup_stm32f4xx.o(.text)
    EXTI2_IRQHandler                         0x080001b7   Thumb Code     0  startup_stm32f4xx.o(.text)
    EXTI3_IRQHandler                         0x080001b7   Thumb Code     0  startup_stm32f4xx.o(.text)
    EXTI4_IRQHandler                         0x080001b7   Thumb Code     0  startup_stm32f4xx.o(.text)
    EXTI9_5_IRQHandler                       0x080001b7   Thumb Code     0  startup_stm32f4xx.o(.text)
    FLASH_IRQHandler                         0x080001b7   Thumb Code     0  startup_stm32f4xx.o(.text)
    FPU_IRQHandler                           0x080001b7   Thumb Code     0  startup_stm32f4xx.o(.text)
    FSMC_IRQHandler                          0x080001b7   Thumb Code     0  startup_stm32f4xx.o(.text)
    HASH_RNG_IRQHandler                      0x080001b7   Thumb Code     0  startup_stm32f4xx.o(.text)
    I2C1_ER_IRQHandler                       0x080001b7   Thumb Code     0  startup_stm32f4xx.o(.text)
    I2C1_EV_IRQHandler                       0x080001b7   Thumb Code     0  startup_stm32f4xx.o(.text)
    I2C2_ER_IRQHandler                       0x080001b7   Thumb Code     0  startup_stm32f4xx.o(.text)
    I2C2_EV_IRQHandler                       0x080001b7   Thumb Code     0  startup_stm32f4xx.o(.text)
    I2C3_ER_IRQHandler                       0x080001b7   Thumb Code     0  startup_stm32f4xx.o(.text)
    I2C3_EV_IRQHandler                       0x080001b7   Thumb Code     0  startup_stm32f4xx.o(.text)
    OTG_FS_IRQHandler                        0x080001b7   Thumb Code     0  startup_stm32f4xx.o(.text)
    OTG_FS_WKUP_IRQHandler                   0x080001b7   Thumb Code     0  startup_stm32f4xx.o(.text)
    PVD_IRQHandler                           0x080001b7   Thumb Code     0  startup_stm32f4xx.o(.text)
    RCC_IRQHandler                           0x080001b7   Thumb Code     0  startup_stm32f4xx.o(.text)
    RTC_Alarm_IRQHandler                     0x080001b7   Thumb Code     0  startup_stm32f4xx.o(.text)
    RTC_WKUP_IRQHandler                      0x080001b7   Thumb Code     0  startup_stm32f4xx.o(.text)
    SDIO_IRQHandler                          0x080001b7   Thumb Code     0  startup_stm32f4xx.o(.text)
    SPI1_IRQHandler                          0x080001b7   Thumb Code     0  startup_stm32f4xx.o(.text)
    SPI2_IRQHandler                          0x080001b7   Thumb Code     0  startup_stm32f4xx.o(.text)
    SPI3_IRQHandler                          0x080001b7   Thumb Code     0  startup_stm32f4xx.o(.text)
    TAMP_STAMP_IRQHandler                    0x080001b7   Thumb Code     0  startup_stm32f4xx.o(.text)
    TIM1_BRK_TIM9_IRQHandler                 0x080001b7   Thumb Code     0  startup_stm32f4xx.o(.text)
    TIM1_CC_IRQHandler                       0x080001b7   Thumb Code     0  startup_stm32f4xx.o(.text)
    TIM1_TRG_COM_TIM11_IRQHandler            0x080001b7   Thumb Code     0  startup_stm32f4xx.o(.text)
    TIM1_UP_TIM10_IRQHandler                 0x080001b7   Thumb Code     0  startup_stm32f4xx.o(.text)
    TIM2_IRQHandler                          0x080001b7   Thumb Code     0  startup_stm32f4xx.o(.text)
    TIM3_IRQHandler                          0x080001b7   Thumb Code     0  startup_stm32f4xx.o(.text)
    TIM4_IRQHandler                          0x080001b7   Thumb Code     0  startup_stm32f4xx.o(.text)
    TIM5_IRQHandler                          0x080001b7   Thumb Code     0  startup_stm32f4xx.o(.text)
    TIM6_DAC_IRQHandler                      0x080001b7   Thumb Code     0  startup_stm32f4xx.o(.text)
    TIM7_IRQHandler                          0x080001b7   Thumb Code     0  startup_stm32f4xx.o(.text)
    TIM8_BRK_TIM12_IRQHandler                0x080001b7   Thumb Code     0  startup_stm32f4xx.o(.text)
    TIM8_CC_IRQHandler                       0x080001b7   Thumb Code     0  startup_stm32f4xx.o(.text)
    TIM8_TRG_COM_TIM14_IRQHandler            0x080001b7   Thumb Code     0  startup_stm32f4xx.o(.text)
    TIM8_UP_TIM13_IRQHandler                 0x080001b7   Thumb Code     0  startup_stm32f4xx.o(.text)
    UART4_IRQHandler                         0x080001b7   Thumb Code     0  startup_stm32f4xx.o(.text)
    UART5_IRQHandler                         0x080001b7   Thumb Code     0  startup_stm32f4xx.o(.text)
    USART1_IRQHandler                        0x080001b7   Thumb Code     0  startup_stm32f4xx.o(.text)
    USART2_IRQHandler                        0x080001b7   Thumb Code     0  startup_stm32f4xx.o(.text)
    USART6_IRQHandler                        0x080001b7   Thumb Code     0  startup_stm32f4xx.o(.text)
    WWDG_IRQHandler                          0x080001b7   Thumb Code     0  startup_stm32f4xx.o(.text)
    __scatterload                            0x080001c1   Thumb Code    28  init.o(.text)
    __scatterload_rt2                        0x080001c1   Thumb Code     0  init.o(.text)
    __decompress                             0x080001e5   Thumb Code     0  __dczerorl2.o(.text)
    __decompress1                            0x080001e5   Thumb Code    92  __dczerorl2.o(.text)
    BusFault_Handler                         0x08000241   Thumb Code     2  stm32fxxx_it.o(i.BusFault_Handler)
    DCD_EP_Close                             0x08000243   Thumb Code    44  usb_dcd.o(i.DCD_EP_Close)
    DCD_EP_ClrStall                          0x0800026f   Thumb Code    56  usb_dcd.o(i.DCD_EP_ClrStall)
    DCD_EP_Open                              0x080002a7   Thumb Code    60  usb_dcd.o(i.DCD_EP_Open)
    DCD_EP_PrepareRx                         0x080002e3   Thumb Code    58  usb_dcd.o(i.DCD_EP_PrepareRx)
    DCD_EP_SetAddress                        0x0800031d   Thumb Code    16  usb_dcd.o(i.DCD_EP_SetAddress)
    DCD_EP_Stall                             0x0800032d   Thumb Code    56  usb_dcd.o(i.DCD_EP_Stall)
    DCD_EP_Tx                                0x08000365   Thumb Code    54  usb_dcd.o(i.DCD_EP_Tx)
    DCD_Init                                 0x08000691   Thumb Code   138  usb_dcd.o(i.DCD_Init)
    DebugMon_Handler                         0x08000795   Thumb Code     2  stm32fxxx_it.o(i.DebugMon_Handler)
    EXTI_ClearITPendingBit                   0x08000799   Thumb Code     6  stm32f4xx_exti.o(i.EXTI_ClearITPendingBit)
    FSMC_NORSRAMCmd                          0x080007a5   Thumb Code    28  stm32f4xx_fsmc.o(i.FSMC_NORSRAMCmd)
    FSMC_NORSRAMInit                         0x080007c5   Thumb Code   192  stm32f4xx_fsmc.o(i.FSMC_NORSRAMInit)
    GPIO_Init                                0x08000885   Thumb Code   162  stm32f4xx_gpio.o(i.GPIO_Init)
    GPIO_PinAFConfig                         0x08000927   Thumb Code    32  stm32f4xx_gpio.o(i.GPIO_PinAFConfig)
    HardFault_Handler                        0x080009b5   Thumb Code     2  stm32fxxx_it.o(i.HardFault_Handler)
    LCD_Clear                                0x080009b7   Thumb Code    38  stm324xg_eval_lcd.o(i.LCD_Clear)
    LCD_ClearLine                            0x080009dd   Thumb Code    44  stm324xg_eval_lcd.o(i.LCD_ClearLine)
    LCD_CtrlLinesConfig                      0x08000a0d   Thumb Code   292  stm324xg_eval_lcd.o(i.LCD_CtrlLinesConfig)
    LCD_DisplayChar                          0x08000b41   Thumb Code    26  stm324xg_eval_lcd.o(i.LCD_DisplayChar)
    LCD_DisplayStringLine                    0x08000b61   Thumb Code    52  stm324xg_eval_lcd.o(i.LCD_DisplayStringLine)
    LCD_DrawChar                             0x08000b99   Thumb Code   120  stm324xg_eval_lcd.o(i.LCD_DrawChar)
    LCD_FSMCConfig                           0x08000c15   Thumb Code    88  stm324xg_eval_lcd.o(i.LCD_FSMCConfig)
    LCD_GetFont                              0x08000c6d   Thumb Code     6  stm324xg_eval_lcd.o(i.LCD_GetFont)
    LCD_LOG_DeInit                           0x08000c79   Thumb Code    34  lcd_log.o(i.LCD_LOG_DeInit)
    LCD_LOG_Init                             0x08000ca1   Thumb Code    16  lcd_log.o(i.LCD_LOG_Init)
    LCD_LOG_SetFooter                        0x08000cb1   Thumb Code   100  lcd_log.o(i.LCD_LOG_SetFooter)
    LCD_LOG_SetHeader                        0x08000d15   Thumb Code   136  lcd_log.o(i.LCD_LOG_SetHeader)
    LCD_ReadReg                              0x08000e45   Thumb Code    10  stm324xg_eval_lcd.o(i.LCD_ReadReg)
    LCD_SetBackColor                         0x08000e51   Thumb Code    12  stm324xg_eval_lcd.o(i.LCD_SetBackColor)
    LCD_SetCursor                            0x08000e61   Thumb Code    24  stm324xg_eval_lcd.o(i.LCD_SetCursor)
    LCD_SetFont                              0x08000e79   Thumb Code     6  stm324xg_eval_lcd.o(i.LCD_SetFont)
    LCD_SetTextColor                         0x08000e85   Thumb Code    12  stm324xg_eval_lcd.o(i.LCD_SetTextColor)
    LCD_WriteReg                             0x08000e95   Thumb Code    10  stm324xg_eval_lcd.o(i.LCD_WriteReg)
    MemManage_Handler                        0x08000e9f   Thumb Code     2  stm32fxxx_it.o(i.MemManage_Handler)
    NMI_Handler                              0x08000ea1   Thumb Code     2  stm32fxxx_it.o(i.NMI_Handler)
    NVIC_Init                                0x08000ea5   Thumb Code    92  misc.o(i.NVIC_Init)
    NVIC_PriorityGroupConfig                 0x08000f09   Thumb Code    10  misc.o(i.NVIC_PriorityGroupConfig)
    OTG_HS_EP1_IN_IRQHandler                 0x08000f1d   Thumb Code     6  stm32fxxx_it.o(i.OTG_HS_EP1_IN_IRQHandler)
    OTG_HS_EP1_OUT_IRQHandler                0x08000f29   Thumb Code     6  stm32fxxx_it.o(i.OTG_HS_EP1_OUT_IRQHandler)
    OTG_HS_IRQHandler                        0x08000f35   Thumb Code     6  stm32fxxx_it.o(i.OTG_HS_IRQHandler)
    OTG_HS_WKUP_IRQHandler                   0x08000f41   Thumb Code    40  stm32fxxx_it.o(i.OTG_HS_WKUP_IRQHandler)
    PendSV_Handler                           0x08000f71   Thumb Code     2  stm32fxxx_it.o(i.PendSV_Handler)
    RCC_AHB1PeriphClockCmd                   0x08000f75   Thumb Code    18  stm32f4xx_rcc.o(i.RCC_AHB1PeriphClockCmd)
    RCC_AHB3PeriphClockCmd                   0x08000f8d   Thumb Code    18  stm32f4xx_rcc.o(i.RCC_AHB3PeriphClockCmd)
    RCC_APB1PeriphClockCmd                   0x08000fa5   Thumb Code    18  stm32f4xx_rcc.o(i.RCC_APB1PeriphClockCmd)
    RCC_GetClocksFreq                        0x08000fbd   Thumb Code   132  stm32f4xx_rcc.o(i.RCC_GetClocksFreq)
    STM324xG_LCD_Init                        0x08001051   Thumb Code  1034  stm324xg_eval_lcd.o(i.STM324xG_LCD_Init)
    STM_EVAL_COMInit                         0x08001461   Thumb Code   184  stm324xg_eval.o(i.STM_EVAL_COMInit)
    STM_EVAL_LEDInit                         0x08001521   Thumb Code    62  stm324xg_eval.o(i.STM_EVAL_LEDInit)
    STM_EVAL_LEDToggle                       0x08001569   Thumb Code    20  stm324xg_eval.o(i.STM_EVAL_LEDToggle)
    SVC_Handler                              0x08001585   Thumb Code     2  stm32fxxx_it.o(i.SVC_Handler)
    SysTick_Handler                          0x0800163d   Thumb Code    22  stm32fxxx_it.o(i.SysTick_Handler)
    SystemInit                               0x08001655   Thumb Code    74  system_stm32f4xx.o(i.SystemInit)
    USART3_IRQHandler                        0x080016b1   Thumb Code    48  usbd_cdc_vcp.o(i.USART3_IRQHandler)
    USART_Cmd                                0x080016e5   Thumb Code    20  stm32f4xx_usart.o(i.USART_Cmd)
    USART_GetFlagStatus                      0x080016f9   Thumb Code    14  stm32f4xx_usart.o(i.USART_GetFlagStatus)
    USART_GetITStatus                        0x08001707   Thumb Code    62  stm32f4xx_usart.o(i.USART_GetITStatus)
    USART_ITConfig                           0x08001745   Thumb Code    48  stm32f4xx_usart.o(i.USART_ITConfig)
    USART_Init                               0x08001775   Thumb Code   174  stm32f4xx_usart.o(i.USART_Init)
    USART_ReceiveData                        0x0800182d   Thumb Code     8  stm32f4xx_usart.o(i.USART_ReceiveData)
    USART_SendData                           0x08001835   Thumb Code     8  stm32f4xx_usart.o(i.USART_SendData)
    USBD_ClrCfg                              0x0800183d   Thumb Code    14  usbd_core.o(i.USBD_ClrCfg)
    USBD_CtlContinueRx                       0x0800184b   Thumb Code    18  usbd_ioreq.o(i.USBD_CtlContinueRx)
    USBD_CtlContinueSendData                 0x0800185d   Thumb Code    18  usbd_ioreq.o(i.USBD_CtlContinueSendData)
    USBD_CtlError                            0x0800186f   Thumb Code    28  usbd_req.o(i.USBD_CtlError)
    USBD_CtlPrepareRx                        0x0800188b   Thumb Code    32  usbd_ioreq.o(i.USBD_CtlPrepareRx)
    USBD_CtlReceiveStatus                    0x080018ab   Thumb Code    34  usbd_ioreq.o(i.USBD_CtlReceiveStatus)
    USBD_CtlSendData                         0x080018cd   Thumb Code    32  usbd_ioreq.o(i.USBD_CtlSendData)
    USBD_CtlSendStatus                       0x080018ed   Thumb Code    34  usbd_ioreq.o(i.USBD_CtlSendStatus)
    USBD_GetString                           0x08001b99   Thumb Code    70  usbd_req.o(i.USBD_GetString)
    USBD_Init                                0x08001bdf   Thumb Code    54  usbd_core.o(i.USBD_Init)
    USBD_OTG_EP1IN_ISR_Handler               0x08001c31   Thumb Code   116  usb_dcd_int.o(i.USBD_OTG_EP1IN_ISR_Handler)
    USBD_OTG_EP1OUT_ISR_Handler              0x08001ca9   Thumb Code    74  usb_dcd_int.o(i.USBD_OTG_EP1OUT_ISR_Handler)
    USBD_OTG_ISR_Handler                     0x08001cf9   Thumb Code   370  usb_dcd_int.o(i.USBD_OTG_ISR_Handler)
    USBD_ParseSetupRequest                   0x08001e71   Thumb Code    68  usbd_req.o(i.USBD_ParseSetupRequest)
    USBD_SetCfg                              0x08001f09   Thumb Code    26  usbd_core.o(i.USBD_SetCfg)
    USBD_StdDevReq                           0x0800205d   Thumb Code   236  usbd_req.o(i.USBD_StdDevReq)
    USBD_StdEPReq                            0x0800214d   Thumb Code   208  usbd_req.o(i.USBD_StdEPReq)
    USBD_StdItfReq                           0x08002221   Thumb Code    54  usbd_req.o(i.USBD_StdItfReq)
    USBD_USR_ConfigStrDescriptor             0x08002271   Thumb Code    16  usbd_desc.o(i.USBD_USR_ConfigStrDescriptor)
    USBD_USR_DeviceConfigured                0x08002291   Thumb Code    14  usbd_usr.o(i.USBD_USR_DeviceConfigured)
    USBD_USR_DeviceConnected                 0x080022c5   Thumb Code    14  usbd_usr.o(i.USBD_USR_DeviceConnected)
    USBD_USR_DeviceDescriptor                0x080022f5   Thumb Code     8  usbd_desc.o(i.USBD_USR_DeviceDescriptor)
    USBD_USR_DeviceDisconnected              0x08002301   Thumb Code    14  usbd_usr.o(i.USBD_USR_DeviceDisconnected)
    USBD_USR_DeviceReset                     0x08002331   Thumb Code    20  usbd_usr.o(i.USBD_USR_DeviceReset)
    USBD_USR_DeviceResumed                   0x080023b1   Thumb Code    14  usbd_usr.o(i.USBD_USR_DeviceResumed)
    USBD_USR_DeviceSuspended                 0x080023e1   Thumb Code    14  usbd_usr.o(i.USBD_USR_DeviceSuspended)
    USBD_USR_Init                            0x08002415   Thumb Code    64  usbd_usr.o(i.USBD_USR_Init)
    USBD_USR_InterfaceStrDescriptor          0x080024b1   Thumb Code    16  usbd_desc.o(i.USBD_USR_InterfaceStrDescriptor)
    USBD_USR_LangIDStrDescriptor             0x080024d5   Thumb Code     8  usbd_desc.o(i.USBD_USR_LangIDStrDescriptor)
    USBD_USR_ManufacturerStrDescriptor       0x080024e1   Thumb Code    16  usbd_desc.o(i.USBD_USR_ManufacturerStrDescriptor)
    USBD_USR_ProductStrDescriptor            0x08002509   Thumb Code    24  usbd_desc.o(i.USBD_USR_ProductStrDescriptor)
    USBD_USR_SerialStrDescriptor             0x0800256d   Thumb Code    24  usbd_desc.o(i.USBD_USR_SerialStrDescriptor)
    USB_OTG_BSP_EnableInterrupt              0x080025c1   Thumb Code   104  usb_bsp.o(i.USB_OTG_BSP_EnableInterrupt)
    USB_OTG_BSP_Init                         0x08002629   Thumb Code   308  usb_bsp.o(i.USB_OTG_BSP_Init)
    USB_OTG_BSP_mDelay                       0x08002771   Thumb Code    10  usb_bsp.o(i.USB_OTG_BSP_mDelay)
    USB_OTG_BSP_uDelay                       0x0800277b   Thumb Code    22  usb_bsp.o(i.USB_OTG_BSP_uDelay)
    USB_OTG_CoreInit                         0x08002791   Thumb Code   128  usb_core.o(i.USB_OTG_CoreInit)
    USB_OTG_CoreInitDev                      0x08002811   Thumb Code   352  usb_core.o(i.USB_OTG_CoreInitDev)
    USB_OTG_DisableGlobalInt                 0x080029c9   Thumb Code    16  usb_core.o(i.USB_OTG_DisableGlobalInt)
    USB_OTG_EP0Activate                      0x080029d9   Thumb Code    58  usb_core.o(i.USB_OTG_EP0Activate)
    USB_OTG_EP0StartXfer                     0x08002a15   Thumb Code   182  usb_core.o(i.USB_OTG_EP0StartXfer)
    USB_OTG_EP0_OutStart                     0x08002acd   Thumb Code    32  usb_core.o(i.USB_OTG_EP0_OutStart)
    USB_OTG_EPActivate                       0x08002af1   Thumb Code   104  usb_core.o(i.USB_OTG_EPActivate)
    USB_OTG_EPClearStall                     0x08002b59   Thumb Code    50  usb_core.o(i.USB_OTG_EPClearStall)
    USB_OTG_EPDeactivate                     0x08002b8b   Thumb Code    78  usb_core.o(i.USB_OTG_EPDeactivate)
    USB_OTG_EPSetStall                       0x08002bd9   Thumb Code    48  usb_core.o(i.USB_OTG_EPSetStall)
    USB_OTG_EPStartXfer                      0x08002c09   Thumb Code   290  usb_core.o(i.USB_OTG_EPStartXfer)
    USB_OTG_EnableDevInt                     0x08002d2d   Thumb Code    74  usb_core.o(i.USB_OTG_EnableDevInt)
    USB_OTG_EnableGlobalInt                  0x08002d7d   Thumb Code    16  usb_core.o(i.USB_OTG_EnableGlobalInt)
    USB_OTG_FlushRxFifo                      0x08002d8d   Thumb Code    52  usb_core.o(i.USB_OTG_FlushRxFifo)
    USB_OTG_FlushTxFifo                      0x08002dc5   Thumb Code    60  usb_core.o(i.USB_OTG_FlushTxFifo)
    USB_OTG_GetDeviceSpeed                   0x08002e05   Thumb Code    38  usb_core.o(i.USB_OTG_GetDeviceSpeed)
    USB_OTG_InitDevSpeed                     0x08002e2b   Thumb Code    12  usb_core.o(i.USB_OTG_InitDevSpeed)
    USB_OTG_IsDeviceMode                     0x08002e37   Thumb Code    18  usb_core.o(i.USB_OTG_IsDeviceMode)
    USB_OTG_ReadCoreItr                      0x08002e49   Thumb Code    10  usb_core.o(i.USB_OTG_ReadCoreItr)
    USB_OTG_ReadDevAllInEPItr                0x08002e53   Thumb Code    12  usb_core.o(i.USB_OTG_ReadDevAllInEPItr)
    USB_OTG_ReadDevAllOutEp_itr              0x08002e5f   Thumb Code    12  usb_core.o(i.USB_OTG_ReadDevAllOutEp_itr)
    USB_OTG_ReadDevOutEP_itr                 0x08002e6b   Thumb Code    16  usb_core.o(i.USB_OTG_ReadDevOutEP_itr)
    USB_OTG_ReadPacket                       0x08002e7b   Thumb Code    32  usb_core.o(i.USB_OTG_ReadPacket)
    USB_OTG_SelectCore                       0x08002e9d   Thumb Code   192  usb_core.o(i.USB_OTG_SelectCore)
    USB_OTG_SetCurrentMode                   0x08002f61   Thumb Code    42  usb_core.o(i.USB_OTG_SetCurrentMode)
    USB_OTG_UngateClock                      0x08002f8b   Thumb Code    30  usb_core.o(i.USB_OTG_UngateClock)
    USB_OTG_WritePacket                      0x08002fa9   Thumb Code    40  usb_core.o(i.USB_OTG_WritePacket)
    UsageFault_Handler                       0x08002fd1   Thumb Code     2  stm32fxxx_it.o(i.UsageFault_Handler)
    __0printf$bare                           0x080031bd   Thumb Code     8  printfb.o(i.__0printf$bare)
    __1printf$bare                           0x080031bd   Thumb Code     0  printfb.o(i.__0printf$bare)
    __2printf                                0x080031bd   Thumb Code     0  printfb.o(i.__0printf$bare)
    __scatterload_copy                       0x080031cd   Thumb Code    14  handlers.o(i.__scatterload_copy)
    __scatterload_null                       0x080031db   Thumb Code     2  handlers.o(i.__scatterload_null)
    __scatterload_zeroinit                   0x080031dd   Thumb Code    14  handlers.o(i.__scatterload_zeroinit)
    fputc                                    0x08003229   Thumb Code   244  lcd_log.o(i.fputc)
    main                                     0x08003325   Thumb Code    64  app.o(i.main)
    ASCII16x24_Table                         0x08003570   Data        4560  stm324xg_eval_lcd.o(.constdata)
    ASCII12x12_Table                         0x08004740   Data        2304  stm324xg_eval_lcd.o(.constdata)
    ASCII8x12_Table                          0x08005040   Data        2304  stm324xg_eval_lcd.o(.constdata)
    COM_TX_PIN                               0x08005940   Data           2  stm324xg_eval.o(.constdata)
    COM_RX_PIN                               0x08005942   Data           2  stm324xg_eval.o(.constdata)
    COM_TX_PIN_SOURCE                        0x08005944   Data           2  stm324xg_eval.o(.constdata)
    COM_RX_PIN_SOURCE                        0x08005946   Data           2  stm324xg_eval.o(.constdata)
    COM_TX_AF                                0x08005948   Data           2  stm324xg_eval.o(.constdata)
    COM_RX_AF                                0x0800594a   Data           2  stm324xg_eval.o(.constdata)
    COM_USART_CLK                            0x0800594c   Data           4  stm324xg_eval.o(.constdata)
    COM_TX_PORT_CLK                          0x08005950   Data           4  stm324xg_eval.o(.constdata)
    COM_RX_PORT_CLK                          0x08005954   Data           4  stm324xg_eval.o(.constdata)
    BUTTON_PIN                               0x08005958   Data           6  stm324xg_eval.o(.constdata)
    BUTTON_EXTI_LINE                         0x0800595e   Data           6  stm324xg_eval.o(.constdata)
    BUTTON_PORT_SOURCE                       0x08005964   Data           6  stm324xg_eval.o(.constdata)
    BUTTON_PIN_SOURCE                        0x0800596a   Data           6  stm324xg_eval.o(.constdata)
    BUTTON_IRQn                              0x08005970   Data           6  stm324xg_eval.o(.constdata)
    GPIO_PIN                                 0x08005976   Data           8  stm324xg_eval.o(.constdata)
    GPIO_CLK                                 0x08005980   Data          16  stm324xg_eval.o(.constdata)
    BUTTON_CLK                               0x08005990   Data          12  stm324xg_eval.o(.constdata)
    Region$$Table$$Base                      0x0800599c   Number         0  anon$$obj.o(Region$$Table)
    Region$$Table$$Limit                     0x080059bc   Number         0  anon$$obj.o(Region$$Table)
    USR_cb                                   0x20000000   Data          28  usbd_usr.o(.data)
    linecoding                               0x2000001c   Data           8  usbd_cdc_vcp.o(.data)
    VCP_fops                                 0x20000024   Data          20  usbd_cdc_vcp.o(.data)
    USR_desc                                 0x20000038   Data          28  usbd_desc.o(.data)
    USBD_LangIDDesc                          0x20000054   Data           4  usbd_desc.o(.data)
    USBD_DeviceDesc                          0x20000058   Data          18  usbd_desc.o(.data)
    USBD_DeviceQualifierDesc                 0x2000006a   Data          10  usbd_desc.o(.data)
    USBD_ep_status                           0x20000078   Data           4  usbd_req.o(.data)
    USBD_default_cfg                         0x2000007c   Data           4  usbd_req.o(.data)
    USBD_cfg_status                          0x20000080   Data           4  usbd_req.o(.data)
    USBD_DCD_INT_cb                          0x20000084   Data          44  usbd_core.o(.data)
    USBD_DCD_INT_fops                        0x200000b0   Data           4  usbd_core.o(.data)
    SET_TEST_MODE                            0x200000b4   Data           4  usbd_core.o(.data)
    USB_Tx_State                             0x200000b8   Data           1  usbd_cdc_core.o(.data)
    APP_Rx_ptr_in                            0x200000c0   Data           4  usbd_cdc_core.o(.data)
    APP_Rx_ptr_out                           0x200000c4   Data           4  usbd_cdc_core.o(.data)
    APP_Rx_length                            0x200000c8   Data           4  usbd_cdc_core.o(.data)
    CmdBuff                                  0x200000d8   Data           8  usbd_cdc_core.o(.data)
    usbd_cdc_CfgDesc                         0x200000e0   Data          67  usbd_cdc_core.o(.data)
    usbd_cdc_OtherCfgDesc                    0x20000123   Data          67  usbd_cdc_core.o(.data)
    USBD_CDC_cb                              0x20000168   Data          48  usbd_cdc_core.o(.data)
    LCD_CacheBuffer_yptr_invert              0x20000198   Data           1  lcd_log.o(.data)
    LCD_ScrollActive                         0x20000199   Data           1  lcd_log.o(.data)
    LCD_Lock                                 0x2000019a   Data           1  lcd_log.o(.data)
    LCD_Scrolled                             0x2000019b   Data           1  lcd_log.o(.data)
    LCD_LineColor                            0x2000019c   Data           2  lcd_log.o(.data)
    LCD_CacheBuffer_xptr                     0x2000019e   Data           2  lcd_log.o(.data)
    LCD_CacheBuffer_yptr_top                 0x200001a0   Data           2  lcd_log.o(.data)
    LCD_CacheBuffer_yptr_bottom              0x200001a2   Data           2  lcd_log.o(.data)
    LCD_CacheBuffer_yptr_top_bak             0x200001a4   Data           2  lcd_log.o(.data)
    LCD_CacheBuffer_yptr_bottom_bak          0x200001a6   Data           2  lcd_log.o(.data)
    LCD_ScrollBackStep                       0x200001a8   Data           2  lcd_log.o(.data)
    TextColor                                0x200001bc   Data           2  stm324xg_eval_lcd.o(.data)
    BackColor                                0x200001be   Data           2  stm324xg_eval_lcd.o(.data)
    Font16x24                                0x200001c4   Data           8  stm324xg_eval_lcd.o(.data)
    Font12x12                                0x200001cc   Data           8  stm324xg_eval_lcd.o(.data)
    Font8x12                                 0x200001d4   Data           8  stm324xg_eval_lcd.o(.data)
    COM_USART                                0x200001dc   Data           4  stm324xg_eval.o(.data)
    COM_TX_PORT                              0x200001e0   Data           4  stm324xg_eval.o(.data)
    COM_RX_PORT                              0x200001e4   Data           4  stm324xg_eval.o(.data)
    NVIC_InitStructure                       0x200001e8   Data           4  stm324xg_eval.o(.data)
    GPIO_PORT                                0x200001ec   Data          16  stm324xg_eval.o(.data)
    BUTTON_PORT                              0x200001fc   Data          12  stm324xg_eval.o(.data)
    __stdout                                 0x20000208   Data           4  stdout.o(.data)
    USB_OTG_dev                              0x2000020c   Data        1524  app.o(.bss)
    USART_InitStructure                      0x20000800   Data          16  usbd_cdc_vcp.o(.bss)
    USBD_StrDesc                             0x20000810   Data         255  usbd_req.o(.bss)
    USB_Rx_Buffer                            0x2000090f   Data         512  usbd_cdc_core.o(.bss)
    APP_Rx_Buffer                            0x20000b0f   Data        2048  usbd_cdc_core.o(.bss)
    LCD_CacheBuffer                          0x20001310   Data         468  lcd_log.o(.bss)
    __initial_sp                             0x200018e8   Data           0  startup_stm32f4xx.o(STACK)



==============================================================================

Memory Map of the image

  Image Entry point : 0x08000189

  Load Region LR_IROM1 (Base: 0x08000000, Size: 0x00005bc8, Max: 0x00100000, ABSOLUTE, COMPRESSED[0x00005af8])

    Execution Region ER_IROM1 (Base: 0x08000000, Size: 0x000059bc, Max: 0x00100000, ABSOLUTE)

    Base Addr    Size         Type   Attr      Idx    E Section Name        Object

    0x08000000   0x00000188   Data   RO         1318    RESET               startup_stm32f4xx.o
    0x08000188   0x00000000   Code   RO         3709  * .ARM.Collect$$$$00000000  mc_w.l(entry.o)
    0x08000188   0x00000004   Code   RO         3980    .ARM.Collect$$$$00000001  mc_w.l(entry2.o)
    0x0800018c   0x00000004   Code   RO         3983    .ARM.Collect$$$$00000004  mc_w.l(entry5.o)
    0x08000190   0x00000000   Code   RO         3985    .ARM.Collect$$$$00000008  mc_w.l(entry7b.o)
    0x08000190   0x00000000   Code   RO         3987    .ARM.Collect$$$$0000000A  mc_w.l(entry8b.o)
    0x08000190   0x00000008   Code   RO         3988    .ARM.Collect$$$$0000000B  mc_w.l(entry9a.o)
    0x08000198   0x00000000   Code   RO         3990    .ARM.Collect$$$$0000000D  mc_w.l(entry10a.o)
    0x08000198   0x00000000   Code   RO         3992    .ARM.Collect$$$$0000000F  mc_w.l(entry11a.o)
    0x08000198   0x00000004   Code   RO         3981    .ARM.Collect$$$$00002712  mc_w.l(entry2.o)
    0x0800019c   0x00000024   Code   RO         1319    .text               startup_stm32f4xx.o
    0x080001c0   0x00000024   Code   RO         4010    .text               mc_w.l(init.o)
    0x080001e4   0x0000005c   Code   RO         4026    .text               mc_w.l(__dczerorl2.o)
    0x08000240   0x00000002   Code   RO          409    i.BusFault_Handler  stm32fxxx_it.o
    0x08000242   0x0000002c   Code   RO          863    i.DCD_EP_Close      usb_dcd.o
    0x0800026e   0x00000038   Code   RO          864    i.DCD_EP_ClrStall   usb_dcd.o
    0x080002a6   0x0000003c   Code   RO          866    i.DCD_EP_Open       usb_dcd.o
    0x080002e2   0x0000003a   Code   RO          867    i.DCD_EP_PrepareRx  usb_dcd.o
    0x0800031c   0x00000010   Code   RO          868    i.DCD_EP_SetAddress  usb_dcd.o
    0x0800032c   0x00000038   Code   RO          869    i.DCD_EP_Stall      usb_dcd.o
    0x08000364   0x00000036   Code   RO          870    i.DCD_EP_Tx         usb_dcd.o
    0x0800039a   0x00000002   PAD
    0x0800039c   0x000000cc   Code   RO          573    i.DCD_HandleInEP_ISR  usb_dcd_int.o
    0x08000468   0x000000ac   Code   RO          574    i.DCD_HandleOutEP_ISR  usb_dcd_int.o
    0x08000514   0x0000007c   Code   RO          575    i.DCD_HandleRxStatusQueueLevel_ISR  usb_dcd_int.o
    0x08000590   0x00000070   Code   RO          576    i.DCD_HandleUSBSuspend_ISR  usb_dcd_int.o
    0x08000600   0x00000090   Code   RO          577    i.DCD_HandleUsbReset_ISR  usb_dcd_int.o
    0x08000690   0x0000008a   Code   RO          872    i.DCD_Init          usb_dcd.o
    0x0800071a   0x0000007a   Code   RO          578    i.DCD_WriteEmptyTxFifo  usb_dcd_int.o
    0x08000794   0x00000002   Code   RO          410    i.DebugMon_Handler  stm32fxxx_it.o
    0x08000796   0x00000002   PAD
    0x08000798   0x0000000c   Code   RO         2087    i.EXTI_ClearITPendingBit  stm32f4xx_exti.o
    0x080007a4   0x00000020   Code   RO         2353    i.FSMC_NORSRAMCmd   stm32f4xx_fsmc.o
    0x080007c4   0x000000c0   Code   RO         2355    i.FSMC_NORSRAMInit  stm32f4xx_fsmc.o
    0x08000884   0x000000a2   Code   RO         2471    i.GPIO_Init         stm32f4xx_gpio.o
    0x08000926   0x00000020   Code   RO         2472    i.GPIO_PinAFConfig  stm32f4xx_gpio.o
    0x08000946   0x00000002   PAD
    0x08000948   0x0000006c   Code   RO         1183    i.Handle_USBAsynchXfer  usbd_cdc_core.o
    0x080009b4   0x00000002   Code   RO          411    i.HardFault_Handler  stm32fxxx_it.o
    0x080009b6   0x00000026   Code   RO         3146    i.LCD_Clear         stm324xg_eval_lcd.o
    0x080009dc   0x00000030   Code   RO         3147    i.LCD_ClearLine     stm324xg_eval_lcd.o
    0x08000a0c   0x00000134   Code   RO         3150    i.LCD_CtrlLinesConfig  stm324xg_eval_lcd.o
    0x08000b40   0x00000020   Code   RO         3152    i.LCD_DisplayChar   stm324xg_eval_lcd.o
    0x08000b60   0x00000038   Code   RO         3155    i.LCD_DisplayStringLine  stm324xg_eval_lcd.o
    0x08000b98   0x0000007c   Code   RO         3156    i.LCD_DrawChar      stm324xg_eval_lcd.o
    0x08000c14   0x00000058   Code   RO         3164    i.LCD_FSMCConfig    stm324xg_eval_lcd.o
    0x08000c6c   0x0000000c   Code   RO         3167    i.LCD_GetFont       stm324xg_eval_lcd.o
    0x08000c78   0x00000028   Code   RO         1257    i.LCD_LOG_DeInit    lcd_log.o
    0x08000ca0   0x00000010   Code   RO         1258    i.LCD_LOG_Init      lcd_log.o
    0x08000cb0   0x00000064   Code   RO         1259    i.LCD_LOG_SetFooter  lcd_log.o
    0x08000d14   0x00000090   Code   RO         1260    i.LCD_LOG_SetHeader  lcd_log.o
    0x08000da4   0x000000a0   Code   RO         1261    i.LCD_LOG_UpdateDisplay  lcd_log.o
    0x08000e44   0x0000000a   Code   RO         3173    i.LCD_ReadReg       stm324xg_eval_lcd.o
    0x08000e4e   0x00000002   PAD
    0x08000e50   0x00000010   Code   RO         3174    i.LCD_SetBackColor  stm324xg_eval_lcd.o
    0x08000e60   0x00000018   Code   RO         3176    i.LCD_SetCursor     stm324xg_eval_lcd.o
    0x08000e78   0x0000000c   Code   RO         3178    i.LCD_SetFont       stm324xg_eval_lcd.o
    0x08000e84   0x00000010   Code   RO         3179    i.LCD_SetTextColor  stm324xg_eval_lcd.o
    0x08000e94   0x0000000a   Code   RO         3184    i.LCD_WriteReg      stm324xg_eval_lcd.o
    0x08000e9e   0x00000002   Code   RO          412    i.MemManage_Handler  stm32fxxx_it.o
    0x08000ea0   0x00000002   Code   RO          413    i.NMI_Handler       stm32fxxx_it.o
    0x08000ea2   0x00000002   PAD
    0x08000ea4   0x00000064   Code   RO          306    i.NVIC_Init         misc.o
    0x08000f08   0x00000014   Code   RO          307    i.NVIC_PriorityGroupConfig  misc.o
    0x08000f1c   0x0000000c   Code   RO          414    i.OTG_HS_EP1_IN_IRQHandler  stm32fxxx_it.o
    0x08000f28   0x0000000c   Code   RO          415    i.OTG_HS_EP1_OUT_IRQHandler  stm32fxxx_it.o
    0x08000f34   0x0000000c   Code   RO          416    i.OTG_HS_IRQHandler  stm32fxxx_it.o
    0x08000f40   0x00000030   Code   RO          417    i.OTG_HS_WKUP_IRQHandler  stm32fxxx_it.o
    0x08000f70   0x00000002   Code   RO          418    i.PendSV_Handler    stm32fxxx_it.o
    0x08000f72   0x00000002   PAD
    0x08000f74   0x00000018   Code   RO         2866    i.RCC_AHB1PeriphClockCmd  stm32f4xx_rcc.o
    0x08000f8c   0x00000018   Code   RO         2872    i.RCC_AHB3PeriphClockCmd  stm32f4xx_rcc.o
    0x08000fa4   0x00000018   Code   RO         2875    i.RCC_APB1PeriphClockCmd  stm32f4xx_rcc.o
    0x08000fbc   0x00000094   Code   RO         2887    i.RCC_GetClocksFreq  stm32f4xx_rcc.o
    0x08001050   0x00000410   Code   RO         3186    i.STM324xG_LCD_Init  stm324xg_eval_lcd.o
    0x08001460   0x000000c0   Code   RO         3421    i.STM_EVAL_COMInit  stm324xg_eval.o
    0x08001520   0x00000048   Code   RO         3422    i.STM_EVAL_LEDInit  stm324xg_eval.o
    0x08001568   0x0000001c   Code   RO         3425    i.STM_EVAL_LEDToggle  stm324xg_eval.o
    0x08001584   0x00000002   Code   RO          419    i.SVC_Handler       stm32fxxx_it.o
    0x08001586   0x00000002   PAD
    0x08001588   0x000000b4   Code   RO         1325    i.SetSysClock       system_stm32f4xx.o
    0x0800163c   0x00000016   Code   RO          420    i.SysTick_Handler   stm32fxxx_it.o
    0x08001652   0x00000002   PAD
    0x08001654   0x0000005c   Code   RO         1327    i.SystemInit        system_stm32f4xx.o
    0x080016b0   0x00000034   Code   RO          350    i.USART3_IRQHandler  usbd_cdc_vcp.o
    0x080016e4   0x00000014   Code   RO         1774    i.USART_Cmd         stm32f4xx_usart.o
    0x080016f8   0x0000000e   Code   RO         1777    i.USART_GetFlagStatus  stm32f4xx_usart.o
    0x08001706   0x0000003e   Code   RO         1778    i.USART_GetITStatus  stm32f4xx_usart.o
    0x08001744   0x00000030   Code   RO         1780    i.USART_ITConfig    stm32f4xx_usart.o
    0x08001774   0x000000b8   Code   RO         1781    i.USART_Init        stm32f4xx_usart.o
    0x0800182c   0x00000008   Code   RO         1788    i.USART_ReceiveData  stm32f4xx_usart.o
    0x08001834   0x00000008   Code   RO         1791    i.USART_SendData    stm32f4xx_usart.o
    0x0800183c   0x0000000e   Code   RO         1026    i.USBD_ClrCfg       usbd_core.o
    0x0800184a   0x00000012   Code   RO         1127    i.USBD_CtlContinueRx  usbd_ioreq.o
    0x0800185c   0x00000012   Code   RO         1128    i.USBD_CtlContinueSendData  usbd_ioreq.o
    0x0800186e   0x0000001c   Code   RO          953    i.USBD_CtlError     usbd_req.o
    0x0800188a   0x00000020   Code   RO         1129    i.USBD_CtlPrepareRx  usbd_ioreq.o
    0x080018aa   0x00000022   Code   RO         1130    i.USBD_CtlReceiveStatus  usbd_ioreq.o
    0x080018cc   0x00000020   Code   RO         1131    i.USBD_CtlSendData  usbd_ioreq.o
    0x080018ec   0x00000022   Code   RO         1132    i.USBD_CtlSendStatus  usbd_ioreq.o
    0x0800190e   0x00000002   PAD
    0x08001910   0x000000b0   Code   RO         1027    i.USBD_DataInStage  usbd_core.o
    0x080019c0   0x00000078   Code   RO         1028    i.USBD_DataOutStage  usbd_core.o
    0x08001a38   0x00000016   Code   RO         1030    i.USBD_DevConnected  usbd_core.o
    0x08001a4e   0x00000020   Code   RO         1031    i.USBD_DevDisconnected  usbd_core.o
    0x08001a6e   0x00000002   PAD
    0x08001a70   0x00000128   Code   RO          954    i.USBD_GetDescriptor  usbd_req.o
    0x08001b98   0x00000046   Code   RO          955    i.USBD_GetString    usbd_req.o
    0x08001bde   0x00000036   Code   RO         1032    i.USBD_Init         usbd_core.o
    0x08001c14   0x0000000e   Code   RO         1033    i.USBD_IsoINIncomplete  usbd_core.o
    0x08001c22   0x0000000e   Code   RO         1034    i.USBD_IsoOUTIncomplete  usbd_core.o
    0x08001c30   0x00000078   Code   RO          579    i.USBD_OTG_EP1IN_ISR_Handler  usb_dcd_int.o
    0x08001ca8   0x00000050   Code   RO          580    i.USBD_OTG_EP1OUT_ISR_Handler  usb_dcd_int.o
    0x08001cf8   0x00000178   Code   RO          581    i.USBD_OTG_ISR_Handler  usb_dcd_int.o
    0x08001e70   0x00000044   Code   RO          956    i.USBD_ParseSetupRequest  usbd_req.o
    0x08001eb4   0x0000002e   Code   RO         1035    i.USBD_Reset        usbd_core.o
    0x08001ee2   0x00000016   Code   RO         1036    i.USBD_Resume       usbd_core.o
    0x08001ef8   0x00000010   Code   RO         1037    i.USBD_SOF          usbd_core.o
    0x08001f08   0x0000001a   Code   RO         1038    i.USBD_SetCfg       usbd_core.o
    0x08001f22   0x00000002   PAD
    0x08001f24   0x00000074   Code   RO          957    i.USBD_SetConfig    usbd_req.o
    0x08001f98   0x0000007c   Code   RO          958    i.USBD_SetFeature   usbd_req.o
    0x08002014   0x00000048   Code   RO         1039    i.USBD_SetupStage   usbd_core.o
    0x0800205c   0x000000f0   Code   RO          959    i.USBD_StdDevReq    usbd_req.o
    0x0800214c   0x000000d4   Code   RO          960    i.USBD_StdEPReq     usbd_req.o
    0x08002220   0x00000036   Code   RO          961    i.USBD_StdItfReq    usbd_req.o
    0x08002256   0x0000001a   Code   RO         1040    i.USBD_Suspend      usbd_core.o
    0x08002270   0x00000020   Code   RO          505    i.USBD_USR_ConfigStrDescriptor  usbd_desc.o
    0x08002290   0x00000034   Code   RO          232    i.USBD_USR_DeviceConfigured  usbd_usr.o
    0x080022c4   0x00000030   Code   RO          233    i.USBD_USR_DeviceConnected  usbd_usr.o
    0x080022f4   0x0000000c   Code   RO          506    i.USBD_USR_DeviceDescriptor  usbd_desc.o
    0x08002300   0x00000030   Code   RO          234    i.USBD_USR_DeviceDisconnected  usbd_usr.o
    0x08002330   0x00000080   Code   RO          235    i.USBD_USR_DeviceReset  usbd_usr.o
    0x080023b0   0x00000030   Code   RO          236    i.USBD_USR_DeviceResumed  usbd_usr.o
    0x080023e0   0x00000034   Code   RO          237    i.USBD_USR_DeviceSuspended  usbd_usr.o
    0x08002414   0x0000009c   Code   RO          238    i.USBD_USR_Init     usbd_usr.o
    0x080024b0   0x00000024   Code   RO          507    i.USBD_USR_InterfaceStrDescriptor  usbd_desc.o
    0x080024d4   0x0000000c   Code   RO          508    i.USBD_USR_LangIDStrDescriptor  usbd_desc.o
    0x080024e0   0x00000028   Code   RO          509    i.USBD_USR_ManufacturerStrDescriptor  usbd_desc.o
    0x08002508   0x00000064   Code   RO          510    i.USBD_USR_ProductStrDescriptor  usbd_desc.o
    0x0800256c   0x0000003c   Code   RO          511    i.USBD_USR_SerialStrDescriptor  usbd_desc.o
    0x080025a8   0x0000000c   Code   RO         1184    i.USBD_cdc_GetCfgDesc  usbd_cdc_core.o
    0x080025b4   0x0000000c   Code   RO         1185    i.USBD_cdc_GetOtherCfgDesc  usbd_cdc_core.o
    0x080025c0   0x00000068   Code   RO          191    i.USB_OTG_BSP_EnableInterrupt  usb_bsp.o
    0x08002628   0x00000148   Code   RO          192    i.USB_OTG_BSP_Init  usb_bsp.o
    0x08002770   0x0000000a   Code   RO          193    i.USB_OTG_BSP_mDelay  usb_bsp.o
    0x0800277a   0x00000016   Code   RO          194    i.USB_OTG_BSP_uDelay  usb_bsp.o
    0x08002790   0x00000080   Code   RO          640    i.USB_OTG_CoreInit  usb_core.o
    0x08002810   0x00000160   Code   RO          641    i.USB_OTG_CoreInitDev  usb_core.o
    0x08002970   0x00000058   Code   RO          642    i.USB_OTG_CoreReset  usb_core.o
    0x080029c8   0x00000010   Code   RO          643    i.USB_OTG_DisableGlobalInt  usb_core.o
    0x080029d8   0x0000003a   Code   RO          644    i.USB_OTG_EP0Activate  usb_core.o
    0x08002a12   0x00000002   PAD
    0x08002a14   0x000000b6   Code   RO          645    i.USB_OTG_EP0StartXfer  usb_core.o
    0x08002aca   0x00000002   PAD
    0x08002acc   0x00000024   Code   RO          646    i.USB_OTG_EP0_OutStart  usb_core.o
    0x08002af0   0x00000068   Code   RO          647    i.USB_OTG_EPActivate  usb_core.o
    0x08002b58   0x00000032   Code   RO          648    i.USB_OTG_EPClearStall  usb_core.o
    0x08002b8a   0x0000004e   Code   RO          649    i.USB_OTG_EPDeactivate  usb_core.o
    0x08002bd8   0x00000030   Code   RO          650    i.USB_OTG_EPSetStall  usb_core.o
    0x08002c08   0x00000122   Code   RO          651    i.USB_OTG_EPStartXfer  usb_core.o
    0x08002d2a   0x00000002   PAD
    0x08002d2c   0x00000050   Code   RO          652    i.USB_OTG_EnableDevInt  usb_core.o
    0x08002d7c   0x00000010   Code   RO          653    i.USB_OTG_EnableGlobalInt  usb_core.o
    0x08002d8c   0x00000038   Code   RO          654    i.USB_OTG_FlushRxFifo  usb_core.o
    0x08002dc4   0x00000040   Code   RO          655    i.USB_OTG_FlushTxFifo  usb_core.o
    0x08002e04   0x00000026   Code   RO          656    i.USB_OTG_GetDeviceSpeed  usb_core.o
    0x08002e2a   0x0000000c   Code   RO          659    i.USB_OTG_InitDevSpeed  usb_core.o
    0x08002e36   0x00000012   Code   RO          660    i.USB_OTG_IsDeviceMode  usb_core.o
    0x08002e48   0x0000000a   Code   RO          662    i.USB_OTG_ReadCoreItr  usb_core.o
    0x08002e52   0x0000000c   Code   RO          663    i.USB_OTG_ReadDevAllInEPItr  usb_core.o
    0x08002e5e   0x0000000c   Code   RO          664    i.USB_OTG_ReadDevAllOutEp_itr  usb_core.o
    0x08002e6a   0x00000010   Code   RO          665    i.USB_OTG_ReadDevOutEP_itr  usb_core.o
    0x08002e7a   0x00000020   Code   RO          667    i.USB_OTG_ReadPacket  usb_core.o
    0x08002e9a   0x00000002   PAD
    0x08002e9c   0x000000c4   Code   RO          668    i.USB_OTG_SelectCore  usb_core.o
    0x08002f60   0x0000002a   Code   RO          669    i.USB_OTG_SetCurrentMode  usb_core.o
    0x08002f8a   0x0000001e   Code   RO          672    i.USB_OTG_UngateClock  usb_core.o
    0x08002fa8   0x00000028   Code   RO          673    i.USB_OTG_WritePacket  usb_core.o
    0x08002fd0   0x00000002   Code   RO          421    i.UsageFault_Handler  stm32fxxx_it.o
    0x08002fd2   0x00000002   PAD
    0x08002fd4   0x000000b0   Code   RO          351    i.VCP_COMConfig     usbd_cdc_vcp.o
    0x08003084   0x0000005c   Code   RO          352    i.VCP_Ctrl          usbd_cdc_vcp.o
    0x080030e0   0x00000034   Code   RO          353    i.VCP_DataRx        usbd_cdc_vcp.o
    0x08003114   0x0000004c   Code   RO          354    i.VCP_DataTx        usbd_cdc_vcp.o
    0x08003160   0x00000004   Code   RO          355    i.VCP_DeInit        usbd_cdc_vcp.o
    0x08003164   0x00000058   Code   RO          356    i.VCP_Init          usbd_cdc_vcp.o
    0x080031bc   0x00000010   Code   RO         3713    i.__0printf$bare    mc_w.l(printfb.o)
    0x080031cc   0x0000000e   Code   RO         4020    i.__scatterload_copy  mc_w.l(handlers.o)
    0x080031da   0x00000002   Code   RO         4021    i.__scatterload_null  mc_w.l(handlers.o)
    0x080031dc   0x0000000e   Code   RO         4022    i.__scatterload_zeroinit  mc_w.l(handlers.o)
    0x080031ea   0x00000022   Code   RO         3720    i._printf_core      mc_w.l(printfb.o)
    0x0800320c   0x0000001c   Code   RO         3187    i.delay             stm324xg_eval_lcd.o
    0x08003228   0x000000fc   Code   RO         1262    i.fputc             lcd_log.o
    0x08003324   0x00000050   Code   RO            3    i.main              app.o
    0x08003374   0x00000050   Code   RO         1186    i.usbd_cdc_DataIn   usbd_cdc_core.o
    0x080033c4   0x00000034   Code   RO         1187    i.usbd_cdc_DataOut  usbd_cdc_core.o
    0x080033f8   0x00000028   Code   RO         1188    i.usbd_cdc_DeInit   usbd_cdc_core.o
    0x08003420   0x00000028   Code   RO         1189    i.usbd_cdc_EP0_RxReady  usbd_cdc_core.o
    0x08003448   0x00000054   Code   RO         1190    i.usbd_cdc_Init     usbd_cdc_core.o
    0x0800349c   0x00000020   Code   RO         1191    i.usbd_cdc_SOF      usbd_cdc_core.o
    0x080034bc   0x000000b4   Code   RO         1192    i.usbd_cdc_Setup    usbd_cdc_core.o
    0x08003570   0x000011d0   Data   RO         3188    .constdata          stm324xg_eval_lcd.o
    0x08004740   0x00000900   Data   RO         3189    .constdata          stm324xg_eval_lcd.o
    0x08005040   0x00000900   Data   RO         3190    .constdata          stm324xg_eval_lcd.o
    0x08005940   0x0000005c   Data   RO         3432    .constdata          stm324xg_eval.o
    0x0800599c   0x00000020   Data   RO         4018    Region$$Table       anon$$obj.o


    Execution Region RW_IRAM1 (Base: 0x20000000, Size: 0x000018e8, Max: 0x00020000, ABSOLUTE, COMPRESSED[0x0000013c])

    Base Addr    Size         Type   Attr      Idx    E Section Name        Object

    0x20000000   0x0000001c   Data   RW          239    .data               usbd_usr.o
    0x2000001c   0x00000008   Data   RW          358    .data               usbd_cdc_vcp.o
    0x20000024   0x00000014   Data   RW          359    .data               usbd_cdc_vcp.o
    0x20000038   0x0000001c   Data   RW          512    .data               usbd_desc.o
    0x20000054   0x00000016   Data   RW          513    .data               usbd_desc.o
    0x2000006a   0x0000000a   Data   RW          514    .data               usbd_desc.o
    0x20000074   0x00000010   Data   RW          963    .data               usbd_req.o
    0x20000084   0x0000002c   Data   RW         1041    .data               usbd_core.o
    0x200000b0   0x00000004   Data   RW         1042    .data               usbd_core.o
    0x200000b4   0x00000004   Data   RW         1043    .data               usbd_core.o
    0x200000b8   0x000000ae   Data   RW         1194    .data               usbd_cdc_core.o
    0x20000166   0x00000002   PAD
    0x20000168   0x00000030   Data   RW         1195    .data               usbd_cdc_core.o
    0x20000198   0x00000012   Data   RW         1264    .data               lcd_log.o
    0x200001aa   0x00000010   Data   RW         2910    .data               stm32f4xx_rcc.o
    0x200001ba   0x00000002   PAD
    0x200001bc   0x00000010   Data   RW         3192    .data               stm324xg_eval_lcd.o
    0x200001cc   0x00000008   Data   RW         3193    .data               stm324xg_eval_lcd.o
    0x200001d4   0x00000008   Data   RW         3194    .data               stm324xg_eval_lcd.o
    0x200001dc   0x0000002c   Data   RW         3433    .data               stm324xg_eval.o
    0x20000208   0x00000004   Data   RW         3994    .data               mc_w.l(stdout.o)
    0x2000020c   0x000005f4   Zero   RW            4    .bss                app.o
    0x20000800   0x00000010   Zero   RW          357    .bss                usbd_cdc_vcp.o
    0x20000810   0x000000ff   Zero   RW          962    .bss                usbd_req.o
    0x2000090f   0x00000a00   Zero   RW         1193    .bss                usbd_cdc_core.o
    0x2000130f   0x00000001   PAD
    0x20001310   0x000001d4   Zero   RW         1263    .bss                lcd_log.o
    0x200014e4   0x00000004   PAD
    0x200014e8   0x00000400   Zero   RW         1316    STACK               startup_stm32f4xx.o


==============================================================================

Image component sizes


      Code (inc. data)   RO Data    RW Data    ZI Data      Debug   Object Name

        80         16          0          0       1524     287926   app.o
       712         32          0         18        468       6533   lcd_log.o
       120         18          0          0          0       1799   misc.o
        36          8        392          0       1024        972   startup_stm32f4xx.o
       292         26         92         44          0       4163   stm324xg_eval.o
      1862         66       9168         32          0      14314   stm324xg_eval_lcd.o
        12          6          0          0          0        625   stm32f4xx_exti.o
       224          4          0          0          0       2173   stm32f4xx_fsmc.o
       194          0          0          0          0       1975   stm32f4xx_gpio.o
       220         34          0         16          0       4895   stm32f4xx_rcc.o
       344         10          0          0          0       5881   stm32f4xx_usart.o
       122         26          0          0          0       6578   stm32fxxx_it.o
       272         36          0          0          0       1673   system_stm32f4xx.o
       464         20          0          0          0       2819   usb_bsp.o
      2104         26          0          0          0      21784   usb_core.o
       482          0          0          0          0       6048   usb_dcd.o
      1454         52          0          0          0       9046   usb_dcd_int.o
       640         74          0        222       2560      10000   usbd_cdc_core.o
       540         56          0         28         16       5424   usbd_cdc_vcp.o
       654          4          0         52          0      11394   usbd_core.o
       292        180          0         60          0       5628   usbd_desc.o
       168          0          0          0          0       4656   usbd_ioreq.o
      1208         52          0         16        255       8417   usbd_req.o
       532        378          0         28          0       5061   usbd_usr.o

    ----------------------------------------------------------------------
     13060       1124       9684        520       5852     429784   Object Totals
         0          0         32          0          0          0   (incl. Generated)
        32          0          0          4          5          0   (incl. Padding)

    ----------------------------------------------------------------------

      Code (inc. data)   RO Data    RW Data    ZI Data      Debug   Library Member Name

        92          0          0          0          0          0   __dczerorl2.o
         0          0          0          0          0          0   entry.o
         0          0          0          0          0          0   entry10a.o
         0          0          0          0          0          0   entry11a.o
         8          4          0          0          0          0   entry2.o
         4          0          0          0          0          0   entry5.o
         0          0          0          0          0          0   entry7b.o
         0          0          0          0          0          0   entry8b.o
         8          4          0          0          0          0   entry9a.o
        30          0          0          0          0          0   handlers.o
        36          8          0          0          0         68   init.o
        50          8          0          0          0        152   printfb.o
         0          0          0          4          0          0   stdout.o

    ----------------------------------------------------------------------
       228         24          0          4          0        220   Library Totals
         0          0          0          0          0          0   (incl. Padding)

    ----------------------------------------------------------------------

      Code (inc. data)   RO Data    RW Data    ZI Data      Debug   Library Name

       228         24          0          4          0        220   mc_w.l

    ----------------------------------------------------------------------
       228         24          0          4          0        220   Library Totals

    ----------------------------------------------------------------------

==============================================================================


      Code (inc. data)   RO Data    RW Data    ZI Data      Debug   

     13288       1148       9684        524       5852     414052   Grand Totals
     13288       1148       9684        316       5852     414052   ELF Image Totals (compressed)
     13288       1148       9684        316          0          0   ROM Totals

==============================================================================

    Total RO  Size (Code + RO Data)                22972 (  22.43kB)
    Total RW  Size (RW Data + ZI Data)              6376 (   6.23kB)
    Total ROM Size (Code + RO Data + RW Data)      23288 (  22.74kB)

==============================================================================

