<html>
<body>
<pre>
<h1>µVision Build Log</h1>
<h2>Project:</h2>
C:\Users\drmoore\Documents\PEGMA\Firmware\lib\STM32_USB-Host-Device_Lib_V2.1.0\Project\USB_Device_Examples\VCP\MDK-ARM\usbd_vcp.uvproj
Project File Date:  11/18/2014

<h2>Output:</h2>
Rebuild target 'STM324xG-EVAL_USBD-HS'
compiling app.c...
compiling usb_bsp.c...
compiling usbd_usr.c...
compiling misc.c...
compiling usbd_cdc_vcp.c...
compiling stm32fxxx_it.c...
compiling usbd_desc.c...
compiling usb_dcd_int.c...
compiling usb_core.c...
compiling usb_dcd.c...
compiling usbd_req.c...
compiling usbd_core.c...
compiling usbd_ioreq.c...
compiling usbd_cdc_core.c...
compiling lcd_log.c...
assembling startup_stm32f4xx.s...
compiling system_stm32f4xx.c...
compiling stm32f4xx_sdio.c...
compiling stm32f4xx_spi.c...
compiling stm32f4xx_syscfg.c...
compiling stm32f4xx_usart.c...
compiling stm32f4xx_dma.c...
compiling stm32f4xx_exti.c...
compiling stm32f4xx_flash.c...
compiling stm32f4xx_fsmc.c...
compiling stm32f4xx_gpio.c...
compiling stm32f4xx_i2c.c...
compiling stm32f4xx_pwr.c...
compiling stm32f4xx_rcc.c...
compiling stm324xg_eval_lcd.c...
compiling stm324xg_eval.c...
compiling stm324xg_eval_ioe.c...
linking...
Program Size: Code=13288 RO-data=9684 RW-data=524 ZI-data=5852  
".\STM324xG-EVAL\STM324xG-EVAL_HS.axf" - 0 Error(s), 0 Warning(s).
